Archive member included because of file (symbol)

c:/altera/13.0sp1/nios2eds/bin/gnu/h-i686-mingw32/bin/../lib/gcc/nios2-elf/4.1.2/../../../../nios2-elf/lib\libc.a(lib_a-puts.o)
                              obj/default/hello_world.o (puts)
c:/altera/13.0sp1/nios2eds/bin/gnu/h-i686-mingw32/bin/../lib/gcc/nios2-elf/4.1.2/../../../../nios2-elf/lib\libc.a(lib_a-strlen.o)
                              obj/default/hello_world.o (strlen)
c:/altera/13.0sp1/nios2eds/bin/gnu/h-i686-mingw32/bin/../lib/gcc/nios2-elf/4.1.2/../../../../nios2-elf/lib\libc.a(lib_a-fvwrite.o)
                              c:/altera/13.0sp1/nios2eds/bin/gnu/h-i686-mingw32/bin/../lib/gcc/nios2-elf/4.1.2/../../../../nios2-elf/lib\libc.a(lib_a-puts.o) (__sfvwrite_r)
c:/altera/13.0sp1/nios2eds/bin/gnu/h-i686-mingw32/bin/../lib/gcc/nios2-elf/4.1.2/../../../../nios2-elf/lib\libc.a(lib_a-impure.o)
                              c:/altera/13.0sp1/nios2eds/bin/gnu/h-i686-mingw32/bin/../lib/gcc/nios2-elf/4.1.2/../../../../nios2-elf/lib\libc.a(lib_a-puts.o) (_impure_ptr)
c:/altera/13.0sp1/nios2eds/bin/gnu/h-i686-mingw32/bin/../lib/gcc/nios2-elf/4.1.2/../../../../nios2-elf/lib\libc.a(lib_a-mallocr.o)
                              c:/altera/13.0sp1/nios2eds/bin/gnu/h-i686-mingw32/bin/../lib/gcc/nios2-elf/4.1.2/../../../../nios2-elf/lib\libc.a(lib_a-fvwrite.o) (_malloc_r)
c:/altera/13.0sp1/nios2eds/bin/gnu/h-i686-mingw32/bin/../lib/gcc/nios2-elf/4.1.2/../../../../nios2-elf/lib\libc.a(lib_a-memchr.o)
                              c:/altera/13.0sp1/nios2eds/bin/gnu/h-i686-mingw32/bin/../lib/gcc/nios2-elf/4.1.2/../../../../nios2-elf/lib\libc.a(lib_a-fvwrite.o) (memchr)
c:/altera/13.0sp1/nios2eds/bin/gnu/h-i686-mingw32/bin/../lib/gcc/nios2-elf/4.1.2/../../../../nios2-elf/lib\libc.a(lib_a-memcpy.o)
                              c:/altera/13.0sp1/nios2eds/bin/gnu/h-i686-mingw32/bin/../lib/gcc/nios2-elf/4.1.2/../../../../nios2-elf/lib\libc.a(lib_a-fvwrite.o) (memcpy)
c:/altera/13.0sp1/nios2eds/bin/gnu/h-i686-mingw32/bin/../lib/gcc/nios2-elf/4.1.2/../../../../nios2-elf/lib\libc.a(lib_a-memmove.o)
                              c:/altera/13.0sp1/nios2eds/bin/gnu/h-i686-mingw32/bin/../lib/gcc/nios2-elf/4.1.2/../../../../nios2-elf/lib\libc.a(lib_a-fvwrite.o) (memmove)
c:/altera/13.0sp1/nios2eds/bin/gnu/h-i686-mingw32/bin/../lib/gcc/nios2-elf/4.1.2/../../../../nios2-elf/lib\libc.a(lib_a-reallocr.o)
                              c:/altera/13.0sp1/nios2eds/bin/gnu/h-i686-mingw32/bin/../lib/gcc/nios2-elf/4.1.2/../../../../nios2-elf/lib\libc.a(lib_a-fvwrite.o) (_realloc_r)
c:/altera/13.0sp1/nios2eds/bin/gnu/h-i686-mingw32/bin/../lib/gcc/nios2-elf/4.1.2/../../../../nios2-elf/lib\libc.a(lib_a-sbrkr.o)
                              c:/altera/13.0sp1/nios2eds/bin/gnu/h-i686-mingw32/bin/../lib/gcc/nios2-elf/4.1.2/../../../../nios2-elf/lib\libc.a(lib_a-mallocr.o) (_sbrk_r)
c:/altera/13.0sp1/nios2eds/bin/gnu/h-i686-mingw32/bin/../lib/gcc/nios2-elf/4.1.2/../../../../nios2-elf/lib\libc.a(lib_a-wsetup.o)
                              c:/altera/13.0sp1/nios2eds/bin/gnu/h-i686-mingw32/bin/../lib/gcc/nios2-elf/4.1.2/../../../../nios2-elf/lib\libc.a(lib_a-fvwrite.o) (__swsetup_r)
c:/altera/13.0sp1/nios2eds/bin/gnu/h-i686-mingw32/bin/../lib/gcc/nios2-elf/4.1.2/../../../../nios2-elf/lib\libc.a(lib_a-fflush.o)
                              c:/altera/13.0sp1/nios2eds/bin/gnu/h-i686-mingw32/bin/../lib/gcc/nios2-elf/4.1.2/../../../../nios2-elf/lib\libc.a(lib_a-fvwrite.o) (_fflush_r)
c:/altera/13.0sp1/nios2eds/bin/gnu/h-i686-mingw32/bin/../lib/gcc/nios2-elf/4.1.2/../../../../nios2-elf/lib\libc.a(lib_a-findfp.o)
                              c:/altera/13.0sp1/nios2eds/bin/gnu/h-i686-mingw32/bin/../lib/gcc/nios2-elf/4.1.2/../../../../nios2-elf/lib\libc.a(lib_a-wsetup.o) (__sinit)
c:/altera/13.0sp1/nios2eds/bin/gnu/h-i686-mingw32/bin/../lib/gcc/nios2-elf/4.1.2/../../../../nios2-elf/lib\libc.a(lib_a-freer.o)
                              c:/altera/13.0sp1/nios2eds/bin/gnu/h-i686-mingw32/bin/../lib/gcc/nios2-elf/4.1.2/../../../../nios2-elf/lib\libc.a(lib_a-fvwrite.o) (_free_r)
c:/altera/13.0sp1/nios2eds/bin/gnu/h-i686-mingw32/bin/../lib/gcc/nios2-elf/4.1.2/../../../../nios2-elf/lib\libc.a(lib_a-fwalk.o)
                              c:/altera/13.0sp1/nios2eds/bin/gnu/h-i686-mingw32/bin/../lib/gcc/nios2-elf/4.1.2/../../../../nios2-elf/lib\libc.a(lib_a-fflush.o) (_fwalk_reent)
c:/altera/13.0sp1/nios2eds/bin/gnu/h-i686-mingw32/bin/../lib/gcc/nios2-elf/4.1.2/../../../../nios2-elf/lib\libc.a(lib_a-int_errno.o)
                              c:/altera/13.0sp1/nios2eds/bin/gnu/h-i686-mingw32/bin/../lib/gcc/nios2-elf/4.1.2/../../../../nios2-elf/lib\libc.a(lib_a-sbrkr.o) (errno)
c:/altera/13.0sp1/nios2eds/bin/gnu/h-i686-mingw32/bin/../lib/gcc/nios2-elf/4.1.2/../../../../nios2-elf/lib\libc.a(lib_a-makebuf.o)
                              c:/altera/13.0sp1/nios2eds/bin/gnu/h-i686-mingw32/bin/../lib/gcc/nios2-elf/4.1.2/../../../../nios2-elf/lib\libc.a(lib_a-wsetup.o) (__smakebuf_r)
[...]
Memory Configuration

Name             Origin             Length             Attributes
onchip_memory2_0 0x00000000         0x00001000
reset            0x01000000         0x00000020
new_sdram_controller_0 0x01000020         0x007fffe0
*default*        0x00000000         0xffffffff

Linker script and memory map

LOAD ../Wifi_bsp//obj/HAL/src/crt0.o
LOAD obj/default/hello_world.o
LOAD c:/altera/13.0sp1/nios2eds/bin/gnu/h-i686-mingw32/bin/../lib/gcc/nios2-elf/4.1.2/../../../../nios2-elf/lib\libstdc++.a
LOAD c:/altera/13.0sp1/nios2eds/bin/gnu/h-i686-mingw32/bin/../lib/gcc/nios2-elf/4.1.2/../../../../nios2-elf/lib\libm.a
LOAD c:/altera/13.0sp1/nios2eds/bin/gnu/h-i686-mingw32/bin/../lib/gcc/nios2-elf/4.1.2\libgcc.a
START GROUP
LOAD c:/altera/13.0sp1/nios2eds/bin/gnu/h-i686-mingw32/bin/../lib/gcc/nios2-elf/4.1.2/../../../../nios2-elf/lib\libc.a
LOAD c:/altera/13.0sp1/nios2eds/bin/gnu/h-i686-mingw32/bin/../lib/gcc/nios2-elf/4.1.2\libgcc.a
LOAD ../Wifi_bsp/\libhal_bsp.a
END GROUP
LOAD c:/altera/13.0sp1/nios2eds/bin/gnu/h-i686-mingw32/bin/../lib/gcc/nios2-elf/4.1.2\libgcc.a
                0x00000000                __alt_mem_onchip_memory2_0 = 0x0
                0x01000000                __alt_mem_new_sdram_controller_0 = 0x1000000

.entry          0x01000000       0x20
 *(.entry)
 .entry         0x01000000       0x20 ../Wifi_bsp//obj/HAL/src/crt0.o
                0x01000000                __reset

.exceptions     0x01000020      0x198
                0x01000020                PROVIDE (__ram_exceptions_start, ABSOLUTE (.))
                0x01000020                . = ALIGN (0x20)
 *(.irq)
 *(.exceptions.entry.label)
 .exceptions.entry.label
                0x01000020        0x0 ../Wifi_bsp/\libhal_bsp.a(alt_irq_entry.o)
                0x01000020                alt_irq_entry
 .exceptions.entry.label
                0x01000020        0x0 ../Wifi_bsp/\libhal_bsp.a(alt_exception_entry.o)
                0x01000020                alt_exception
 *(.exceptions.entry.user)
 *(.exceptions.entry)
 .exceptions.entry
                0x01000020       0x54 ../Wifi_bsp/\libhal_bsp.a(alt_exception_entry.o)
 *(.exceptions.irqtest.user)
 *(.exceptions.irqtest)
 .exceptions.irqtest
                0x01000074       0x10 ../Wifi_bsp/\libhal_bsp.a(alt_irq_entry.o)
 *(.exceptions.irqhandler.user)
 *(.exceptions.irqhandler)
 .exceptions.irqhandler
                0x01000084        0x4 ../Wifi_bsp/\libhal_bsp.a(alt_irq_entry.o)
 *(.exceptions.irqreturn.user)
 *(.exceptions.irqreturn)
 .exceptions.irqreturn
                0x01000088        0x4 ../Wifi_bsp/\libhal_bsp.a(alt_irq_entry.o)
 *(.exceptions.notirq.label)
 .exceptions.notirq.label
                0x0100008c        0x0 ../Wifi_bsp/\libhal_bsp.a(alt_irq_entry.o)
 *(.exceptions.notirq.user)
 *(.exceptions.notirq)
 .exceptions.notirq
                0x0100008c        0x8 ../Wifi_bsp/\libhal_bsp.a(alt_exception_entry.o)
 *(.exceptions.soft.user)
 *(.exceptions.soft)
 *(.exceptions.unknown.user)
 *(.exceptions.unknown)
 .exceptions.unknown
                0x01000094        0x4 ../Wifi_bsp/\libhal_bsp.a(alt_exception_entry.o)
 *(.exceptions.exit.label)
 .exceptions.exit.label
                0x01000098        0x0 ../Wifi_bsp/\libhal_bsp.a(alt_irq_entry.o)
 .exceptions.exit.label
                0x01000098        0x0 ../Wifi_bsp/\libhal_bsp.a(alt_exception_entry.o)
 *(.exceptions.exit.user)
 *(.exceptions.exit)
 .exceptions.exit
                0x01000098       0x54 ../Wifi_bsp/\libhal_bsp.a(alt_exception_entry.o)
 *(.exceptions)
 .exceptions    0x010000ec       0xcc ../Wifi_bsp/\libhal_bsp.a(alt_irq_handler.o)
                0x010000ec                alt_irq_handler
                0x010001b8                PROVIDE (__ram_exceptions_end, ABSOLUTE (.))
                0x01000020                PROVIDE (__flash_exceptions_start, LOADADDR (.exceptions))

.text           0x010001b8     0x60c8
                0x010001b8                PROVIDE (stext, ABSOLUTE (.))
 *(.interp)
 *(.hash)
 *(.dynsym)
 *(.dynstr)
 *(.gnu.version)
 *(.gnu.version_d)
 *(.gnu.version_r)
 *(.rel.init)
 *(.rela.init)
 *(.rel.text .rel.text.* .rel.gnu.linkonce.t.*)
 *(.rela.text .rela.text.* .rela.gnu.linkonce.t.*)
 *(.rel.fini)
 *(.rela.fini)
 *(.rel.rodata .rel.rodata.* .rel.gnu.linkonce.r.*)
 *(.rela.rodata .rela.rodata.* .rela.gnu.linkonce.r.*)
 *(.rel.data .rel.data.* .rel.gnu.linkonce.d.*)
 *(.rela.data .rela.data.* .rela.gnu.linkonce.d.*)
 *(.rel.tdata .rel.tdata.* .rel.gnu.linkonce.td.*)
 *(.rela.tdata .rela.tdata.* .rela.gnu.linkonce.td.*)
 *(.rel.tbss .rel.tbss.* .rel.gnu.linkonce.tb.*)
 *(.rela.tbss .rela.tbss.* .rela.gnu.linkonce.tb.*)
 *(.rel.ctors)
 *(.rela.ctors)
 *(.rel.dtors)
 *(.rela.dtors)
 *(.rel.got)
 *(.rela.got)
 *(.rel.sdata .rel.sdata.* .rel.gnu.linkonce.s.*)
 *(.rela.sdata .rela.sdata.* .rela.gnu.linkonce.s.*)
 *(.rel.sbss .rel.sbss.* .rel.gnu.linkonce.sb.*)
 *(.rela.sbss .rela.sbss.* .rela.gnu.linkonce.sb.*)
 *(.rel.sdata2 .rel.sdata2.* .rel.gnu.linkonce.s2.*)
 *(.rela.sdata2 .rela.sdata2.* .rela.gnu.linkonce.s2.*)
 *(.rel.sbss2 .rel.sbss2.* .rel.gnu.linkonce.sb2.*)
 *(.rela.sbss2 .rela.sbss2.* .rela.gnu.linkonce.sb2.*)
 *(.rel.bss .rel.bss.* .rel.gnu.linkonce.b.*)
 *(.rela.bss .rela.bss.* .rela.gnu.linkonce.b.*)
 *(.rel.plt)
 *(.rela.plt)
 *(.rel.dyn)
 *(.init)
 *(.plt)
 *(.text .stub .text.* .gnu.linkonce.t.*)
 .text          0x010001b8       0x4c ../Wifi_bsp//obj/HAL/src/crt0.o
                0x010001b8                _start
 .text          0x01000204      0x3ac obj/default/hello_world.o
                0x01000204                init
                0x01000254                putcharWifi
                0x010002a4                getcharWifi
                0x010002f0                getCommand
                0x010004dc                getResponse
                0x01000518                main
 .text          0x010005b0       0xb4 c:/altera/13.0sp1/nios2eds/bin/gnu/h-i686-mingw32/bin/../lib/gcc/nios2-elf/4.1.2/../../../../nios2-elf/lib\libc.a(lib_a-puts.o)
                0x010005b0                _puts_r
                0x01000650                puts
 .text          0x01000664       0x74 c:/altera/13.0sp1/nios2eds/bin/gnu/h-i686-mingw32/bin/../lib/gcc/nios2-elf/4.1.2/../../../../nios2-elf/lib\libc.a(lib_a-strlen.o)
                0x01000664                strlen
 .text          0x010006d8      0x49c c:/altera/13.0sp1/nios2eds/bin/gnu/h-i686-mingw32/bin/../lib/gcc/nios2-elf/4.1.2/../../../../nios2-elf/lib\libc.a(lib_a-fvwrite.o)
                0x010006d8                __sfvwrite_r
 .text          0x01000b74        0x0 c:/altera/13.0sp1/nios2eds/bin/gnu/h-i686-mingw32/bin/../lib/gcc/nios2-elf/4.1.2/../../../../nios2-elf/lib\libc.a(lib_a-impure.o)
 .text          0x01000b74      0x740 c:/altera/13.0sp1/nios2eds/bin/gnu/h-i686-mingw32/bin/../lib/gcc/nios2-elf/4.1.2/../../../../nios2-elf/lib\libc.a(lib_a-mallocr.o)
                0x01000b74                _malloc_r
 .text          0x010012b4       0xe4 c:/altera/13.0sp1/nios2eds/bin/gnu/h-i686-mingw32/bin/../lib/gcc/nios2-elf/4.1.2/../../../../nios2-elf/lib\libc.a(lib_a-memchr.o)
                0x010012b4                memchr
 .text          0x01001398       0xa0 c:/altera/13.0sp1/nios2eds/bin/gnu/h-i686-mingw32/bin/../lib/gcc/nios2-elf/4.1.2/../../../../nios2-elf/lib\libc.a(lib_a-memcpy.o)
                0x01001398                memcpy
 .text          0x01001438       0xe0 c:/altera/13.0sp1/nios2eds/bin/gnu/h-i686-mingw32/bin/../lib/gcc/nios2-elf/4.1.2/../../../../nios2-elf/lib\libc.a(lib_a-memmove.o)
                0x01001438                memmove
 .text          0x01001518      0x5f4 c:/altera/13.0sp1/nios2eds/bin/gnu/h-i686-mingw32/bin/../lib/gcc/nios2-elf/4.1.2/../../../../nios2-elf/lib\libc.a(lib_a-reallocr.o)
                0x01001518                _realloc_r
 .text          0x01001b0c       0x70 c:/altera/13.0sp1/nios2eds/bin/gnu/h-i686-mingw32/bin/../lib/gcc/nios2-elf/4.1.2/../../../../nios2-elf/lib\libc.a(lib_a-sbrkr.o)
                0x01001b0c                _sbrk_r
 .text          0x01001b7c      0x13c c:/altera/13.0sp1/nios2eds/bin/gnu/h-i686-mingw32/bin/../lib/gcc/nios2-elf/4.1.2/../../../../nios2-elf/lib\libc.a(lib_a-wsetup.o)
                0x01001b7c                __swsetup_r
 .text          0x01001cb8      0x230 c:/altera/13.0sp1/nios2eds/bin/gnu/h-i686-mingw32/bin/../lib/gcc/nios2-elf/4.1.2/../../../../nios2-elf/lib\libc.a(lib_a-fflush.o)
                0x01001cb8                _fflush_r
                0x01001eb4                fflush
 .text          0x01001ee8      0x2c0 c:/altera/13.0sp1/nios2eds/bin/gnu/h-i686-mingw32/bin/../lib/gcc/nios2-elf/4.1.2/../../../../nios2-elf/lib\libc.a(lib_a-findfp.o)
                0x01001f40                __sfp_lock_acquire
                0x01001f44                __sfp_lock_release
                0x01001f48                __sinit_lock_acquire
                0x01001f4c                __sinit_lock_release
                0x01001f50                __sinit
                0x01002004                __fp_unlock_all
                0x0100201c                __fp_lock_all
                0x01002034                _cleanup_r
                0x01002040                _cleanup
                0x01002050                __sfmoreglue
                0x010020b8                __sfp
 .text          0x010021a8      0x440 c:/altera/13.0sp1/nios2eds/bin/gnu/h-i686-mingw32/bin/../lib/gcc/nios2-elf/4.1.2/../../../../nios2-elf/lib\libc.a(lib_a-freer.o)
                0x010021a8                _malloc_trim_r
                0x010022d4                _free_r
 .text          0x010025e8      0x180 c:/altera/13.0sp1/nios2eds/bin/gnu/h-i686-mingw32/bin/../lib/gcc/nios2-elf/4.1.2/../../../../nios2-elf/lib\libc.a(lib_a-fwalk.o)
                0x010025e8                _fwalk_reent
                0x010026b0                _fwalk
 .text          0x01002768        0x0 c:/altera/13.0sp1/nios2eds/bin/gnu/h-i686-mingw32/bin/../lib/gcc/nios2-elf/4.1.2/../../../../nios2-elf/lib\libc.a(lib_a-int_errno.o)
 .text          0x01002768      0x194 c:/altera/13.0sp1/nios2eds/bin/gnu/h-i686-mingw32/bin/../lib/gcc/nios2-elf/4.1.2/../../../../nios2-elf/lib\libc.a(lib_a-makebuf.o)
                0x01002768                __smakebuf_r
 .text          0x010028fc       0x98 c:/altera/13.0sp1/nios2eds/bin/gnu/h-i686-mingw32/bin/../lib/gcc/nios2-elf/4.1.2/../../../../nios2-elf/lib\libc.a(lib_a-memset.o)
                0x010028fc                memset
 .text          0x01002994      0x14c c:/altera/13.0sp1/nios2eds/bin/gnu/h-i686-mingw32/bin/../lib/gcc/nios2-elf/4.1.2/../../../../nios2-elf/lib\libc.a(lib_a-stdio.o)
                0x01002994                __sclose
                0x0100299c                __sseek
                0x01002a04                __swrite
                0x01002a80                __sread
 .text          0x01002ae0       0x78 c:/altera/13.0sp1/nios2eds/bin/gnu/h-i686-mingw32/bin/../lib/gcc/nios2-elf/4.1.2/../../../../nios2-elf/lib\libc.a(lib_a-writer.o)
                0x01002ae0                _write_r
 .text          0x01002b58       0x70 c:/altera/13.0sp1/nios2eds/bin/gnu/h-i686-mingw32/bin/../lib/gcc/nios2-elf/4.1.2/../../../../nios2-elf/lib\libc.a(lib_a-closer.o)
                0x01002b58                _close_r
 .text          0x01002bc8      0x124 c:/altera/13.0sp1/nios2eds/bin/gnu/h-i686-mingw32/bin/../lib/gcc/nios2-elf/4.1.2/../../../../nios2-elf/lib\libc.a(lib_a-fclose.o)
                0x01002bc8                _fclose_r
                0x01002cd8                fclose
 .text          0x01002cec       0x74 c:/altera/13.0sp1/nios2eds/bin/gnu/h-i686-mingw32/bin/../lib/gcc/nios2-elf/4.1.2/../../../../nios2-elf/lib\libc.a(lib_a-fstatr.o)
                0x01002cec                _fstat_r
 .text          0x01002d60       0x70 c:/altera/13.0sp1/nios2eds/bin/gnu/h-i686-mingw32/bin/../lib/gcc/nios2-elf/4.1.2/../../../../nios2-elf/lib\libc.a(lib_a-isattyr.o)
                0x01002d60                _isatty_r
 .text          0x01002dd0       0x78 c:/altera/13.0sp1/nios2eds/bin/gnu/h-i686-mingw32/bin/../lib/gcc/nios2-elf/4.1.2/../../../../nios2-elf/lib\libc.a(lib_a-lseekr.o)
                0x01002dd0                _lseek_r
 .text          0x01002e48       0x78 c:/altera/13.0sp1/nios2eds/bin/gnu/h-i686-mingw32/bin/../lib/gcc/nios2-elf/4.1.2/../../../../nios2-elf/lib\libc.a(lib_a-readr.o)
                0x01002e48                _read_r
 .text          0x01002ec0      0x15c ../Wifi_bsp/\libhal_bsp.a(alt_close.o)
                0x01002ec0                close
 .text          0x0100301c       0x2c ../Wifi_bsp/\libhal_bsp.a(alt_dev.o)
 .text          0x01003048        0x0 ../Wifi_bsp/\libhal_bsp.a(alt_errno.o)
 .text          0x01003048      0x134 ../Wifi_bsp/\libhal_bsp.a(alt_fstat.o)
                0x01003048                fstat
 .text          0x0100317c      0x120 ../Wifi_bsp/\libhal_bsp.a(alt_isatty.o)
                0x0100317c                isatty
 .text          0x0100329c       0xec ../Wifi_bsp/\libhal_bsp.a(alt_load.o)
                0x0100329c                alt_load
 .text          0x01003388      0x150 ../Wifi_bsp/\libhal_bsp.a(alt_lseek.o)
                0x01003388                lseek
 .text          0x010034d8       0x6c ../Wifi_bsp/\libhal_bsp.a(alt_main.o)
                0x010034d8                alt_main
 .text          0x01003544       0x40 ../Wifi_bsp/\libhal_bsp.a(alt_malloc_lock.o)
                0x01003544                __malloc_lock
                0x01003564                __malloc_unlock
 .text          0x01003584      0x180 ../Wifi_bsp/\libhal_bsp.a(alt_read.o)
                0x01003584                read
 .text          0x01003704       0x60 ../Wifi_bsp/\libhal_bsp.a(alt_release_fd.o)
                0x01003704                alt_release_fd
 .text          0x01003764       0xbc ../Wifi_bsp/\libhal_bsp.a(alt_sbrk.o)
                0x01003764                sbrk
 .text          0x01003820       0x30 ../Wifi_bsp/\libhal_bsp.a(alt_usleep.o)
                0x01003820                usleep
 .text          0x01003850      0x180 ../Wifi_bsp/\libhal_bsp.a(alt_write.o)
                0x01003850                write
 .text          0x010039d0       0xe8 ../Wifi_bsp/\libhal_bsp.a(alt_sys_init.o)
                0x010039d0                alt_irq_init
                0x01003a04                alt_sys_init
 .text          0x01003ab8      0x148 ../Wifi_bsp/\libhal_bsp.a(altera_avalon_jtag_uart_fd.o)
                0x01003ab8                altera_avalon_jtag_uart_read_fd
                0x01003b10                altera_avalon_jtag_uart_write_fd
                0x01003b68                altera_avalon_jtag_uart_close_fd
                0x01003bb0                altera_avalon_jtag_uart_ioctl_fd
 .text          0x01003c00      0x408 ../Wifi_bsp/\libhal_bsp.a(altera_avalon_jtag_uart_init.o)
                0x01003c00                altera_avalon_jtag_uart_init
                0x01003f94                altera_avalon_jtag_uart_close
 .text          0x01004008       0xf4 ../Wifi_bsp/\libhal_bsp.a(altera_avalon_jtag_uart_ioctl.o)
                0x01004008                altera_avalon_jtag_uart_ioctl
 .text          0x010040fc      0x224 ../Wifi_bsp/\libhal_bsp.a(altera_avalon_jtag_uart_read.o)
                0x010040fc                altera_avalon_jtag_uart_read
 .text          0x01004320      0x240 ../Wifi_bsp/\libhal_bsp.a(altera_avalon_jtag_uart_write.o)
                0x01004320                altera_avalon_jtag_uart_write
 .text          0x01004560       0xfc ../Wifi_bsp/\libhal_bsp.a(altera_avalon_timer_sc.o)
                0x010045d4                alt_avalon_timer_sc_init
 .text          0x0100465c      0x530 ../Wifi_bsp/\libhal_bsp.a(altera_up_avalon_character_lcd.o)
                0x0100465c                get_DDRAM_addr
                0x010046d8                alt_up_character_lcd_send_cmd
                0x0100470c                alt_up_character_lcd_init
                0x01004740                alt_up_character_lcd_open_dev
                0x01004780                alt_up_character_lcd_write
                0x010047f8                alt_up_character_lcd_string
                0x01004870                alt_up_character_lcd_write_fd
                0x010048bc                alt_up_character_lcd_set_cursor_pos
                0x01004934                alt_up_character_lcd_shift_cursor
                0x010049e4                alt_up_character_lcd_shift_display
                0x01004a94                alt_up_character_lcd_erase_pos
                0x01004b24                alt_up_character_lcd_cursor_off
                0x01004b58                alt_up_character_lcd_cursor_blink_on
 .text          0x01004b8c      0x398 ../Wifi_bsp/\libhal_bsp.a(altera_up_avalon_rs232.o)
                0x01004b8c                alt_up_rs232_enable_read_interrupt
                0x01004be0                alt_up_rs232_disable_read_interrupt
                0x01004c38                alt_up_rs232_get_used_space_in_read_FIFO
                0x01004c74                alt_up_rs232_get_available_space_in_write_FIFO
                0x01004cb4                alt_up_rs232_check_parity
                0x01004d04                alt_up_rs232_write_data
                0x01004d4c                alt_up_rs232_read_data
                0x01004dc0                alt_up_rs232_read_fd
                0x01004e50                alt_up_rs232_write_fd
                0x01004ee4                alt_up_rs232_open_dev
 .text          0x01004f24      0x154 ../Wifi_bsp/\libhal_bsp.a(alt_alarm_start.o)
                0x01004f24                alt_alarm_start
 .text          0x01005078      0x12c ../Wifi_bsp/\libhal_bsp.a(alt_busy_sleep.o)
                0x01005078                alt_busy_sleep
 .text          0x010051a4       0x44 ../Wifi_bsp/\libhal_bsp.a(alt_dcache_flush_all.o)
                0x010051a4                alt_dcache_flush_all
 .text          0x010051e8      0x114 ../Wifi_bsp/\libhal_bsp.a(alt_dev_llist_insert.o)
                0x010051e8                alt_dev_llist_insert
 .text          0x010052fc       0x64 ../Wifi_bsp/\libhal_bsp.a(alt_do_ctors.o)
                0x010052fc                _do_ctors
 .text          0x01005360       0x64 ../Wifi_bsp/\libhal_bsp.a(alt_do_dtors.o)
                0x01005360                _do_dtors
 .text          0x010053c4       0x94 ../Wifi_bsp/\libhal_bsp.a(alt_find_dev.o)
                0x010053c4                alt_find_dev
 .text          0x01005458       0x30 ../Wifi_bsp/\libhal_bsp.a(alt_icache_flush_all.o)
                0x01005458                alt_icache_flush_all
 .text          0x01005488      0x13c ../Wifi_bsp/\libhal_bsp.a(alt_io_redirect.o)
                0x0100554c                alt_io_redirect
 .text          0x010055c4      0x1c0 ../Wifi_bsp/\libhal_bsp.a(alt_irq_register.o)
                0x010055c4                alt_irq_register
 .text          0x01005784        0x0 ../Wifi_bsp/\libhal_bsp.a(alt_irq_vars.o)
 .text          0x01005784      0x2c4 ../Wifi_bsp/\libhal_bsp.a(alt_open.o)
                0x01005860                open
 .text          0x01005a48      0x1a4 ../Wifi_bsp/\libhal_bsp.a(alt_tick.o)
                0x01005a48                alt_alarm_stop
                0x01005ae0                alt_tick
 .text          0x01005bec       0x20 ../Wifi_bsp/\libhal_bsp.a(altera_nios2_qsys_irq.o)
                0x01005bec                altera_nios2_qsys_irq_init
 .text          0x01005c0c      0x120 ../Wifi_bsp/\libhal_bsp.a(alt_find_file.o)
                0x01005c0c                alt_find_file
 .text          0x01005d2c       0xb8 ../Wifi_bsp/\libhal_bsp.a(alt_get_fd.o)
                0x01005d2c                alt_get_fd
 .text          0x01005de4       0x90 ../Wifi_bsp/\libhal_bsp.a(alt_icache_flush.o)
                0x01005de4                alt_icache_flush
 .text          0x01005e74        0x0 ../Wifi_bsp/\libhal_bsp.a(alt_irq_entry.o)
 .text          0x01005e74        0x0 ../Wifi_bsp/\libhal_bsp.a(alt_irq_handler.o)
 .text          0x01005e74        0x0 ../Wifi_bsp/\libhal_bsp.a(alt_exception_entry.o)
 .text          0x01005e74       0x14 c:/altera/13.0sp1/nios2eds/bin/gnu/h-i686-mingw32/bin/../lib/gcc/nios2-elf/4.1.2/../../../../nios2-elf/lib\libc.a(lib_a-atexit.o)
                0x01005e74                atexit
 .text          0x01005e88       0x38 c:/altera/13.0sp1/nios2eds/bin/gnu/h-i686-mingw32/bin/../lib/gcc/nios2-elf/4.1.2/../../../../nios2-elf/lib\libc.a(lib_a-exit.o)
                0x01005e88                exit
 .text          0x01005ec0       0x74 c:/altera/13.0sp1/nios2eds/bin/gnu/h-i686-mingw32/bin/../lib/gcc/nios2-elf/4.1.2/../../../../nios2-elf/lib\libc.a(lib_a-memcmp.o)
                0x01005ec0                memcmp
 .text          0x01005f34      0x134 c:/altera/13.0sp1/nios2eds/bin/gnu/h-i686-mingw32/bin/../lib/gcc/nios2-elf/4.1.2/../../../../nios2-elf/lib\libc.a(lib_a-__atexit.o)
                0x01005f34                __register_exitproc
 .text          0x01006068      0x1b4 c:/altera/13.0sp1/nios2eds/bin/gnu/h-i686-mingw32/bin/../lib/gcc/nios2-elf/4.1.2/../../../../nios2-elf/lib\libc.a(lib_a-__call_atexit.o)
                0x0100606c                __call_exitprocs
 .text          0x0100621c       0x60 ../Wifi_bsp/\libhal_bsp.a(alt_exit.o)
                0x0100625c                _exit
 *(.gnu.warning.*)
 *(.fini)
                0x0100627c                PROVIDE (__etext, ABSOLUTE (.))
                0x0100627c                PROVIDE (_etext, ABSOLUTE (.))
                0x0100627c                PROVIDE (etext, ABSOLUTE (.))
 *(.eh_frame_hdr)
                0x0100627c                . = ALIGN (0x4)
                0x0100627c                PROVIDE (__preinit_array_start, ABSOLUTE (.))
 *(.preinit_array)
                0x0100627c                PROVIDE (__preinit_array_end, ABSOLUTE (.))
                0x0100627c                PROVIDE (__init_array_start, ABSOLUTE (.))
 *(.init_array)
                0x0100627c                PROVIDE (__init_array_end, ABSOLUTE (.))
                0x0100627c                PROVIDE (__fini_array_start, ABSOLUTE (.))
 *(.fini_array)
                0x0100627c                PROVIDE (__fini_array_end, ABSOLUTE (.))
 *(.eh_frame)
 *(.gcc_except_table)
 *(.dynamic)
                0x0100627c                PROVIDE (__CTOR_LIST__, ABSOLUTE (.))
 *(.ctors)
 *(SORT(.ctors.*))
 .ctors.65535   0x0100627c        0x4 c:/altera/13.0sp1/nios2eds/bin/gnu/h-i686-mingw32/bin/../lib/gcc/nios2-elf/4.1.2/../../../../nios2-elf/lib\libc.a(lib_a-__call_atexit.o)
                0x01006280                PROVIDE (__CTOR_END__, ABSOLUTE (.))
                0x01006280                PROVIDE (__DTOR_LIST__, ABSOLUTE (.))
 *(.dtors)
 *(SORT(.dtors.*))
                0x01006280                PROVIDE (__DTOR_END__, ABSOLUTE (.))
 *(.jcr)
                0x01006280                . = ALIGN (0x4)

.rodata         0x01006280       0xe4
                0x01006280                PROVIDE (__ram_rodata_start, ABSOLUTE (.))
                0x01006280                . = ALIGN (0x4)
 *(.rodata .rodata.* .gnu.linkonce.r.*)
 .rodata        0x01006280       0x80 obj/default/hello_world.o
 .rodata.str1.4
                0x01006300        0x2 c:/altera/13.0sp1/nios2eds/bin/gnu/h-i686-mingw32/bin/../lib/gcc/nios2-elf/4.1.2/../../../../nios2-elf/lib\libc.a(lib_a-puts.o)
                                  0x4 (size before relaxing)
 *fill*         0x01006302        0x2 00
 .rodata.str1.4
                0x01006304        0x4 c:/altera/13.0sp1/nios2eds/bin/gnu/h-i686-mingw32/bin/../lib/gcc/nios2-elf/4.1.2/../../../../nios2-elf/lib\libc.a(lib_a-impure.o)
 .rodata        0x01006308        0xc ../Wifi_bsp/\libhal_bsp.a(alt_dev.o)
 .rodata        0x01006314       0x14 ../Wifi_bsp/\libhal_bsp.a(alt_main.o)
 .rodata        0x01006328       0x3c ../Wifi_bsp/\libhal_bsp.a(alt_sys_init.o)
 *(.rodata1)
                0x01006364                . = ALIGN (0x4)
                0x01006364                PROVIDE (__ram_rodata_end, ABSOLUTE (.))
                0x01006280                PROVIDE (__flash_rodata_start, LOADADDR (.rodata))

.rwdata         0x01006364     0x1aa8 load address 0x01007e0c
                0x01006364                PROVIDE (__ram_rwdata_start, ABSOLUTE (.))
                0x01006364                . = ALIGN (0x4)
 *(.got.plt)
 *(.got)
 *(.data1)
 *(.data .data.* .gnu.linkonce.d.*)
 .data          0x01006364        0x0 ../Wifi_bsp//obj/HAL/src/crt0.o
 .data          0x01006364        0x0 obj/default/hello_world.o
 .data          0x01006364        0x0 c:/altera/13.0sp1/nios2eds/bin/gnu/h-i686-mingw32/bin/../lib/gcc/nios2-elf/4.1.2/../../../../nios2-elf/lib\libc.a(lib_a-puts.o)
 .data          0x01006364        0x0 c:/altera/13.0sp1/nios2eds/bin/gnu/h-i686-mingw32/bin/../lib/gcc/nios2-elf/4.1.2/../../../../nios2-elf/lib\libc.a(lib_a-strlen.o)
 .data          0x01006364        0x0 c:/altera/13.0sp1/nios2eds/bin/gnu/h-i686-mingw32/bin/../lib/gcc/nios2-elf/4.1.2/../../../../nios2-elf/lib\libc.a(lib_a-fvwrite.o)
 .data          0x01006364      0x400 c:/altera/13.0sp1/nios2eds/bin/gnu/h-i686-mingw32/bin/../lib/gcc/nios2-elf/4.1.2/../../../../nios2-elf/lib\libc.a(lib_a-impure.o)
 .data          0x01006764      0x408 c:/altera/13.0sp1/nios2eds/bin/gnu/h-i686-mingw32/bin/../lib/gcc/nios2-elf/4.1.2/../../../../nios2-elf/lib\libc.a(lib_a-mallocr.o)
                0x01006764                __malloc_av_
 .data          0x01006b6c        0x0 c:/altera/13.0sp1/nios2eds/bin/gnu/h-i686-mingw32/bin/../lib/gcc/nios2-elf/4.1.2/../../../../nios2-elf/lib\libc.a(lib_a-memchr.o)
 .data          0x01006b6c        0x0 c:/altera/13.0sp1/nios2eds/bin/gnu/h-i686-mingw32/bin/../lib/gcc/nios2-elf/4.1.2/../../../../nios2-elf/lib\libc.a(lib_a-memcpy.o)
 .data          0x01006b6c        0x0 c:/altera/13.0sp1/nios2eds/bin/gnu/h-i686-mingw32/bin/../lib/gcc/nios2-elf/4.1.2/../../../../nios2-elf/lib\libc.a(lib_a-memmove.o)
 .data          0x01006b6c        0x0 c:/altera/13.0sp1/nios2eds/bin/gnu/h-i686-mingw32/bin/../lib/gcc/nios2-elf/4.1.2/../../../../nios2-elf/lib\libc.a(lib_a-reallocr.o)
 .data          0x01006b6c        0x0 c:/altera/13.0sp1/nios2eds/bin/gnu/h-i686-mingw32/bin/../lib/gcc/nios2-elf/4.1.2/../../../../nios2-elf/lib\libc.a(lib_a-sbrkr.o)
 .data          0x01006b6c        0x0 c:/altera/13.0sp1/nios2eds/bin/gnu/h-i686-mingw32/bin/../lib/gcc/nios2-elf/4.1.2/../../../../nios2-elf/lib\libc.a(lib_a-wsetup.o)
 .data          0x01006b6c        0x0 c:/altera/13.0sp1/nios2eds/bin/gnu/h-i686-mingw32/bin/../lib/gcc/nios2-elf/4.1.2/../../../../nios2-elf/lib\libc.a(lib_a-fflush.o)
 .data          0x01006b6c        0x0 c:/altera/13.0sp1/nios2eds/bin/gnu/h-i686-mingw32/bin/../lib/gcc/nios2-elf/4.1.2/../../../../nios2-elf/lib\libc.a(lib_a-findfp.o)
 .data          0x01006b6c        0x0 c:/altera/13.0sp1/nios2eds/bin/gnu/h-i686-mingw32/bin/../lib/gcc/nios2-elf/4.1.2/../../../../nios2-elf/lib\libc.a(lib_a-freer.o)
 .data          0x01006b6c        0x0 c:/altera/13.0sp1/nios2eds/bin/gnu/h-i686-mingw32/bin/../lib/gcc/nios2-elf/4.1.2/../../../../nios2-elf/lib\libc.a(lib_a-fwalk.o)
 .data          0x01006b6c        0x0 c:/altera/13.0sp1/nios2eds/bin/gnu/h-i686-mingw32/bin/../lib/gcc/nios2-elf/4.1.2/../../../../nios2-elf/lib\libc.a(lib_a-int_errno.o)
 .data          0x01006b6c        0x0 c:/altera/13.0sp1/nios2eds/bin/gnu/h-i686-mingw32/bin/../lib/gcc/nios2-elf/4.1.2/../../../../nios2-elf/lib\libc.a(lib_a-makebuf.o)
 .data          0x01006b6c        0x0 c:/altera/13.0sp1/nios2eds/bin/gnu/h-i686-mingw32/bin/../lib/gcc/nios2-elf/4.1.2/../../../../nios2-elf/lib\libc.a(lib_a-memset.o)
 .data          0x01006b6c        0x0 c:/altera/13.0sp1/nios2eds/bin/gnu/h-i686-mingw32/bin/../lib/gcc/nios2-elf/4.1.2/../../../../nios2-elf/lib\libc.a(lib_a-stdio.o)
 .data          0x01006b6c        0x0 c:/altera/13.0sp1/nios2eds/bin/gnu/h-i686-mingw32/bin/../lib/gcc/nios2-elf/4.1.2/../../../../nios2-elf/lib\libc.a(lib_a-writer.o)
 .data          0x01006b6c        0x0 c:/altera/13.0sp1/nios2eds/bin/gnu/h-i686-mingw32/bin/../lib/gcc/nios2-elf/4.1.2/../../../../nios2-elf/lib\libc.a(lib_a-closer.o)
 .data          0x01006b6c        0x0 c:/altera/13.0sp1/nios2eds/bin/gnu/h-i686-mingw32/bin/../lib/gcc/nios2-elf/4.1.2/../../../../nios2-elf/lib\libc.a(lib_a-fclose.o)
 .data          0x01006b6c        0x0 c:/altera/13.0sp1/nios2eds/bin/gnu/h-i686-mingw32/bin/../lib/gcc/nios2-elf/4.1.2/../../../../nios2-elf/lib\libc.a(lib_a-fstatr.o)
 .data          0x01006b6c        0x0 c:/altera/13.0sp1/nios2eds/bin/gnu/h-i686-mingw32/bin/../lib/gcc/nios2-elf/4.1.2/../../../../nios2-elf/lib\libc.a(lib_a-isattyr.o)
 .data          0x01006b6c        0x0 c:/altera/13.0sp1/nios2eds/bin/gnu/h-i686-mingw32/bin/../lib/gcc/nios2-elf/4.1.2/../../../../nios2-elf/lib\libc.a(lib_a-lseekr.o)
 .data          0x01006b6c        0x0 c:/altera/13.0sp1/nios2eds/bin/gnu/h-i686-mingw32/bin/../lib/gcc/nios2-elf/4.1.2/../../../../nios2-elf/lib\libc.a(lib_a-readr.o)
 .data          0x01006b6c        0x0 ../Wifi_bsp/\libhal_bsp.a(alt_close.o)
 .data          0x01006b6c      0x1a8 ../Wifi_bsp/\libhal_bsp.a(alt_dev.o)
                0x01006b6c                alt_dev_null
                0x01006b94                alt_fd_list
 .data          0x01006d14        0x0 ../Wifi_bsp/\libhal_bsp.a(alt_errno.o)
 .data          0x01006d14        0x0 ../Wifi_bsp/\libhal_bsp.a(alt_fstat.o)
 .data          0x01006d14        0x0 ../Wifi_bsp/\libhal_bsp.a(alt_isatty.o)
 .data          0x01006d14        0x0 ../Wifi_bsp/\libhal_bsp.a(alt_load.o)
 .data          0x01006d14        0x0 ../Wifi_bsp/\libhal_bsp.a(alt_lseek.o)
 .data          0x01006d14        0x0 ../Wifi_bsp/\libhal_bsp.a(alt_main.o)
 .data          0x01006d14        0x0 ../Wifi_bsp/\libhal_bsp.a(alt_malloc_lock.o)
 .data          0x01006d14        0x0 ../Wifi_bsp/\libhal_bsp.a(alt_read.o)
 .data          0x01006d14        0x0 ../Wifi_bsp/\libhal_bsp.a(alt_release_fd.o)
 .data          0x01006d14        0x0 ../Wifi_bsp/\libhal_bsp.a(alt_sbrk.o)
 .data          0x01006d14        0x0 ../Wifi_bsp/\libhal_bsp.a(alt_usleep.o)
 .data          0x01006d14        0x0 ../Wifi_bsp/\libhal_bsp.a(alt_write.o)
 .data          0x01006d14     0x10b8 ../Wifi_bsp/\libhal_bsp.a(alt_sys_init.o)
 .data          0x01007dcc        0x0 ../Wifi_bsp/\libhal_bsp.a(altera_avalon_jtag_uart_fd.o)
 .data          0x01007dcc        0x0 ../Wifi_bsp/\libhal_bsp.a(altera_avalon_jtag_uart_init.o)
 .data          0x01007dcc        0x0 ../Wifi_bsp/\libhal_bsp.a(altera_avalon_jtag_uart_ioctl.o)
 .data          0x01007dcc        0x0 ../Wifi_bsp/\libhal_bsp.a(altera_avalon_jtag_uart_read.o)
 .data          0x01007dcc        0x0 ../Wifi_bsp/\libhal_bsp.a(altera_avalon_jtag_uart_write.o)
 .data          0x01007dcc        0x0 ../Wifi_bsp/\libhal_bsp.a(altera_avalon_timer_sc.o)
 .data          0x01007dcc        0x0 ../Wifi_bsp/\libhal_bsp.a(altera_up_avalon_character_lcd.o)
 .data          0x01007dcc        0x0 ../Wifi_bsp/\libhal_bsp.a(altera_up_avalon_rs232.o)
 .data          0x01007dcc        0x0 ../Wifi_bsp/\libhal_bsp.a(alt_alarm_start.o)
 .data          0x01007dcc        0x0 ../Wifi_bsp/\libhal_bsp.a(alt_busy_sleep.o)
 .data          0x01007dcc        0x0 ../Wifi_bsp/\libhal_bsp.a(alt_dcache_flush_all.o)
 .data          0x01007dcc        0x0 ../Wifi_bsp/\libhal_bsp.a(alt_dev_llist_insert.o)
 .data          0x01007dcc        0x0 ../Wifi_bsp/\libhal_bsp.a(alt_do_ctors.o)
 .data          0x01007dcc        0x0 ../Wifi_bsp/\libhal_bsp.a(alt_do_dtors.o)
 .data          0x01007dcc        0x0 ../Wifi_bsp/\libhal_bsp.a(alt_find_dev.o)
 .data          0x01007dcc        0x0 ../Wifi_bsp/\libhal_bsp.a(alt_icache_flush_all.o)
 .data          0x01007dcc        0x0 ../Wifi_bsp/\libhal_bsp.a(alt_io_redirect.o)
 .data          0x01007dcc        0x0 ../Wifi_bsp/\libhal_bsp.a(alt_irq_register.o)
 .data          0x01007dcc        0x0 ../Wifi_bsp/\libhal_bsp.a(alt_irq_vars.o)
 .data          0x01007dcc        0x0 ../Wifi_bsp/\libhal_bsp.a(alt_open.o)
 .data          0x01007dcc        0x0 ../Wifi_bsp/\libhal_bsp.a(alt_tick.o)
 .data          0x01007dcc        0x0 ../Wifi_bsp/\libhal_bsp.a(altera_nios2_qsys_irq.o)
 .data          0x01007dcc        0x0 ../Wifi_bsp/\libhal_bsp.a(alt_find_file.o)
 .data          0x01007dcc        0x0 ../Wifi_bsp/\libhal_bsp.a(alt_get_fd.o)
 .data          0x01007dcc        0x0 ../Wifi_bsp/\libhal_bsp.a(alt_icache_flush.o)
 .data          0x01007dcc        0x0 ../Wifi_bsp/\libhal_bsp.a(alt_irq_entry.o)
 .data          0x01007dcc        0x0 ../Wifi_bsp/\libhal_bsp.a(alt_irq_handler.o)
 .data          0x01007dcc        0x0 ../Wifi_bsp/\libhal_bsp.a(alt_exception_entry.o)
 .data          0x01007dcc        0x0 c:/altera/13.0sp1/nios2eds/bin/gnu/h-i686-mingw32/bin/../lib/gcc/nios2-elf/4.1.2/../../../../nios2-elf/lib\libc.a(lib_a-atexit.o)
 .data          0x01007dcc        0x0 c:/altera/13.0sp1/nios2eds/bin/gnu/h-i686-mingw32/bin/../lib/gcc/nios2-elf/4.1.2/../../../../nios2-elf/lib\libc.a(lib_a-exit.o)
 .data          0x01007dcc        0x0 c:/altera/13.0sp1/nios2eds/bin/gnu/h-i686-mingw32/bin/../lib/gcc/nios2-elf/4.1.2/../../../../nios2-elf/lib\libc.a(lib_a-memcmp.o)
 .data          0x01007dcc        0x0 c:/altera/13.0sp1/nios2eds/bin/gnu/h-i686-mingw32/bin/../lib/gcc/nios2-elf/4.1.2/../../../../nios2-elf/lib\libc.a(lib_a-__atexit.o)
 .data          0x01007dcc        0x0 c:/altera/13.0sp1/nios2eds/bin/gnu/h-i686-mingw32/bin/../lib/gcc/nios2-elf/4.1.2/../../../../nios2-elf/lib\libc.a(lib_a-__call_atexit.o)
 .data          0x01007dcc        0x0 ../Wifi_bsp/\libhal_bsp.a(alt_exit.o)
                0x0100fdcc                _gp = ABSOLUTE ((. + 0x8000))
                0x0100fdcc                PROVIDE (gp, _gp)
 *(.rwdata .rwdata.*)
 *(.sdata .sdata.* .gnu.linkonce.s.*)
 .sdata         0x01007dcc        0x8 obj/default/hello_world.o
                0x01007dcc                DOFILE
                0x01007dd0                RUN
 .sdata         0x01007dd4        0x8 c:/altera/13.0sp1/nios2eds/bin/gnu/h-i686-mingw32/bin/../lib/gcc/nios2-elf/4.1.2/../../../../nios2-elf/lib\libc.a(lib_a-impure.o)
                0x01007dd4                _impure_ptr
                0x01007dd8                _global_impure_ptr
 .sdata         0x01007ddc        0x8 c:/altera/13.0sp1/nios2eds/bin/gnu/h-i686-mingw32/bin/../lib/gcc/nios2-elf/4.1.2/../../../../nios2-elf/lib\libc.a(lib_a-mallocr.o)
                0x01007ddc                __malloc_trim_threshold
                0x01007de0                __malloc_sbrk_base
 .sdata         0x01007de4       0x14 ../Wifi_bsp/\libhal_bsp.a(alt_dev.o)
                0x01007de4                alt_fs_list
                0x01007dec                alt_dev_list
                0x01007df4                alt_max_fd
 .sdata         0x01007df8        0x4 ../Wifi_bsp/\libhal_bsp.a(alt_errno.o)
                0x01007df8                alt_errno
 .sdata         0x01007dfc        0x4 ../Wifi_bsp/\libhal_bsp.a(alt_sbrk.o)
 .sdata         0x01007e00        0x4 ../Wifi_bsp/\libhal_bsp.a(alt_irq_vars.o)
                0x01007e00                alt_priority_mask
 .sdata         0x01007e04        0x8 ../Wifi_bsp/\libhal_bsp.a(alt_tick.o)
                0x01007e04                alt_alarm_list
 *(.sdata2 .sdata2.* .gnu.linkonce.s2.*)
                0x01007e0c                . = ALIGN (0x4)
                0x01007e0c                _edata = ABSOLUTE (.)
                0x01007e0c                PROVIDE (edata, ABSOLUTE (.))
                0x01007e0c                PROVIDE (__ram_rwdata_end, ABSOLUTE (.))
                0x01007e0c                PROVIDE (__flash_rwdata_start, LOADADDR (.rwdata))

.bss            0x010098b4      0x2e0
                0x010098b4                __bss_start = ABSOLUTE (.)
                0x010098b4                PROVIDE (__sbss_start, ABSOLUTE (.))
                0x010098b4                PROVIDE (___sbss_start, ABSOLUTE (.))
 *(.dynsbss)
 *(.sbss .sbss.* .gnu.linkonce.sb.*)
 .sbss          0x010098b4        0xc c:/altera/13.0sp1/nios2eds/bin/gnu/h-i686-mingw32/bin/../lib/gcc/nios2-elf/4.1.2/../../../../nios2-elf/lib\libc.a(lib_a-mallocr.o)
                0x010098b4                __malloc_top_pad
                0x010098b8                __malloc_max_sbrked_mem
                0x010098bc                __malloc_max_total_mem
 .sbss          0x010098c0        0x4 c:/altera/13.0sp1/nios2eds/bin/gnu/h-i686-mingw32/bin/../lib/gcc/nios2-elf/4.1.2/../../../../nios2-elf/lib\libc.a(lib_a-int_errno.o)
                0x010098c0                errno
 .sbss          0x010098c4        0xc ../Wifi_bsp/\libhal_bsp.a(alt_main.o)
                0x010098c4                alt_argc
                0x010098c8                alt_argv
                0x010098cc                alt_envp
 .sbss          0x010098d0        0x4 ../Wifi_bsp/\libhal_bsp.a(alt_irq_vars.o)
                0x010098d0                alt_irq_active
 .sbss          0x010098d4        0x8 ../Wifi_bsp/\libhal_bsp.a(alt_tick.o)
                0x010098d4                _alt_tick_rate
                0x010098d8                _alt_nticks
 *(.sbss2 .sbss2.* .gnu.linkonce.sb2.*)
 *(.scommon)
                0x010098dc                PROVIDE (__sbss_end, ABSOLUTE (.))
                0x010098dc                PROVIDE (___sbss_end, ABSOLUTE (.))
 *(.dynbss)
 *(.bss .bss.* .gnu.linkonce.b.*)
 .bss           0x010098dc        0x0 ../Wifi_bsp//obj/HAL/src/crt0.o
 .bss           0x010098dc        0x0 obj/default/hello_world.o
 .bss           0x010098dc        0x0 c:/altera/13.0sp1/nios2eds/bin/gnu/h-i686-mingw32/bin/../lib/gcc/nios2-elf/4.1.2/../../../../nios2-elf/lib\libc.a(lib_a-puts.o)
 .bss           0x010098dc        0x0 c:/altera/13.0sp1/nios2eds/bin/gnu/h-i686-mingw32/bin/../lib/gcc/nios2-elf/4.1.2/../../../../nios2-elf/lib\libc.a(lib_a-strlen.o)
 .bss           0x010098dc        0x0 c:/altera/13.0sp1/nios2eds/bin/gnu/h-i686-mingw32/bin/../lib/gcc/nios2-elf/4.1.2/../../../../nios2-elf/lib\libc.a(lib_a-fvwrite.o)
 .bss           0x010098dc        0x0 c:/altera/13.0sp1/nios2eds/bin/gnu/h-i686-mingw32/bin/../lib/gcc/nios2-elf/4.1.2/../../../../nios2-elf/lib\libc.a(lib_a-impure.o)
 .bss           0x010098dc       0x28 c:/altera/13.0sp1/nios2eds/bin/gnu/h-i686-mingw32/bin/../lib/gcc/nios2-elf/4.1.2/../../../../nios2-elf/lib\libc.a(lib_a-mallocr.o)
                0x010098dc                __malloc_current_mallinfo
 .bss           0x01009904        0x0 c:/altera/13.0sp1/nios2eds/bin/gnu/h-i686-mingw32/bin/../lib/gcc/nios2-elf/4.1.2/../../../../nios2-elf/lib\libc.a(lib_a-memchr.o)
 .bss           0x01009904        0x0 c:/altera/13.0sp1/nios2eds/bin/gnu/h-i686-mingw32/bin/../lib/gcc/nios2-elf/4.1.2/../../../../nios2-elf/lib\libc.a(lib_a-memcpy.o)
 .bss           0x01009904        0x0 c:/altera/13.0sp1/nios2eds/bin/gnu/h-i686-mingw32/bin/../lib/gcc/nios2-elf/4.1.2/../../../../nios2-elf/lib\libc.a(lib_a-memmove.o)
 .bss           0x01009904        0x0 c:/altera/13.0sp1/nios2eds/bin/gnu/h-i686-mingw32/bin/../lib/gcc/nios2-elf/4.1.2/../../../../nios2-elf/lib\libc.a(lib_a-reallocr.o)
 .bss           0x01009904        0x0 c:/altera/13.0sp1/nios2eds/bin/gnu/h-i686-mingw32/bin/../lib/gcc/nios2-elf/4.1.2/../../../../nios2-elf/lib\libc.a(lib_a-sbrkr.o)
 .bss           0x01009904        0x0 c:/altera/13.0sp1/nios2eds/bin/gnu/h-i686-mingw32/bin/../lib/gcc/nios2-elf/4.1.2/../../../../nios2-elf/lib\libc.a(lib_a-wsetup.o)
 .bss           0x01009904        0x0 c:/altera/13.0sp1/nios2eds/bin/gnu/h-i686-mingw32/bin/../lib/gcc/nios2-elf/4.1.2/../../../../nios2-elf/lib\libc.a(lib_a-fflush.o)
 .bss           0x01009904        0x0 c:/altera/13.0sp1/nios2eds/bin/gnu/h-i686-mingw32/bin/../lib/gcc/nios2-elf/4.1.2/../../../../nios2-elf/lib\libc.a(lib_a-findfp.o)
 .bss           0x01009904        0x0 c:/altera/13.0sp1/nios2eds/bin/gnu/h-i686-mingw32/bin/../lib/gcc/nios2-elf/4.1.2/../../../../nios2-elf/lib\libc.a(lib_a-freer.o)
 .bss           0x01009904        0x0 c:/altera/13.0sp1/nios2eds/bin/gnu/h-i686-mingw32/bin/../lib/gcc/nios2-elf/4.1.2/../../../../nios2-elf/lib\libc.a(lib_a-fwalk.o)
 .bss           0x01009904        0x0 c:/altera/13.0sp1/nios2eds/bin/gnu/h-i686-mingw32/bin/../lib/gcc/nios2-elf/4.1.2/../../../../nios2-elf/lib\libc.a(lib_a-int_errno.o)
 .bss           0x01009904        0x0 c:/altera/13.0sp1/nios2eds/bin/gnu/h-i686-mingw32/bin/../lib/gcc/nios2-elf/4.1.2/../../../../nios2-elf/lib\libc.a(lib_a-makebuf.o)
 .bss           0x01009904        0x0 c:/altera/13.0sp1/nios2eds/bin/gnu/h-i686-mingw32/bin/../lib/gcc/nios2-elf/4.1.2/../../../../nios2-elf/lib\libc.a(lib_a-memset.o)
 .bss           0x01009904        0x0 c:/altera/13.0sp1/nios2eds/bin/gnu/h-i686-mingw32/bin/../lib/gcc/nios2-elf/4.1.2/../../../../nios2-elf/lib\libc.a(lib_a-stdio.o)
 .bss           0x01009904        0x0 c:/altera/13.0sp1/nios2eds/bin/gnu/h-i686-mingw32/bin/../lib/gcc/nios2-elf/4.1.2/../../../../nios2-elf/lib\libc.a(lib_a-writer.o)
 .bss           0x01009904        0x0 c:/altera/13.0sp1/nios2eds/bin/gnu/h-i686-mingw32/bin/../lib/gcc/nios2-elf/4.1.2/../../../../nios2-elf/lib\libc.a(lib_a-closer.o)
 .bss           0x01009904        0x0 c:/altera/13.0sp1/nios2eds/bin/gnu/h-i686-mingw32/bin/../lib/gcc/nios2-elf/4.1.2/../../../../nios2-elf/lib\libc.a(lib_a-fclose.o)
 .bss           0x01009904        0x0 c:/altera/13.0sp1/nios2eds/bin/gnu/h-i686-mingw32/bin/../lib/gcc/nios2-elf/4.1.2/../../../../nios2-elf/lib\libc.a(lib_a-fstatr.o)
 .bss           0x01009904        0x0 c:/altera/13.0sp1/nios2eds/bin/gnu/h-i686-mingw32/bin/../lib/gcc/nios2-elf/4.1.2/../../../../nios2-elf/lib\libc.a(lib_a-isattyr.o)
 .bss           0x01009904        0x0 c:/altera/13.0sp1/nios2eds/bin/gnu/h-i686-mingw32/bin/../lib/gcc/nios2-elf/4.1.2/../../../../nios2-elf/lib\libc.a(lib_a-lseekr.o)
 .bss           0x01009904        0x0 c:/altera/13.0sp1/nios2eds/bin/gnu/h-i686-mingw32/bin/../lib/gcc/nios2-elf/4.1.2/../../../../nios2-elf/lib\libc.a(lib_a-readr.o)
 .bss           0x01009904        0x0 ../Wifi_bsp/\libhal_bsp.a(alt_close.o)
 .bss           0x01009904        0x0 ../Wifi_bsp/\libhal_bsp.a(alt_dev.o)
 .bss           0x01009904        0x0 ../Wifi_bsp/\libhal_bsp.a(alt_errno.o)
 .bss           0x01009904        0x0 ../Wifi_bsp/\libhal_bsp.a(alt_fstat.o)
 .bss           0x01009904        0x0 ../Wifi_bsp/\libhal_bsp.a(alt_isatty.o)
 .bss           0x01009904        0x0 ../Wifi_bsp/\libhal_bsp.a(alt_load.o)
 .bss           0x01009904        0x0 ../Wifi_bsp/\libhal_bsp.a(alt_lseek.o)
 .bss           0x01009904        0x0 ../Wifi_bsp/\libhal_bsp.a(alt_main.o)
 .bss           0x01009904        0x0 ../Wifi_bsp/\libhal_bsp.a(alt_malloc_lock.o)
 .bss           0x01009904        0x0 ../Wifi_bsp/\libhal_bsp.a(alt_read.o)
 .bss           0x01009904        0x0 ../Wifi_bsp/\libhal_bsp.a(alt_release_fd.o)
 .bss           0x01009904        0x0 ../Wifi_bsp/\libhal_bsp.a(alt_sbrk.o)
 .bss           0x01009904        0x0 ../Wifi_bsp/\libhal_bsp.a(alt_usleep.o)
 .bss           0x01009904        0x0 ../Wifi_bsp/\libhal_bsp.a(alt_write.o)
 .bss           0x01009904        0x0 ../Wifi_bsp/\libhal_bsp.a(alt_sys_init.o)
 .bss           0x01009904        0x0 ../Wifi_bsp/\libhal_bsp.a(altera_avalon_jtag_uart_fd.o)
 .bss           0x01009904        0x0 ../Wifi_bsp/\libhal_bsp.a(altera_avalon_jtag_uart_init.o)
 .bss           0x01009904        0x0 ../Wifi_bsp/\libhal_bsp.a(altera_avalon_jtag_uart_ioctl.o)
 .bss           0x01009904        0x0 ../Wifi_bsp/\libhal_bsp.a(altera_avalon_jtag_uart_read.o)
 .bss           0x01009904        0x0 ../Wifi_bsp/\libhal_bsp.a(altera_avalon_jtag_uart_write.o)
 .bss           0x01009904        0x0 ../Wifi_bsp/\libhal_bsp.a(altera_avalon_timer_sc.o)
 .bss           0x01009904        0x0 ../Wifi_bsp/\libhal_bsp.a(altera_up_avalon_character_lcd.o)
 .bss           0x01009904        0x0 ../Wifi_bsp/\libhal_bsp.a(altera_up_avalon_rs232.o)
 .bss           0x01009904        0x0 ../Wifi_bsp/\libhal_bsp.a(alt_alarm_start.o)
 .bss           0x01009904        0x0 ../Wifi_bsp/\libhal_bsp.a(alt_busy_sleep.o)
 .bss           0x01009904        0x0 ../Wifi_bsp/\libhal_bsp.a(alt_dcache_flush_all.o)
 .bss           0x01009904        0x0 ../Wifi_bsp/\libhal_bsp.a(alt_dev_llist_insert.o)
 .bss           0x01009904        0x0 ../Wifi_bsp/\libhal_bsp.a(alt_do_ctors.o)
 .bss           0x01009904        0x0 ../Wifi_bsp/\libhal_bsp.a(alt_do_dtors.o)
 .bss           0x01009904        0x0 ../Wifi_bsp/\libhal_bsp.a(alt_find_dev.o)
 .bss           0x01009904        0x0 ../Wifi_bsp/\libhal_bsp.a(alt_icache_flush_all.o)
 .bss           0x01009904        0x0 ../Wifi_bsp/\libhal_bsp.a(alt_io_redirect.o)
 .bss           0x01009904        0x0 ../Wifi_bsp/\libhal_bsp.a(alt_irq_register.o)
 .bss           0x01009904        0x0 ../Wifi_bsp/\libhal_bsp.a(alt_irq_vars.o)
 .bss           0x01009904        0x0 ../Wifi_bsp/\libhal_bsp.a(alt_open.o)
 .bss           0x01009904        0x0 ../Wifi_bsp/\libhal_bsp.a(alt_tick.o)
 .bss           0x01009904        0x0 ../Wifi_bsp/\libhal_bsp.a(altera_nios2_qsys_irq.o)
 .bss           0x01009904        0x0 ../Wifi_bsp/\libhal_bsp.a(alt_find_file.o)
 .bss           0x01009904        0x0 ../Wifi_bsp/\libhal_bsp.a(alt_get_fd.o)
 .bss           0x01009904        0x0 ../Wifi_bsp/\libhal_bsp.a(alt_icache_flush.o)
 .bss           0x01009904        0x0 ../Wifi_bsp/\libhal_bsp.a(alt_irq_entry.o)
 .bss           0x01009904        0x0 ../Wifi_bsp/\libhal_bsp.a(alt_irq_handler.o)
 .bss           0x01009904        0x0 ../Wifi_bsp/\libhal_bsp.a(alt_exception_entry.o)
 .bss           0x01009904        0x0 c:/altera/13.0sp1/nios2eds/bin/gnu/h-i686-mingw32/bin/../lib/gcc/nios2-elf/4.1.2/../../../../nios2-elf/lib\libc.a(lib_a-atexit.o)
 .bss           0x01009904        0x0 c:/altera/13.0sp1/nios2eds/bin/gnu/h-i686-mingw32/bin/../lib/gcc/nios2-elf/4.1.2/../../../../nios2-elf/lib\libc.a(lib_a-exit.o)
 .bss           0x01009904        0x0 c:/altera/13.0sp1/nios2eds/bin/gnu/h-i686-mingw32/bin/../lib/gcc/nios2-elf/4.1.2/../../../../nios2-elf/lib\libc.a(lib_a-memcmp.o)
 .bss           0x01009904        0x0 c:/altera/13.0sp1/nios2eds/bin/gnu/h-i686-mingw32/bin/../lib/gcc/nios2-elf/4.1.2/../../../../nios2-elf/lib\libc.a(lib_a-__atexit.o)
 .bss           0x01009904        0x0 c:/altera/13.0sp1/nios2eds/bin/gnu/h-i686-mingw32/bin/../lib/gcc/nios2-elf/4.1.2/../../../../nios2-elf/lib\libc.a(lib_a-__call_atexit.o)
 .bss           0x01009904        0x0 ../Wifi_bsp/\libhal_bsp.a(alt_exit.o)
 *(COMMON)
 COMMON         0x01009904      0x100 ../Wifi_bsp/\libhal_bsp.a(alt_irq_handler.o)
                0x01009904                alt_irq
 COMMON         0x01009a04      0x190 c:/altera/13.0sp1/nios2eds/bin/gnu/h-i686-mingw32/bin/../lib/gcc/nios2-elf/4.1.2/../../../../nios2-elf/lib\libc.a(lib_a-atexit.o)
                0x01009a04                _atexit0
                0x01009b94                . = ALIGN (0x4)
                0x01009b94                __bss_end = ABSOLUTE (.)

.onchip_memory2_0
                0x00000000        0x0 load address 0x01009b94
                0x00000000                PROVIDE (_alt_partition_onchip_memory2_0_start, ABSOLUTE (.))
 *(.onchip_memory2_0. onchip_memory2_0.*)
                0x00000000                . = ALIGN (0x4)
                0x00000000                PROVIDE (_alt_partition_onchip_memory2_0_end, ABSOLUTE (.))
                0x01009b94                PROVIDE (_alt_partition_onchip_memory2_0_load_addr, LOADADDR (.onchip_memory2_0))

.new_sdram_controller_0
                0x01009b94        0x0
                0x01009b94                PROVIDE (_alt_partition_new_sdram_controller_0_start, ABSOLUTE (.))
 *(.new_sdram_controller_0. new_sdram_controller_0.*)
                0x01009b94                . = ALIGN (0x4)
                0x01009b94                PROVIDE (_alt_partition_new_sdram_controller_0_end, ABSOLUTE (.))
                0x01009b94                _end = ABSOLUTE (.)
                0x01009b94                end = ABSOLUTE (.)
                0x01009b94                __alt_stack_base = ABSOLUTE (.)
                0x01009b94                PROVIDE (_alt_partition_new_sdram_controller_0_load_addr, LOADADDR (.new_sdram_controller_0))

.stab
 *(.stab)

.stabstr
 *(.stabstr)

.stab.excl
 *(.stab.excl)

.stab.exclstr
 *(.stab.exclstr)

.stab.index
 *(.stab.index)

.stab.indexstr
 *(.stab.indexstr)

.comment        0x00000000       0x26
 *(.comment)
 .comment       0x00000000       0x26 obj/default/hello_world.o
                                 0x27 (size before relaxing)
 .comment       0x00000000       0x27 c:/altera/13.0sp1/nios2eds/bin/gnu/h-i686-mingw32/bin/../lib/gcc/nios2-elf/4.1.2/../../../../nios2-elf/lib\libc.a(lib_a-puts.o)
 .comment       0x00000000       0x27 c:/altera/13.0sp1/nios2eds/bin/gnu/h-i686-mingw32/bin/../lib/gcc/nios2-elf/4.1.2/../../../../nios2-elf/lib\libc.a(lib_a-strlen.o)
 .comment       0x00000000       0x27 c:/altera/13.0sp1/nios2eds/bin/gnu/h-i686-mingw32/bin/../lib/gcc/nios2-elf/4.1.2/../../../../nios2-elf/lib\libc.a(lib_a-fvwrite.o)
 .comment       0x00000000       0x27 c:/altera/13.0sp1/nios2eds/bin/gnu/h-i686-mingw32/bin/../lib/gcc/nios2-elf/4.1.2/../../../../nios2-elf/lib\libc.a(lib_a-impure.o)
 .comment       0x00000000       0x27 c:/altera/13.0sp1/nios2eds/bin/gnu/h-i686-mingw32/bin/../lib/gcc/nios2-elf/4.1.2/../../../../nios2-elf/lib\libc.a(lib_a-mallocr.o)
 .comment       0x00000000       0x27 c:/altera/13.0sp1/nios2eds/bin/gnu/h-i686-mingw32/bin/../lib/gcc/nios2-elf/4.1.2/../../../../nios2-elf/lib\libc.a(lib_a-memchr.o)
 .comment       0x00000000       0x27 c:/altera/13.0sp1/nios2eds/bin/gnu/h-i686-mingw32/bin/../lib/gcc/nios2-elf/4.1.2/../../../../nios2-elf/lib\libc.a(lib_a-memcpy.o)
 .comment       0x00000000       0x27 c:/altera/13.0sp1/nios2eds/bin/gnu/h-i686-mingw32/bin/../lib/gcc/nios2-elf/4.1.2/../../../../nios2-elf/lib\libc.a(lib_a-memmove.o)
 .comment       0x00000000       0x27 c:/altera/13.0sp1/nios2eds/bin/gnu/h-i686-mingw32/bin/../lib/gcc/nios2-elf/4.1.2/../../../../nios2-elf/lib\libc.a(lib_a-reallocr.o)
 .comment       0x00000000       0x27 c:/altera/13.0sp1/nios2eds/bin/gnu/h-i686-mingw32/bin/../lib/gcc/nios2-elf/4.1.2/../../../../nios2-elf/lib\libc.a(lib_a-sbrkr.o)
 .comment       0x00000000       0x27 c:/altera/13.0sp1/nios2eds/bin/gnu/h-i686-mingw32/bin/../lib/gcc/nios2-elf/4.1.2/../../../../nios2-elf/lib\libc.a(lib_a-wsetup.o)
 .comment       0x00000000       0x27 c:/altera/13.0sp1/nios2eds/bin/gnu/h-i686-mingw32/bin/../lib/gcc/nios2-elf/4.1.2/../../../../nios2-elf/lib\libc.a(lib_a-fflush.o)
 .comment       0x00000000       0x27 c:/altera/13.0sp1/nios2eds/bin/gnu/h-i686-mingw32/bin/../lib/gcc/nios2-elf/4.1.2/../../../../nios2-elf/lib\libc.a(lib_a-findfp.o)
 .comment       0x00000000       0x27 c:/altera/13.0sp1/nios2eds/bin/gnu/h-i686-mingw32/bin/../lib/gcc/nios2-elf/4.1.2/../../../../nios2-elf/lib\libc.a(lib_a-freer.o)
 .comment       0x00000000       0x27 c:/altera/13.0sp1/nios2eds/bin/gnu/h-i686-mingw32/bin/../lib/gcc/nios2-elf/4.1.2/../../../../nios2-elf/lib\libc.a(lib_a-fwalk.o)
 .comment       0x00000000       0x27 c:/altera/13.0sp1/nios2eds/bin/gnu/h-i686-mingw32/bin/../lib/gcc/nios2-elf/4.1.2/../../../../nios2-elf/lib\libc.a(lib_a-int_errno.o)
 .comment       0x00000000       0x27 c:/altera/13.0sp1/nios2eds/bin/gnu/h-i686-mingw32/bin/../lib/gcc/nios2-elf/4.1.2/../../../../nios2-elf/lib\libc.a(lib_a-makebuf.o)
 .comment       0x00000000       0x27 c:/altera/13.0sp1/nios2eds/bin/gnu/h-i686-mingw32/bin/../lib/gcc/nios2-elf/4.1.2/../../../../nios2-elf/lib\libc.a(lib_a-memset.o)
 .comment       0x00000000       0x27 c:/altera/13.0sp1/nios2eds/bin/gnu/h-i686-mingw32/bin/../lib/gcc/nios2-elf/4.1.2/../../../../nios2-elf/lib\libc.a(lib_a-stdio.o)
 .comment       0x00000000       0x27 c:/altera/13.0sp1/nios2eds/bin/gnu/h-i686-mingw32/bin/../lib/gcc/nios2-elf/4.1.2/../../../../nios2-elf/lib\libc.a(lib_a-writer.o)
 .comment       0x00000000       0x27 c:/altera/13.0sp1/nios2eds/bin/gnu/h-i686-mingw32/bin/../lib/gcc/nios2-elf/4.1.2/../../../../nios2-elf/lib\libc.a(lib_a-closer.o)
 .comment       0x00000000       0x27 c:/altera/13.0sp1/nios2eds/bin/gnu/h-i686-mingw32/bin/../lib/gcc/nios2-elf/4.1.2/../../../../nios2-elf/lib\libc.a(lib_a-fclose.o)
 .comment       0x00000000       0x27 c:/altera/13.0sp1/nios2eds/bin/gnu/h-i686-mingw32/bin/../lib/gcc/nios2-elf/4.1.2/../../../../nios2-elf/lib\libc.a(lib_a-fstatr.o)
 .comment       0x00000000       0x27 c:/altera/13.0sp1/nios2eds/bin/gnu/h-i686-mingw32/bin/../lib/gcc/nios2-elf/4.1.2/../../../../nios2-elf/lib\libc.a(lib_a-isattyr.o)
 .comment       0x00000000       0x27 c:/altera/13.0sp1/nios2eds/bin/gnu/h-i686-mingw32/bin/../lib/gcc/nios2-elf/4.1.2/../../../../nios2-elf/lib\libc.a(lib_a-lseekr.o)
 .comment       0x00000000       0x27 c:/altera/13.0sp1/nios2eds/bin/gnu/h-i686-mingw32/bin/../lib/gcc/nios2-elf/4.1.2/../../../../nios2-elf/lib\libc.a(lib_a-readr.o)
 .comment       0x00000000       0x27 ../Wifi_bsp/\libhal_bsp.a(alt_close.o)
 .comment       0x00000000       0x27 ../Wifi_bsp/\libhal_bsp.a(alt_dev.o)
 .comment       0x00000000       0x27 ../Wifi_bsp/\libhal_bsp.a(alt_errno.o)
 .comment       0x00000000       0x27 ../Wifi_bsp/\libhal_bsp.a(alt_fstat.o)
 .comment       0x00000000       0x27 ../Wifi_bsp/\libhal_bsp.a(alt_isatty.o)
 .comment       0x00000000       0x27 ../Wifi_bsp/\libhal_bsp.a(alt_load.o)
 .comment       0x00000000       0x27 ../Wifi_bsp/\libhal_bsp.a(alt_lseek.o)
 .comment       0x00000000       0x27 ../Wifi_bsp/\libhal_bsp.a(alt_main.o)
 .comment       0x00000000       0x27 ../Wifi_bsp/\libhal_bsp.a(alt_malloc_lock.o)
 .comment       0x00000000       0x27 ../Wifi_bsp/\libhal_bsp.a(alt_read.o)
 .comment       0x00000000       0x27 ../Wifi_bsp/\libhal_bsp.a(alt_release_fd.o)
 .comment       0x00000000       0x27 ../Wifi_bsp/\libhal_bsp.a(alt_sbrk.o)
 .comment       0x00000000       0x27 ../Wifi_bsp/\libhal_bsp.a(alt_usleep.o)
 .comment       0x00000000       0x27 ../Wifi_bsp/\libhal_bsp.a(alt_write.o)
 .comment       0x00000000       0x27 ../Wifi_bsp/\libhal_bsp.a(alt_sys_init.o)
 .comment       0x00000000       0x27 ../Wifi_bsp/\libhal_bsp.a(altera_avalon_jtag_uart_fd.o)
 .comment       0x00000000       0x27 ../Wifi_bsp/\libhal_bsp.a(altera_avalon_jtag_uart_init.o)
 .comment       0x00000000       0x27 ../Wifi_bsp/\libhal_bsp.a(altera_avalon_jtag_uart_ioctl.o)
 .comment       0x00000000       0x27 ../Wifi_bsp/\libhal_bsp.a(altera_avalon_jtag_uart_read.o)
 .comment       0x00000000       0x27 ../Wifi_bsp/\libhal_bsp.a(altera_avalon_jtag_uart_write.o)
 .comment       0x00000000       0x27 ../Wifi_bsp/\libhal_bsp.a(altera_avalon_timer_sc.o)
 .comment       0x00000000       0x27 ../Wifi_bsp/\libhal_bsp.a(altera_up_avalon_character_lcd.o)
 .comment       0x00000000       0x27 ../Wifi_bsp/\libhal_bsp.a(altera_up_avalon_rs232.o)
 .comment       0x00000000       0x27 ../Wifi_bsp/\libhal_bsp.a(alt_alarm_start.o)
 .comment       0x00000000       0x27 ../Wifi_bsp/\libhal_bsp.a(alt_busy_sleep.o)
 .comment       0x00000000       0x27 ../Wifi_bsp/\libhal_bsp.a(alt_dcache_flush_all.o)
 .comment       0x00000000       0x27 ../Wifi_bsp/\libhal_bsp.a(alt_dev_llist_insert.o)
 .comment       0x00000000       0x27 ../Wifi_bsp/\libhal_bsp.a(alt_do_ctors.o)
 .comment       0x00000000       0x27 ../Wifi_bsp/\libhal_bsp.a(alt_do_dtors.o)
 .comment       0x00000000       0x27 ../Wifi_bsp/\libhal_bsp.a(alt_find_dev.o)
 .comment       0x00000000       0x27 ../Wifi_bsp/\libhal_bsp.a(alt_icache_flush_all.o)
 .comment       0x00000000       0x27 ../Wifi_bsp/\libhal_bsp.a(alt_io_redirect.o)
 .comment       0x00000000       0x27 ../Wifi_bsp/\libhal_bsp.a(alt_irq_register.o)
 .comment       0x00000000       0x27 ../Wifi_bsp/\libhal_bsp.a(alt_irq_vars.o)
 .comment       0x00000000       0x27 ../Wifi_bsp/\libhal_bsp.a(alt_open.o)
 .comment       0x00000000       0x27 ../Wifi_bsp/\libhal_bsp.a(alt_tick.o)
 .comment       0x00000000       0x27 ../Wifi_bsp/\libhal_bsp.a(altera_nios2_qsys_irq.o)
 .comment       0x00000000       0x27 ../Wifi_bsp/\libhal_bsp.a(alt_find_file.o)
 .comment       0x00000000       0x27 ../Wifi_bsp/\libhal_bsp.a(alt_get_fd.o)
 .comment       0x00000000       0x27 ../Wifi_bsp/\libhal_bsp.a(alt_icache_flush.o)
 .comment       0x00000000       0x27 ../Wifi_bsp/\libhal_bsp.a(alt_irq_handler.o)
 .comment       0x00000000       0x27 c:/altera/13.0sp1/nios2eds/bin/gnu/h-i686-mingw32/bin/../lib/gcc/nios2-elf/4.1.2/../../../../nios2-elf/lib\libc.a(lib_a-atexit.o)
 .comment       0x00000000       0x27 c:/altera/13.0sp1/nios2eds/bin/gnu/h-i686-mingw32/bin/../lib/gcc/nios2-elf/4.1.2/../../../../nios2-elf/lib\libc.a(lib_a-exit.o)
 .comment       0x00000000       0x27 c:/altera/13.0sp1/nios2eds/bin/gnu/h-i686-mingw32/bin/../lib/gcc/nios2-elf/4.1.2/../../../../nios2-elf/lib\libc.a(lib_a-memcmp.o)
 .comment       0x00000000       0x27 c:/altera/13.0sp1/nios2eds/bin/gnu/h-i686-mingw32/bin/../lib/gcc/nios2-elf/4.1.2/../../../../nios2-elf/lib\libc.a(lib_a-__atexit.o)
 .comment       0x00000000       0x27 c:/altera/13.0sp1/nios2eds/bin/gnu/h-i686-mingw32/bin/../lib/gcc/nios2-elf/4.1.2/../../../../nios2-elf/lib\libc.a(lib_a-__call_atexit.o)
 .comment       0x00000000       0x27 ../Wifi_bsp/\libhal_bsp.a(alt_exit.o)

.debug
 *(.debug)

.line
 *(.line)

.debug_srcinfo
 *(.debug_srcinfo)

.debug_sfnames
 *(.debug_sfnames)

.debug_aranges  0x00000000      0x958
 *(.debug_aranges)
 .debug_aranges
                0x00000000       0x28 ../Wifi_bsp//obj/HAL/src/crt0.o
 .debug_aranges
                0x00000028       0x20 obj/default/hello_world.o
 .debug_aranges
                0x00000048       0x20 c:/altera/13.0sp1/nios2eds/bin/gnu/h-i686-mingw32/bin/../lib/gcc/nios2-elf/4.1.2/../../../../nios2-elf/lib\libc.a(lib_a-puts.o)
 .debug_aranges
                0x00000068       0x20 c:/altera/13.0sp1/nios2eds/bin/gnu/h-i686-mingw32/bin/../lib/gcc/nios2-elf/4.1.2/../../../../nios2-elf/lib\libc.a(lib_a-strlen.o)
 .debug_aranges
                0x00000088       0x20 c:/altera/13.0sp1/nios2eds/bin/gnu/h-i686-mingw32/bin/../lib/gcc/nios2-elf/4.1.2/../../../../nios2-elf/lib\libc.a(lib_a-fvwrite.o)
 .debug_aranges
                0x000000a8       0x20 c:/altera/13.0sp1/nios2eds/bin/gnu/h-i686-mingw32/bin/../lib/gcc/nios2-elf/4.1.2/../../../../nios2-elf/lib\libc.a(lib_a-mallocr.o)
 .debug_aranges
                0x000000c8       0x20 c:/altera/13.0sp1/nios2eds/bin/gnu/h-i686-mingw32/bin/../lib/gcc/nios2-elf/4.1.2/../../../../nios2-elf/lib\libc.a(lib_a-memchr.o)
 .debug_aranges
                0x000000e8       0x20 c:/altera/13.0sp1/nios2eds/bin/gnu/h-i686-mingw32/bin/../lib/gcc/nios2-elf/4.1.2/../../../../nios2-elf/lib\libc.a(lib_a-memcpy.o)
 .debug_aranges
                0x00000108       0x20 c:/altera/13.0sp1/nios2eds/bin/gnu/h-i686-mingw32/bin/../lib/gcc/nios2-elf/4.1.2/../../../../nios2-elf/lib\libc.a(lib_a-memmove.o)
 .debug_aranges
                0x00000128       0x20 c:/altera/13.0sp1/nios2eds/bin/gnu/h-i686-mingw32/bin/../lib/gcc/nios2-elf/4.1.2/../../../../nios2-elf/lib\libc.a(lib_a-reallocr.o)
 .debug_aranges
                0x00000148       0x20 c:/altera/13.0sp1/nios2eds/bin/gnu/h-i686-mingw32/bin/../lib/gcc/nios2-elf/4.1.2/../../../../nios2-elf/lib\libc.a(lib_a-sbrkr.o)
 .debug_aranges
                0x00000168       0x20 c:/altera/13.0sp1/nios2eds/bin/gnu/h-i686-mingw32/bin/../lib/gcc/nios2-elf/4.1.2/../../../../nios2-elf/lib\libc.a(lib_a-wsetup.o)
 .debug_aranges
                0x00000188       0x20 c:/altera/13.0sp1/nios2eds/bin/gnu/h-i686-mingw32/bin/../lib/gcc/nios2-elf/4.1.2/../../../../nios2-elf/lib\libc.a(lib_a-fflush.o)
 .debug_aranges
                0x000001a8       0x20 c:/altera/13.0sp1/nios2eds/bin/gnu/h-i686-mingw32/bin/../lib/gcc/nios2-elf/4.1.2/../../../../nios2-elf/lib\libc.a(lib_a-findfp.o)
 .debug_aranges
                0x000001c8       0x20 c:/altera/13.0sp1/nios2eds/bin/gnu/h-i686-mingw32/bin/../lib/gcc/nios2-elf/4.1.2/../../../../nios2-elf/lib\libc.a(lib_a-freer.o)
 .debug_aranges
                0x000001e8       0x20 c:/altera/13.0sp1/nios2eds/bin/gnu/h-i686-mingw32/bin/../lib/gcc/nios2-elf/4.1.2/../../../../nios2-elf/lib\libc.a(lib_a-fwalk.o)
 .debug_aranges
                0x00000208       0x20 c:/altera/13.0sp1/nios2eds/bin/gnu/h-i686-mingw32/bin/../lib/gcc/nios2-elf/4.1.2/../../../../nios2-elf/lib\libc.a(lib_a-makebuf.o)
 .debug_aranges
                0x00000228       0x20 c:/altera/13.0sp1/nios2eds/bin/gnu/h-i686-mingw32/bin/../lib/gcc/nios2-elf/4.1.2/../../../../nios2-elf/lib\libc.a(lib_a-memset.o)
 .debug_aranges
                0x00000248       0x20 c:/altera/13.0sp1/nios2eds/bin/gnu/h-i686-mingw32/bin/../lib/gcc/nios2-elf/4.1.2/../../../../nios2-elf/lib\libc.a(lib_a-stdio.o)
 .debug_aranges
                0x00000268       0x20 c:/altera/13.0sp1/nios2eds/bin/gnu/h-i686-mingw32/bin/../lib/gcc/nios2-elf/4.1.2/../../../../nios2-elf/lib\libc.a(lib_a-writer.o)
 .debug_aranges
                0x00000288       0x20 c:/altera/13.0sp1/nios2eds/bin/gnu/h-i686-mingw32/bin/../lib/gcc/nios2-elf/4.1.2/../../../../nios2-elf/lib\libc.a(lib_a-closer.o)
 .debug_aranges
                0x000002a8       0x20 c:/altera/13.0sp1/nios2eds/bin/gnu/h-i686-mingw32/bin/../lib/gcc/nios2-elf/4.1.2/../../../../nios2-elf/lib\libc.a(lib_a-fclose.o)
 .debug_aranges
                0x000002c8       0x20 c:/altera/13.0sp1/nios2eds/bin/gnu/h-i686-mingw32/bin/../lib/gcc/nios2-elf/4.1.2/../../../../nios2-elf/lib\libc.a(lib_a-fstatr.o)
 .debug_aranges
                0x000002e8       0x20 c:/altera/13.0sp1/nios2eds/bin/gnu/h-i686-mingw32/bin/../lib/gcc/nios2-elf/4.1.2/../../../../nios2-elf/lib\libc.a(lib_a-isattyr.o)
 .debug_aranges
                0x00000308       0x20 c:/altera/13.0sp1/nios2eds/bin/gnu/h-i686-mingw32/bin/../lib/gcc/nios2-elf/4.1.2/../../../../nios2-elf/lib\libc.a(lib_a-lseekr.o)
 .debug_aranges
                0x00000328       0x20 c:/altera/13.0sp1/nios2eds/bin/gnu/h-i686-mingw32/bin/../lib/gcc/nios2-elf/4.1.2/../../../../nios2-elf/lib\libc.a(lib_a-readr.o)
 .debug_aranges
                0x00000348       0x20 ../Wifi_bsp/\libhal_bsp.a(alt_close.o)
 .debug_aranges
                0x00000368       0x20 ../Wifi_bsp/\libhal_bsp.a(alt_dev.o)
 .debug_aranges
                0x00000388       0x20 ../Wifi_bsp/\libhal_bsp.a(alt_fstat.o)
 .debug_aranges
                0x000003a8       0x20 ../Wifi_bsp/\libhal_bsp.a(alt_isatty.o)
 .debug_aranges
                0x000003c8       0x20 ../Wifi_bsp/\libhal_bsp.a(alt_load.o)
 .debug_aranges
                0x000003e8       0x20 ../Wifi_bsp/\libhal_bsp.a(alt_lseek.o)
 .debug_aranges
                0x00000408       0x20 ../Wifi_bsp/\libhal_bsp.a(alt_main.o)
 .debug_aranges
                0x00000428       0x20 ../Wifi_bsp/\libhal_bsp.a(alt_malloc_lock.o)
 .debug_aranges
                0x00000448       0x20 ../Wifi_bsp/\libhal_bsp.a(alt_read.o)
 .debug_aranges
                0x00000468       0x20 ../Wifi_bsp/\libhal_bsp.a(alt_release_fd.o)
 .debug_aranges
                0x00000488       0x20 ../Wifi_bsp/\libhal_bsp.a(alt_sbrk.o)
 .debug_aranges
                0x000004a8       0x20 ../Wifi_bsp/\libhal_bsp.a(alt_usleep.o)
 .debug_aranges
                0x000004c8       0x20 ../Wifi_bsp/\libhal_bsp.a(alt_write.o)
 .debug_aranges
                0x000004e8       0x20 ../Wifi_bsp/\libhal_bsp.a(alt_sys_init.o)
 .debug_aranges
                0x00000508       0x20 ../Wifi_bsp/\libhal_bsp.a(altera_avalon_jtag_uart_fd.o)
 .debug_aranges
                0x00000528       0x20 ../Wifi_bsp/\libhal_bsp.a(altera_avalon_jtag_uart_init.o)
 .debug_aranges
                0x00000548       0x20 ../Wifi_bsp/\libhal_bsp.a(altera_avalon_jtag_uart_ioctl.o)
 .debug_aranges
                0x00000568       0x20 ../Wifi_bsp/\libhal_bsp.a(altera_avalon_jtag_uart_read.o)
 .debug_aranges
                0x00000588       0x20 ../Wifi_bsp/\libhal_bsp.a(altera_avalon_jtag_uart_write.o)
 .debug_aranges
                0x000005a8       0x20 ../Wifi_bsp/\libhal_bsp.a(altera_avalon_timer_sc.o)
 .debug_aranges
                0x000005c8       0x20 ../Wifi_bsp/\libhal_bsp.a(altera_up_avalon_character_lcd.o)
 .debug_aranges
                0x000005e8       0x20 ../Wifi_bsp/\libhal_bsp.a(altera_up_avalon_rs232.o)
 .debug_aranges
                0x00000608       0x20 ../Wifi_bsp/\libhal_bsp.a(alt_alarm_start.o)
 .debug_aranges
                0x00000628       0x20 ../Wifi_bsp/\libhal_bsp.a(alt_busy_sleep.o)
 .debug_aranges
                0x00000648       0x20 ../Wifi_bsp/\libhal_bsp.a(alt_dcache_flush_all.o)
 .debug_aranges
                0x00000668       0x20 ../Wifi_bsp/\libhal_bsp.a(alt_dev_llist_insert.o)
 .debug_aranges
                0x00000688       0x20 ../Wifi_bsp/\libhal_bsp.a(alt_do_ctors.o)
 .debug_aranges
                0x000006a8       0x20 ../Wifi_bsp/\libhal_bsp.a(alt_do_dtors.o)
 .debug_aranges
                0x000006c8       0x20 ../Wifi_bsp/\libhal_bsp.a(alt_find_dev.o)
 .debug_aranges
                0x000006e8       0x20 ../Wifi_bsp/\libhal_bsp.a(alt_icache_flush_all.o)
 .debug_aranges
                0x00000708       0x20 ../Wifi_bsp/\libhal_bsp.a(alt_io_redirect.o)
 .debug_aranges
                0x00000728       0x20 ../Wifi_bsp/\libhal_bsp.a(alt_irq_register.o)
 .debug_aranges
                0x00000748       0x20 ../Wifi_bsp/\libhal_bsp.a(alt_open.o)
 .debug_aranges
                0x00000768       0x20 ../Wifi_bsp/\libhal_bsp.a(alt_tick.o)
 .debug_aranges
                0x00000788       0x20 ../Wifi_bsp/\libhal_bsp.a(altera_nios2_qsys_irq.o)
 .debug_aranges
                0x000007a8       0x20 ../Wifi_bsp/\libhal_bsp.a(alt_find_file.o)
 .debug_aranges
                0x000007c8       0x20 ../Wifi_bsp/\libhal_bsp.a(alt_get_fd.o)
 .debug_aranges
                0x000007e8       0x20 ../Wifi_bsp/\libhal_bsp.a(alt_icache_flush.o)
 .debug_aranges
                0x00000808       0x30 ../Wifi_bsp/\libhal_bsp.a(alt_irq_entry.o)
 .debug_aranges
                0x00000838       0x28 ../Wifi_bsp/\libhal_bsp.a(alt_irq_handler.o)
 .debug_aranges
                0x00000860       0x38 ../Wifi_bsp/\libhal_bsp.a(alt_exception_entry.o)
 .debug_aranges
                0x00000898       0x20 c:/altera/13.0sp1/nios2eds/bin/gnu/h-i686-mingw32/bin/../lib/gcc/nios2-elf/4.1.2/../../../../nios2-elf/lib\libc.a(lib_a-atexit.o)
 .debug_aranges
                0x000008b8       0x20 c:/altera/13.0sp1/nios2eds/bin/gnu/h-i686-mingw32/bin/../lib/gcc/nios2-elf/4.1.2/../../../../nios2-elf/lib\libc.a(lib_a-exit.o)
 .debug_aranges
                0x000008d8       0x20 c:/altera/13.0sp1/nios2eds/bin/gnu/h-i686-mingw32/bin/../lib/gcc/nios2-elf/4.1.2/../../../../nios2-elf/lib\libc.a(lib_a-memcmp.o)
 .debug_aranges
                0x000008f8       0x20 c:/altera/13.0sp1/nios2eds/bin/gnu/h-i686-mingw32/bin/../lib/gcc/nios2-elf/4.1.2/../../../../nios2-elf/lib\libc.a(lib_a-__atexit.o)
 .debug_aranges
                0x00000918       0x20 c:/altera/13.0sp1/nios2eds/bin/gnu/h-i686-mingw32/bin/../lib/gcc/nios2-elf/4.1.2/../../../../nios2-elf/lib\libc.a(lib_a-__call_atexit.o)
 .debug_aranges
                0x00000938       0x20 ../Wifi_bsp/\libhal_bsp.a(alt_exit.o)

.debug_pubnames
                0x00000000     0x10ac
 *(.debug_pubnames)
 .debug_pubnames
                0x00000000       0x76 obj/default/hello_world.o
 .debug_pubnames
                0x00000076       0x27 c:/altera/13.0sp1/nios2eds/bin/gnu/h-i686-mingw32/bin/../lib/gcc/nios2-elf/4.1.2/../../../../nios2-elf/lib\libc.a(lib_a-puts.o)
 .debug_pubnames
                0x0000009d       0x1d c:/altera/13.0sp1/nios2eds/bin/gnu/h-i686-mingw32/bin/../lib/gcc/nios2-elf/4.1.2/../../../../nios2-elf/lib\libc.a(lib_a-strlen.o)
 .debug_pubnames
                0x000000ba       0x23 c:/altera/13.0sp1/nios2eds/bin/gnu/h-i686-mingw32/bin/../lib/gcc/nios2-elf/4.1.2/../../../../nios2-elf/lib\libc.a(lib_a-fvwrite.o)
 .debug_pubnames
                0x000000dd       0x39 c:/altera/13.0sp1/nios2eds/bin/gnu/h-i686-mingw32/bin/../lib/gcc/nios2-elf/4.1.2/../../../../nios2-elf/lib\libc.a(lib_a-impure.o)
 .debug_pubnames
                0x00000116       0xce c:/altera/13.0sp1/nios2eds/bin/gnu/h-i686-mingw32/bin/../lib/gcc/nios2-elf/4.1.2/../../../../nios2-elf/lib\libc.a(lib_a-mallocr.o)
 .debug_pubnames
                0x000001e4       0x1d c:/altera/13.0sp1/nios2eds/bin/gnu/h-i686-mingw32/bin/../lib/gcc/nios2-elf/4.1.2/../../../../nios2-elf/lib\libc.a(lib_a-memchr.o)
 .debug_pubnames
                0x00000201       0x1d c:/altera/13.0sp1/nios2eds/bin/gnu/h-i686-mingw32/bin/../lib/gcc/nios2-elf/4.1.2/../../../../nios2-elf/lib\libc.a(lib_a-memcpy.o)
 .debug_pubnames
                0x0000021e       0x1e c:/altera/13.0sp1/nios2eds/bin/gnu/h-i686-mingw32/bin/../lib/gcc/nios2-elf/4.1.2/../../../../nios2-elf/lib\libc.a(lib_a-memmove.o)
 .debug_pubnames
                0x0000023c       0x21 c:/altera/13.0sp1/nios2eds/bin/gnu/h-i686-mingw32/bin/../lib/gcc/nios2-elf/4.1.2/../../../../nios2-elf/lib\libc.a(lib_a-reallocr.o)
 .debug_pubnames
                0x0000025d       0x1e c:/altera/13.0sp1/nios2eds/bin/gnu/h-i686-mingw32/bin/../lib/gcc/nios2-elf/4.1.2/../../../../nios2-elf/lib\libc.a(lib_a-sbrkr.o)
 .debug_pubnames
                0x0000027b       0x22 c:/altera/13.0sp1/nios2eds/bin/gnu/h-i686-mingw32/bin/../lib/gcc/nios2-elf/4.1.2/../../../../nios2-elf/lib\libc.a(lib_a-wsetup.o)
 .debug_pubnames
                0x0000029d       0x2b c:/altera/13.0sp1/nios2eds/bin/gnu/h-i686-mingw32/bin/../lib/gcc/nios2-elf/4.1.2/../../../../nios2-elf/lib\libc.a(lib_a-fflush.o)
 .debug_pubnames
                0x000002c8       0xdb c:/altera/13.0sp1/nios2eds/bin/gnu/h-i686-mingw32/bin/../lib/gcc/nios2-elf/4.1.2/../../../../nios2-elf/lib\libc.a(lib_a-findfp.o)
 .debug_pubnames
                0x000003a3       0x31 c:/altera/13.0sp1/nios2eds/bin/gnu/h-i686-mingw32/bin/../lib/gcc/nios2-elf/4.1.2/../../../../nios2-elf/lib\libc.a(lib_a-freer.o)
 .debug_pubnames
                0x000003d4       0x2e c:/altera/13.0sp1/nios2eds/bin/gnu/h-i686-mingw32/bin/../lib/gcc/nios2-elf/4.1.2/../../../../nios2-elf/lib\libc.a(lib_a-fwalk.o)
 .debug_pubnames
                0x00000402       0x1c c:/altera/13.0sp1/nios2eds/bin/gnu/h-i686-mingw32/bin/../lib/gcc/nios2-elf/4.1.2/../../../../nios2-elf/lib\libc.a(lib_a-int_errno.o)
 .debug_pubnames
                0x0000041e       0x23 c:/altera/13.0sp1/nios2eds/bin/gnu/h-i686-mingw32/bin/../lib/gcc/nios2-elf/4.1.2/../../../../nios2-elf/lib\libc.a(lib_a-makebuf.o)
 .debug_pubnames
                0x00000441       0x1d c:/altera/13.0sp1/nios2eds/bin/gnu/h-i686-mingw32/bin/../lib/gcc/nios2-elf/4.1.2/../../../../nios2-elf/lib\libc.a(lib_a-memset.o)
 .debug_pubnames
                0x0000045e       0x44 c:/altera/13.0sp1/nios2eds/bin/gnu/h-i686-mingw32/bin/../lib/gcc/nios2-elf/4.1.2/../../../../nios2-elf/lib\libc.a(lib_a-stdio.o)
 .debug_pubnames
                0x000004a2       0x1f c:/altera/13.0sp1/nios2eds/bin/gnu/h-i686-mingw32/bin/../lib/gcc/nios2-elf/4.1.2/../../../../nios2-elf/lib\libc.a(lib_a-writer.o)
 .debug_pubnames
                0x000004c1       0x1f c:/altera/13.0sp1/nios2eds/bin/gnu/h-i686-mingw32/bin/../lib/gcc/nios2-elf/4.1.2/../../../../nios2-elf/lib\libc.a(lib_a-closer.o)
 .debug_pubnames
                0x000004e0       0x2b c:/altera/13.0sp1/nios2eds/bin/gnu/h-i686-mingw32/bin/../lib/gcc/nios2-elf/4.1.2/../../../../nios2-elf/lib\libc.a(lib_a-fclose.o)
 .debug_pubnames
                0x0000050b       0x1f c:/altera/13.0sp1/nios2eds/bin/gnu/h-i686-mingw32/bin/../lib/gcc/nios2-elf/4.1.2/../../../../nios2-elf/lib\libc.a(lib_a-fstatr.o)
 .debug_pubnames
                0x0000052a       0x20 c:/altera/13.0sp1/nios2eds/bin/gnu/h-i686-mingw32/bin/../lib/gcc/nios2-elf/4.1.2/../../../../nios2-elf/lib\libc.a(lib_a-isattyr.o)
 .debug_pubnames
                0x0000054a       0x1f c:/altera/13.0sp1/nios2eds/bin/gnu/h-i686-mingw32/bin/../lib/gcc/nios2-elf/4.1.2/../../../../nios2-elf/lib\libc.a(lib_a-lseekr.o)
 .debug_pubnames
                0x00000569       0x1e c:/altera/13.0sp1/nios2eds/bin/gnu/h-i686-mingw32/bin/../lib/gcc/nios2-elf/4.1.2/../../../../nios2-elf/lib\libc.a(lib_a-readr.o)
 .debug_pubnames
                0x00000587       0x1c ../Wifi_bsp/\libhal_bsp.a(alt_close.o)
 .debug_pubnames
                0x000005a3       0x63 ../Wifi_bsp/\libhal_bsp.a(alt_dev.o)
 .debug_pubnames
                0x00000606       0x20 ../Wifi_bsp/\libhal_bsp.a(alt_errno.o)
 .debug_pubnames
                0x00000626       0x1c ../Wifi_bsp/\libhal_bsp.a(alt_fstat.o)
 .debug_pubnames
                0x00000642       0x1d ../Wifi_bsp/\libhal_bsp.a(alt_isatty.o)
 .debug_pubnames
                0x0000065f       0x1f ../Wifi_bsp/\libhal_bsp.a(alt_load.o)
 .debug_pubnames
                0x0000067e       0x1c ../Wifi_bsp/\libhal_bsp.a(alt_lseek.o)
 .debug_pubnames
                0x0000069a       0x46 ../Wifi_bsp/\libhal_bsp.a(alt_main.o)
 .debug_pubnames
                0x000006e0       0x38 ../Wifi_bsp/\libhal_bsp.a(alt_malloc_lock.o)
 .debug_pubnames
                0x00000718       0x1b ../Wifi_bsp/\libhal_bsp.a(alt_read.o)
 .debug_pubnames
                0x00000733       0x25 ../Wifi_bsp/\libhal_bsp.a(alt_release_fd.o)
 .debug_pubnames
                0x00000758       0x1b ../Wifi_bsp/\libhal_bsp.a(alt_sbrk.o)
 .debug_pubnames
                0x00000773       0x1d ../Wifi_bsp/\libhal_bsp.a(alt_usleep.o)
 .debug_pubnames
                0x00000790       0x1c ../Wifi_bsp/\libhal_bsp.a(alt_write.o)
 .debug_pubnames
                0x000007ac       0x34 ../Wifi_bsp/\libhal_bsp.a(alt_sys_init.o)
 .debug_pubnames
                0x000007e0       0xa5 ../Wifi_bsp/\libhal_bsp.a(altera_avalon_jtag_uart_fd.o)
 .debug_pubnames
                0x00000885       0x55 ../Wifi_bsp/\libhal_bsp.a(altera_avalon_jtag_uart_init.o)
 .debug_pubnames
                0x000008da       0x34 ../Wifi_bsp/\libhal_bsp.a(altera_avalon_jtag_uart_ioctl.o)
 .debug_pubnames
                0x0000090e       0x33 ../Wifi_bsp/\libhal_bsp.a(altera_avalon_jtag_uart_read.o)
 .debug_pubnames
                0x00000941       0x34 ../Wifi_bsp/\libhal_bsp.a(altera_avalon_jtag_uart_write.o)
 .debug_pubnames
                0x00000975       0x2f ../Wifi_bsp/\libhal_bsp.a(altera_avalon_timer_sc.o)
 .debug_pubnames
                0x000009a4      0x1cd ../Wifi_bsp/\libhal_bsp.a(altera_up_avalon_character_lcd.o)
 .debug_pubnames
                0x00000b71      0x163 ../Wifi_bsp/\libhal_bsp.a(altera_up_avalon_rs232.o)
 .debug_pubnames
                0x00000cd4       0x26 ../Wifi_bsp/\libhal_bsp.a(alt_alarm_start.o)
 .debug_pubnames
                0x00000cfa       0x25 ../Wifi_bsp/\libhal_bsp.a(alt_busy_sleep.o)
 .debug_pubnames
                0x00000d1f       0x2b ../Wifi_bsp/\libhal_bsp.a(alt_dcache_flush_all.o)
 .debug_pubnames
                0x00000d4a       0x2b ../Wifi_bsp/\libhal_bsp.a(alt_dev_llist_insert.o)
 .debug_pubnames
                0x00000d75       0x20 ../Wifi_bsp/\libhal_bsp.a(alt_do_ctors.o)
 .debug_pubnames
                0x00000d95       0x20 ../Wifi_bsp/\libhal_bsp.a(alt_do_dtors.o)
 .debug_pubnames
                0x00000db5       0x23 ../Wifi_bsp/\libhal_bsp.a(alt_find_dev.o)
 .debug_pubnames
                0x00000dd8       0x2b ../Wifi_bsp/\libhal_bsp.a(alt_icache_flush_all.o)
 .debug_pubnames
                0x00000e03       0x26 ../Wifi_bsp/\libhal_bsp.a(alt_io_redirect.o)
 .debug_pubnames
                0x00000e29       0x27 ../Wifi_bsp/\libhal_bsp.a(alt_irq_register.o)
 .debug_pubnames
                0x00000e50       0x3b ../Wifi_bsp/\libhal_bsp.a(alt_irq_vars.o)
 .debug_pubnames
                0x00000e8b       0x1b ../Wifi_bsp/\libhal_bsp.a(alt_open.o)
 .debug_pubnames
                0x00000ea6       0x68 ../Wifi_bsp/\libhal_bsp.a(alt_tick.o)
 .debug_pubnames
                0x00000f0e       0x31 ../Wifi_bsp/\libhal_bsp.a(altera_nios2_qsys_irq.o)
 .debug_pubnames
                0x00000f3f       0x24 ../Wifi_bsp/\libhal_bsp.a(alt_find_file.o)
 .debug_pubnames
                0x00000f63       0x21 ../Wifi_bsp/\libhal_bsp.a(alt_get_fd.o)
 .debug_pubnames
                0x00000f84       0x27 ../Wifi_bsp/\libhal_bsp.a(alt_icache_flush.o)
 .debug_pubnames
                0x00000fab       0x32 ../Wifi_bsp/\libhal_bsp.a(alt_irq_handler.o)
 .debug_pubnames
                0x00000fdd       0x2a c:/altera/13.0sp1/nios2eds/bin/gnu/h-i686-mingw32/bin/../lib/gcc/nios2-elf/4.1.2/../../../../nios2-elf/lib\libc.a(lib_a-atexit.o)
 .debug_pubnames
                0x00001007       0x1b c:/altera/13.0sp1/nios2eds/bin/gnu/h-i686-mingw32/bin/../lib/gcc/nios2-elf/4.1.2/../../../../nios2-elf/lib\libc.a(lib_a-exit.o)
 .debug_pubnames
                0x00001022       0x1d c:/altera/13.0sp1/nios2eds/bin/gnu/h-i686-mingw32/bin/../lib/gcc/nios2-elf/4.1.2/../../../../nios2-elf/lib\libc.a(lib_a-memcmp.o)
 .debug_pubnames
                0x0000103f       0x2a c:/altera/13.0sp1/nios2eds/bin/gnu/h-i686-mingw32/bin/../lib/gcc/nios2-elf/4.1.2/../../../../nios2-elf/lib\libc.a(lib_a-__atexit.o)
 .debug_pubnames
                0x00001069       0x27 c:/altera/13.0sp1/nios2eds/bin/gnu/h-i686-mingw32/bin/../lib/gcc/nios2-elf/4.1.2/../../../../nios2-elf/lib\libc.a(lib_a-__call_atexit.o)
 .debug_pubnames
                0x00001090       0x1c ../Wifi_bsp/\libhal_bsp.a(alt_exit.o)

.debug_info     0x00000000    0x1aba0
 *(.debug_info .gnu.linkonce.wi.*)
 .debug_info    0x00000000       0x6d ../Wifi_bsp//obj/HAL/src/crt0.o
 .debug_info    0x0000006d      0x27e obj/default/hello_world.o
 .debug_info    0x000002eb      0xa25 c:/altera/13.0sp1/nios2eds/bin/gnu/h-i686-mingw32/bin/../lib/gcc/nios2-elf/4.1.2/../../../../nios2-elf/lib\libc.a(lib_a-puts.o)
 .debug_info    0x00000d10       0xdb c:/altera/13.0sp1/nios2eds/bin/gnu/h-i686-mingw32/bin/../lib/gcc/nios2-elf/4.1.2/../../../../nios2-elf/lib\libc.a(lib_a-strlen.o)
 .debug_info    0x00000deb      0xa88 c:/altera/13.0sp1/nios2eds/bin/gnu/h-i686-mingw32/bin/../lib/gcc/nios2-elf/4.1.2/../../../../nios2-elf/lib\libc.a(lib_a-fvwrite.o)
 .debug_info    0x00001873      0x93d c:/altera/13.0sp1/nios2eds/bin/gnu/h-i686-mingw32/bin/../lib/gcc/nios2-elf/4.1.2/../../../../nios2-elf/lib\libc.a(lib_a-impure.o)
 .debug_info    0x000021b0      0xcd0 c:/altera/13.0sp1/nios2eds/bin/gnu/h-i686-mingw32/bin/../lib/gcc/nios2-elf/4.1.2/../../../../nios2-elf/lib\libc.a(lib_a-mallocr.o)
 .debug_info    0x00002e80      0x138 c:/altera/13.0sp1/nios2eds/bin/gnu/h-i686-mingw32/bin/../lib/gcc/nios2-elf/4.1.2/../../../../nios2-elf/lib\libc.a(lib_a-memchr.o)
 .debug_info    0x00002fb8      0x106 c:/altera/13.0sp1/nios2eds/bin/gnu/h-i686-mingw32/bin/../lib/gcc/nios2-elf/4.1.2/../../../../nios2-elf/lib\libc.a(lib_a-memcpy.o)
 .debug_info    0x000030be      0x13e c:/altera/13.0sp1/nios2eds/bin/gnu/h-i686-mingw32/bin/../lib/gcc/nios2-elf/4.1.2/../../../../nios2-elf/lib\libc.a(lib_a-memmove.o)
 .debug_info    0x000031fc      0xbd7 c:/altera/13.0sp1/nios2eds/bin/gnu/h-i686-mingw32/bin/../lib/gcc/nios2-elf/4.1.2/../../../../nios2-elf/lib\libc.a(lib_a-reallocr.o)
 .debug_info    0x00003dd3      0x962 c:/altera/13.0sp1/nios2eds/bin/gnu/h-i686-mingw32/bin/../lib/gcc/nios2-elf/4.1.2/../../../../nios2-elf/lib\libc.a(lib_a-sbrkr.o)
 .debug_info    0x00004735      0x95d c:/altera/13.0sp1/nios2eds/bin/gnu/h-i686-mingw32/bin/../lib/gcc/nios2-elf/4.1.2/../../../../nios2-elf/lib\libc.a(lib_a-wsetup.o)
 .debug_info    0x00005092      0x9fe c:/altera/13.0sp1/nios2eds/bin/gnu/h-i686-mingw32/bin/../lib/gcc/nios2-elf/4.1.2/../../../../nios2-elf/lib\libc.a(lib_a-fflush.o)
 .debug_info    0x00005a90      0xb72 c:/altera/13.0sp1/nios2eds/bin/gnu/h-i686-mingw32/bin/../lib/gcc/nios2-elf/4.1.2/../../../../nios2-elf/lib\libc.a(lib_a-findfp.o)
 .debug_info    0x00006602      0xbc9 c:/altera/13.0sp1/nios2eds/bin/gnu/h-i686-mingw32/bin/../lib/gcc/nios2-elf/4.1.2/../../../../nios2-elf/lib\libc.a(lib_a-freer.o)
 .debug_info    0x000071cb      0xaed c:/altera/13.0sp1/nios2eds/bin/gnu/h-i686-mingw32/bin/../lib/gcc/nios2-elf/4.1.2/../../../../nios2-elf/lib\libc.a(lib_a-fwalk.o)
 .debug_info    0x00007cb8       0x8c c:/altera/13.0sp1/nios2eds/bin/gnu/h-i686-mingw32/bin/../lib/gcc/nios2-elf/4.1.2/../../../../nios2-elf/lib\libc.a(lib_a-int_errno.o)
 .debug_info    0x00007d44      0xb1a c:/altera/13.0sp1/nios2eds/bin/gnu/h-i686-mingw32/bin/../lib/gcc/nios2-elf/4.1.2/../../../../nios2-elf/lib\libc.a(lib_a-makebuf.o)
 .debug_info    0x0000885e      0x113 c:/altera/13.0sp1/nios2eds/bin/gnu/h-i686-mingw32/bin/../lib/gcc/nios2-elf/4.1.2/../../../../nios2-elf/lib\libc.a(lib_a-memset.o)
 .debug_info    0x00008971      0xaac c:/altera/13.0sp1/nios2eds/bin/gnu/h-i686-mingw32/bin/../lib/gcc/nios2-elf/4.1.2/../../../../nios2-elf/lib\libc.a(lib_a-stdio.o)
 .debug_info    0x0000941d      0x993 c:/altera/13.0sp1/nios2eds/bin/gnu/h-i686-mingw32/bin/../lib/gcc/nios2-elf/4.1.2/../../../../nios2-elf/lib\libc.a(lib_a-writer.o)
 .debug_info    0x00009db0      0x958 c:/altera/13.0sp1/nios2eds/bin/gnu/h-i686-mingw32/bin/../lib/gcc/nios2-elf/4.1.2/../../../../nios2-elf/lib\libc.a(lib_a-closer.o)
 .debug_info    0x0000a708      0x994 c:/altera/13.0sp1/nios2eds/bin/gnu/h-i686-mingw32/bin/../lib/gcc/nios2-elf/4.1.2/../../../../nios2-elf/lib\libc.a(lib_a-fclose.o)
 .debug_info    0x0000b09c      0xafc c:/altera/13.0sp1/nios2eds/bin/gnu/h-i686-mingw32/bin/../lib/gcc/nios2-elf/4.1.2/../../../../nios2-elf/lib\libc.a(lib_a-fstatr.o)
 .debug_info    0x0000bb98      0x958 c:/altera/13.0sp1/nios2eds/bin/gnu/h-i686-mingw32/bin/../lib/gcc/nios2-elf/4.1.2/../../../../nios2-elf/lib\libc.a(lib_a-isattyr.o)
 .debug_info    0x0000c4f0      0x981 c:/altera/13.0sp1/nios2eds/bin/gnu/h-i686-mingw32/bin/../lib/gcc/nios2-elf/4.1.2/../../../../nios2-elf/lib\libc.a(lib_a-lseekr.o)
 .debug_info    0x0000ce71      0x98c c:/altera/13.0sp1/nios2eds/bin/gnu/h-i686-mingw32/bin/../lib/gcc/nios2-elf/4.1.2/../../../../nios2-elf/lib\libc.a(lib_a-readr.o)
 .debug_info    0x0000d7fd      0x459 ../Wifi_bsp/\libhal_bsp.a(alt_close.o)
 .debug_info    0x0000dc56      0x671 ../Wifi_bsp/\libhal_bsp.a(alt_dev.o)
 .debug_info    0x0000e2c7      0x156 ../Wifi_bsp/\libhal_bsp.a(alt_errno.o)
 .debug_info    0x0000e41d      0x652 ../Wifi_bsp/\libhal_bsp.a(alt_fstat.o)
 .debug_info    0x0000ea6f      0x658 ../Wifi_bsp/\libhal_bsp.a(alt_isatty.o)
 .debug_info    0x0000f0c7      0x27f ../Wifi_bsp/\libhal_bsp.a(alt_load.o)
 .debug_info    0x0000f346      0x48c ../Wifi_bsp/\libhal_bsp.a(alt_lseek.o)
 .debug_info    0x0000f7d2      0x25e ../Wifi_bsp/\libhal_bsp.a(alt_main.o)
 .debug_info    0x0000fa30      0xc0a ../Wifi_bsp/\libhal_bsp.a(alt_malloc_lock.o)
 .debug_info    0x0001063a      0x67c ../Wifi_bsp/\libhal_bsp.a(alt_read.o)
 .debug_info    0x00010cb6      0x3e4 ../Wifi_bsp/\libhal_bsp.a(alt_release_fd.o)
 .debug_info    0x0001109a      0x2f0 ../Wifi_bsp/\libhal_bsp.a(alt_sbrk.o)
 .debug_info    0x0001138a      0x15a ../Wifi_bsp/\libhal_bsp.a(alt_usleep.o)
 .debug_info    0x000114e4      0x685 ../Wifi_bsp/\libhal_bsp.a(alt_write.o)
 .debug_info    0x00011b69      0x7e3 ../Wifi_bsp/\libhal_bsp.a(alt_sys_init.o)
 .debug_info    0x0001234c      0x7cb ../Wifi_bsp/\libhal_bsp.a(altera_avalon_jtag_uart_fd.o)
 .debug_info    0x00012b17      0x633 ../Wifi_bsp/\libhal_bsp.a(altera_avalon_jtag_uart_init.o)
 .debug_info    0x0001314a      0x435 ../Wifi_bsp/\libhal_bsp.a(altera_avalon_jtag_uart_ioctl.o)
 .debug_info    0x0001357f      0x56b ../Wifi_bsp/\libhal_bsp.a(altera_avalon_jtag_uart_read.o)
 .debug_info    0x00013aea      0x563 ../Wifi_bsp/\libhal_bsp.a(altera_avalon_jtag_uart_write.o)
 .debug_info    0x0001404d      0x3bd ../Wifi_bsp/\libhal_bsp.a(altera_avalon_timer_sc.o)
 .debug_info    0x0001440a      0x8db ../Wifi_bsp/\libhal_bsp.a(altera_up_avalon_character_lcd.o)
 .debug_info    0x00014ce5      0x7d1 ../Wifi_bsp/\libhal_bsp.a(altera_up_avalon_rs232.o)
 .debug_info    0x000154b6      0x467 ../Wifi_bsp/\libhal_bsp.a(alt_alarm_start.o)
 .debug_info    0x0001591d      0x19d ../Wifi_bsp/\libhal_bsp.a(alt_busy_sleep.o)
 .debug_info    0x00015aba      0x161 ../Wifi_bsp/\libhal_bsp.a(alt_dcache_flush_all.o)
 .debug_info    0x00015c1b      0x2a9 ../Wifi_bsp/\libhal_bsp.a(alt_dev_llist_insert.o)
 .debug_info    0x00015ec4      0x101 ../Wifi_bsp/\libhal_bsp.a(alt_do_ctors.o)
 .debug_info    0x00015fc5      0x100 ../Wifi_bsp/\libhal_bsp.a(alt_do_dtors.o)
 .debug_info    0x000160c5      0x40a ../Wifi_bsp/\libhal_bsp.a(alt_find_dev.o)
 .debug_info    0x000164cf      0x14e ../Wifi_bsp/\libhal_bsp.a(alt_icache_flush_all.o)
 .debug_info    0x0001661d      0x687 ../Wifi_bsp/\libhal_bsp.a(alt_io_redirect.o)
 .debug_info    0x00016ca4      0x421 ../Wifi_bsp/\libhal_bsp.a(alt_irq_register.o)
 .debug_info    0x000170c5      0x159 ../Wifi_bsp/\libhal_bsp.a(alt_irq_vars.o)
 .debug_info    0x0001721e      0x517 ../Wifi_bsp/\libhal_bsp.a(alt_open.o)
 .debug_info    0x00017735      0x423 ../Wifi_bsp/\libhal_bsp.a(alt_tick.o)
 .debug_info    0x00017b58      0x19c ../Wifi_bsp/\libhal_bsp.a(altera_nios2_qsys_irq.o)
 .debug_info    0x00017cf4      0x411 ../Wifi_bsp/\libhal_bsp.a(alt_find_file.o)
 .debug_info    0x00018105      0x452 ../Wifi_bsp/\libhal_bsp.a(alt_get_fd.o)
 .debug_info    0x00018557      0x196 ../Wifi_bsp/\libhal_bsp.a(alt_icache_flush.o)
 .debug_info    0x000186ed       0x76 ../Wifi_bsp/\libhal_bsp.a(alt_irq_entry.o)
 .debug_info    0x00018763      0x2a4 ../Wifi_bsp/\libhal_bsp.a(alt_irq_handler.o)
 .debug_info    0x00018a07       0x7c ../Wifi_bsp/\libhal_bsp.a(alt_exception_entry.o)
 .debug_info    0x00018a83      0x181 c:/altera/13.0sp1/nios2eds/bin/gnu/h-i686-mingw32/bin/../lib/gcc/nios2-elf/4.1.2/../../../../nios2-elf/lib\libc.a(lib_a-atexit.o)
 .debug_info    0x00018c04      0x93f c:/altera/13.0sp1/nios2eds/bin/gnu/h-i686-mingw32/bin/../lib/gcc/nios2-elf/4.1.2/../../../../nios2-elf/lib\libc.a(lib_a-exit.o)
 .debug_info    0x00019543      0x115 c:/altera/13.0sp1/nios2eds/bin/gnu/h-i686-mingw32/bin/../lib/gcc/nios2-elf/4.1.2/../../../../nios2-elf/lib\libc.a(lib_a-memcmp.o)
 .debug_info    0x00019658      0x99c c:/altera/13.0sp1/nios2eds/bin/gnu/h-i686-mingw32/bin/../lib/gcc/nios2-elf/4.1.2/../../../../nios2-elf/lib\libc.a(lib_a-__atexit.o)
 .debug_info    0x00019ff4      0x9e2 c:/altera/13.0sp1/nios2eds/bin/gnu/h-i686-mingw32/bin/../lib/gcc/nios2-elf/4.1.2/../../../../nios2-elf/lib\libc.a(lib_a-__call_atexit.o)
 .debug_info    0x0001a9d6      0x1ca ../Wifi_bsp/\libhal_bsp.a(alt_exit.o)

.debug_abbrev   0x00000000     0x5277
 *(.debug_abbrev)
 .debug_abbrev  0x00000000       0x12 ../Wifi_bsp//obj/HAL/src/crt0.o
 .debug_abbrev  0x00000012       0xef obj/default/hello_world.o
 .debug_abbrev  0x00000101      0x1ac c:/altera/13.0sp1/nios2eds/bin/gnu/h-i686-mingw32/bin/../lib/gcc/nios2-elf/4.1.2/../../../../nios2-elf/lib\libc.a(lib_a-puts.o)
 .debug_abbrev  0x000002ad       0x8b c:/altera/13.0sp1/nios2eds/bin/gnu/h-i686-mingw32/bin/../lib/gcc/nios2-elf/4.1.2/../../../../nios2-elf/lib\libc.a(lib_a-strlen.o)
 .debug_abbrev  0x00000338      0x1a3 c:/altera/13.0sp1/nios2eds/bin/gnu/h-i686-mingw32/bin/../lib/gcc/nios2-elf/4.1.2/../../../../nios2-elf/lib\libc.a(lib_a-fvwrite.o)
 .debug_abbrev  0x000004db      0x157 c:/altera/13.0sp1/nios2eds/bin/gnu/h-i686-mingw32/bin/../lib/gcc/nios2-elf/4.1.2/../../../../nios2-elf/lib\libc.a(lib_a-impure.o)
 .debug_abbrev  0x00000632      0x216 c:/altera/13.0sp1/nios2eds/bin/gnu/h-i686-mingw32/bin/../lib/gcc/nios2-elf/4.1.2/../../../../nios2-elf/lib\libc.a(lib_a-mallocr.o)
 .debug_abbrev  0x00000848       0xb5 c:/altera/13.0sp1/nios2eds/bin/gnu/h-i686-mingw32/bin/../lib/gcc/nios2-elf/4.1.2/../../../../nios2-elf/lib\libc.a(lib_a-memchr.o)
 .debug_abbrev  0x000008fd       0xb5 c:/altera/13.0sp1/nios2eds/bin/gnu/h-i686-mingw32/bin/../lib/gcc/nios2-elf/4.1.2/../../../../nios2-elf/lib\libc.a(lib_a-memcpy.o)
 .debug_abbrev  0x000009b2       0xb5 c:/altera/13.0sp1/nios2eds/bin/gnu/h-i686-mingw32/bin/../lib/gcc/nios2-elf/4.1.2/../../../../nios2-elf/lib\libc.a(lib_a-memmove.o)
 .debug_abbrev  0x00000a67      0x1c3 c:/altera/13.0sp1/nios2eds/bin/gnu/h-i686-mingw32/bin/../lib/gcc/nios2-elf/4.1.2/../../../../nios2-elf/lib\libc.a(lib_a-reallocr.o)
 .debug_abbrev  0x00000c2a      0x18c c:/altera/13.0sp1/nios2eds/bin/gnu/h-i686-mingw32/bin/../lib/gcc/nios2-elf/4.1.2/../../../../nios2-elf/lib\libc.a(lib_a-sbrkr.o)
 .debug_abbrev  0x00000db6      0x170 c:/altera/13.0sp1/nios2eds/bin/gnu/h-i686-mingw32/bin/../lib/gcc/nios2-elf/4.1.2/../../../../nios2-elf/lib\libc.a(lib_a-wsetup.o)
 .debug_abbrev  0x00000f26      0x1c6 c:/altera/13.0sp1/nios2eds/bin/gnu/h-i686-mingw32/bin/../lib/gcc/nios2-elf/4.1.2/../../../../nios2-elf/lib\libc.a(lib_a-fflush.o)
 .debug_abbrev  0x000010ec      0x24c c:/altera/13.0sp1/nios2eds/bin/gnu/h-i686-mingw32/bin/../lib/gcc/nios2-elf/4.1.2/../../../../nios2-elf/lib\libc.a(lib_a-findfp.o)
 .debug_abbrev  0x00001338      0x1d9 c:/altera/13.0sp1/nios2eds/bin/gnu/h-i686-mingw32/bin/../lib/gcc/nios2-elf/4.1.2/../../../../nios2-elf/lib\libc.a(lib_a-freer.o)
 .debug_abbrev  0x00001511      0x1e3 c:/altera/13.0sp1/nios2eds/bin/gnu/h-i686-mingw32/bin/../lib/gcc/nios2-elf/4.1.2/../../../../nios2-elf/lib\libc.a(lib_a-fwalk.o)
 .debug_abbrev  0x000016f4       0x3b c:/altera/13.0sp1/nios2eds/bin/gnu/h-i686-mingw32/bin/../lib/gcc/nios2-elf/4.1.2/../../../../nios2-elf/lib\libc.a(lib_a-int_errno.o)
 .debug_abbrev  0x0000172f      0x197 c:/altera/13.0sp1/nios2eds/bin/gnu/h-i686-mingw32/bin/../lib/gcc/nios2-elf/4.1.2/../../../../nios2-elf/lib\libc.a(lib_a-makebuf.o)
 .debug_abbrev  0x000018c6       0xb8 c:/altera/13.0sp1/nios2eds/bin/gnu/h-i686-mingw32/bin/../lib/gcc/nios2-elf/4.1.2/../../../../nios2-elf/lib\libc.a(lib_a-memset.o)
 .debug_abbrev  0x0000197e      0x1c9 c:/altera/13.0sp1/nios2eds/bin/gnu/h-i686-mingw32/bin/../lib/gcc/nios2-elf/4.1.2/../../../../nios2-elf/lib\libc.a(lib_a-stdio.o)
 .debug_abbrev  0x00001b47      0x184 c:/altera/13.0sp1/nios2eds/bin/gnu/h-i686-mingw32/bin/../lib/gcc/nios2-elf/4.1.2/../../../../nios2-elf/lib\libc.a(lib_a-writer.o)
 .debug_abbrev  0x00001ccb      0x17f c:/altera/13.0sp1/nios2eds/bin/gnu/h-i686-mingw32/bin/../lib/gcc/nios2-elf/4.1.2/../../../../nios2-elf/lib\libc.a(lib_a-closer.o)
 .debug_abbrev  0x00001e4a      0x1a7 c:/altera/13.0sp1/nios2eds/bin/gnu/h-i686-mingw32/bin/../lib/gcc/nios2-elf/4.1.2/../../../../nios2-elf/lib\libc.a(lib_a-fclose.o)
 .debug_abbrev  0x00001ff1      0x18e c:/altera/13.0sp1/nios2eds/bin/gnu/h-i686-mingw32/bin/../lib/gcc/nios2-elf/4.1.2/../../../../nios2-elf/lib\libc.a(lib_a-fstatr.o)
 .debug_abbrev  0x0000217f      0x17f c:/altera/13.0sp1/nios2eds/bin/gnu/h-i686-mingw32/bin/../lib/gcc/nios2-elf/4.1.2/../../../../nios2-elf/lib\libc.a(lib_a-isattyr.o)
 .debug_abbrev  0x000022fe      0x18e c:/altera/13.0sp1/nios2eds/bin/gnu/h-i686-mingw32/bin/../lib/gcc/nios2-elf/4.1.2/../../../../nios2-elf/lib\libc.a(lib_a-lseekr.o)
 .debug_abbrev  0x0000248c      0x17f c:/altera/13.0sp1/nios2eds/bin/gnu/h-i686-mingw32/bin/../lib/gcc/nios2-elf/4.1.2/../../../../nios2-elf/lib\libc.a(lib_a-readr.o)
 .debug_abbrev  0x0000260b       0xfb ../Wifi_bsp/\libhal_bsp.a(alt_close.o)
 .debug_abbrev  0x00002706       0xc7 ../Wifi_bsp/\libhal_bsp.a(alt_dev.o)
 .debug_abbrev  0x000027cd       0x5e ../Wifi_bsp/\libhal_bsp.a(alt_errno.o)
 .debug_abbrev  0x0000282b       0xfb ../Wifi_bsp/\libhal_bsp.a(alt_fstat.o)
 .debug_abbrev  0x00002926       0xfb ../Wifi_bsp/\libhal_bsp.a(alt_isatty.o)
 .debug_abbrev  0x00002a21       0x88 ../Wifi_bsp/\libhal_bsp.a(alt_load.o)
 .debug_abbrev  0x00002aa9       0xfb ../Wifi_bsp/\libhal_bsp.a(alt_lseek.o)
 .debug_abbrev  0x00002ba4       0xbe ../Wifi_bsp/\libhal_bsp.a(alt_main.o)
 .debug_abbrev  0x00002c62      0x181 ../Wifi_bsp/\libhal_bsp.a(alt_malloc_lock.o)
 .debug_abbrev  0x00002de3       0xfb ../Wifi_bsp/\libhal_bsp.a(alt_read.o)
 .debug_abbrev  0x00002ede       0xc1 ../Wifi_bsp/\libhal_bsp.a(alt_release_fd.o)
 .debug_abbrev  0x00002f9f      0x11c ../Wifi_bsp/\libhal_bsp.a(alt_sbrk.o)
 .debug_abbrev  0x000030bb       0x5d ../Wifi_bsp/\libhal_bsp.a(alt_usleep.o)
 .debug_abbrev  0x00003118      0x100 ../Wifi_bsp/\libhal_bsp.a(alt_write.o)
 .debug_abbrev  0x00003218      0x15e ../Wifi_bsp/\libhal_bsp.a(alt_sys_init.o)
 .debug_abbrev  0x00003376       0xf7 ../Wifi_bsp/\libhal_bsp.a(altera_avalon_jtag_uart_fd.o)
 .debug_abbrev  0x0000346d      0x17c ../Wifi_bsp/\libhal_bsp.a(altera_avalon_jtag_uart_init.o)
 .debug_abbrev  0x000035e9       0xf0 ../Wifi_bsp/\libhal_bsp.a(altera_avalon_jtag_uart_ioctl.o)
 .debug_abbrev  0x000036d9      0x191 ../Wifi_bsp/\libhal_bsp.a(altera_avalon_jtag_uart_read.o)
 .debug_abbrev  0x0000386a      0x18d ../Wifi_bsp/\libhal_bsp.a(altera_avalon_jtag_uart_write.o)
 .debug_abbrev  0x000039f7      0x137 ../Wifi_bsp/\libhal_bsp.a(altera_avalon_timer_sc.o)
 .debug_abbrev  0x00003b2e      0x127 ../Wifi_bsp/\libhal_bsp.a(altera_up_avalon_character_lcd.o)
 .debug_abbrev  0x00003c55      0x120 ../Wifi_bsp/\libhal_bsp.a(altera_up_avalon_rs232.o)
 .debug_abbrev  0x00003d75      0x172 ../Wifi_bsp/\libhal_bsp.a(alt_alarm_start.o)
 .debug_abbrev  0x00003ee7       0x6c ../Wifi_bsp/\libhal_bsp.a(alt_busy_sleep.o)
 .debug_abbrev  0x00003f53       0x57 ../Wifi_bsp/\libhal_bsp.a(alt_dcache_flush_all.o)
 .debug_abbrev  0x00003faa       0xf6 ../Wifi_bsp/\libhal_bsp.a(alt_dev_llist_insert.o)
 .debug_abbrev  0x000040a0       0x76 ../Wifi_bsp/\libhal_bsp.a(alt_do_ctors.o)
 .debug_abbrev  0x00004116       0x76 ../Wifi_bsp/\libhal_bsp.a(alt_do_dtors.o)
 .debug_abbrev  0x0000418c       0xcf ../Wifi_bsp/\libhal_bsp.a(alt_find_dev.o)
 .debug_abbrev  0x0000425b       0x3f ../Wifi_bsp/\libhal_bsp.a(alt_icache_flush_all.o)
 .debug_abbrev  0x0000429a       0xf0 ../Wifi_bsp/\libhal_bsp.a(alt_io_redirect.o)
 .debug_abbrev  0x0000438a      0x180 ../Wifi_bsp/\libhal_bsp.a(alt_irq_register.o)
 .debug_abbrev  0x0000450a       0x44 ../Wifi_bsp/\libhal_bsp.a(alt_irq_vars.o)
 .debug_abbrev  0x0000454e      0x112 ../Wifi_bsp/\libhal_bsp.a(alt_open.o)
 .debug_abbrev  0x00004660      0x161 ../Wifi_bsp/\libhal_bsp.a(alt_tick.o)
 .debug_abbrev  0x000047c1       0x64 ../Wifi_bsp/\libhal_bsp.a(altera_nios2_qsys_irq.o)
 .debug_abbrev  0x00004825       0xcf ../Wifi_bsp/\libhal_bsp.a(alt_find_file.o)
 .debug_abbrev  0x000048f4       0xfb ../Wifi_bsp/\libhal_bsp.a(alt_get_fd.o)
 .debug_abbrev  0x000049ef       0x7a ../Wifi_bsp/\libhal_bsp.a(alt_icache_flush.o)
 .debug_abbrev  0x00004a69       0x12 ../Wifi_bsp/\libhal_bsp.a(alt_irq_entry.o)
 .debug_abbrev  0x00004a7b      0x124 ../Wifi_bsp/\libhal_bsp.a(alt_irq_handler.o)
 .debug_abbrev  0x00004b9f       0x12 ../Wifi_bsp/\libhal_bsp.a(alt_exception_entry.o)
 .debug_abbrev  0x00004bb1       0xb7 c:/altera/13.0sp1/nios2eds/bin/gnu/h-i686-mingw32/bin/../lib/gcc/nios2-elf/4.1.2/../../../../nios2-elf/lib\libc.a(lib_a-atexit.o)
 .debug_abbrev  0x00004c68      0x16e c:/altera/13.0sp1/nios2eds/bin/gnu/h-i686-mingw32/bin/../lib/gcc/nios2-elf/4.1.2/../../../../nios2-elf/lib\libc.a(lib_a-exit.o)
 .debug_abbrev  0x00004dd6       0x7c c:/altera/13.0sp1/nios2eds/bin/gnu/h-i686-mingw32/bin/../lib/gcc/nios2-elf/4.1.2/../../../../nios2-elf/lib\libc.a(lib_a-memcmp.o)
 .debug_abbrev  0x00004e52      0x1ae c:/altera/13.0sp1/nios2eds/bin/gnu/h-i686-mingw32/bin/../lib/gcc/nios2-elf/4.1.2/../../../../nios2-elf/lib\libc.a(lib_a-__atexit.o)