Archive member included because of file (symbol)

c:/altera/13.0sp1/nios2eds/bin/gnu/h-i686-mingw32/bin/../lib/gcc/nios2-elf/4.1.2/mno-hw-mul\libgcc.a(lib2-mul.o)
                              obj/default/OutGraphicsCharFont.o (__mulsi3)
c:/altera/13.0sp1/nios2eds/bin/gnu/h-i686-mingw32/bin/../lib/gcc/nios2-elf/4.1.2/../../../../nios2-elf/lib/mno-hw-mul\libc.a(lib_a-puts.o)
                              obj/default/graphics.o (puts)
c:/altera/13.0sp1/nios2eds/bin/gnu/h-i686-mingw32/bin/../lib/gcc/nios2-elf/4.1.2/../../../../nios2-elf/lib/mno-hw-mul\libc.a(lib_a-strlen.o)
                              c:/altera/13.0sp1/nios2eds/bin/gnu/h-i686-mingw32/bin/../lib/gcc/nios2-elf/4.1.2/../../../../nios2-elf/lib/mno-hw-mul\libc.a(lib_a-puts.o) (strlen)
c:/altera/13.0sp1/nios2eds/bin/gnu/h-i686-mingw32/bin/../lib/gcc/nios2-elf/4.1.2/../../../../nios2-elf/lib/mno-hw-mul\libc.a(lib_a-fvwrite.o)
                              c:/altera/13.0sp1/nios2eds/bin/gnu/h-i686-mingw32/bin/../lib/gcc/nios2-elf/4.1.2/../../../../nios2-elf/lib/mno-hw-mul\libc.a(lib_a-puts.o) (__sfvwrite_r)
c:/altera/13.0sp1/nios2eds/bin/gnu/h-i686-mingw32/bin/../lib/gcc/nios2-elf/4.1.2/../../../../nios2-elf/lib/mno-hw-mul\libc.a(lib_a-impure.o)
                              c:/altera/13.0sp1/nios2eds/bin/gnu/h-i686-mingw32/bin/../lib/gcc/nios2-elf/4.1.2/../../../../nios2-elf/lib/mno-hw-mul\libc.a(lib_a-puts.o) (_impure_ptr)
c:/altera/13.0sp1/nios2eds/bin/gnu/h-i686-mingw32/bin/../lib/gcc/nios2-elf/4.1.2/../../../../nios2-elf/lib/mno-hw-mul\libc.a(lib_a-mallocr.o)
                              c:/altera/13.0sp1/nios2eds/bin/gnu/h-i686-mingw32/bin/../lib/gcc/nios2-elf/4.1.2/../../../../nios2-elf/lib/mno-hw-mul\libc.a(lib_a-fvwrite.o) (_malloc_r)
c:/altera/13.0sp1/nios2eds/bin/gnu/h-i686-mingw32/bin/../lib/gcc/nios2-elf/4.1.2/../../../../nios2-elf/lib/mno-hw-mul\libc.a(lib_a-memchr.o)
                              c:/altera/13.0sp1/nios2eds/bin/gnu/h-i686-mingw32/bin/../lib/gcc/nios2-elf/4.1.2/../../../../nios2-elf/lib/mno-hw-mul\libc.a(lib_a-fvwrite.o) (memchr)
c:/altera/13.0sp1/nios2eds/bin/gnu/h-i686-mingw32/bin/../lib/gcc/nios2-elf/4.1.2/../../../../nios2-elf/lib/mno-hw-mul\libc.a(lib_a-memcpy.o)
                              c:/altera/13.0sp1/nios2eds/bin/gnu/h-i686-mingw32/bin/../lib/gcc/nios2-elf/4.1.2/../../../../nios2-elf/lib/mno-hw-mul\libc.a(lib_a-fvwrite.o) (memcpy)
c:/altera/13.0sp1/nios2eds/bin/gnu/h-i686-mingw32/bin/../lib/gcc/nios2-elf/4.1.2/../../../../nios2-elf/lib/mno-hw-mul\libc.a(lib_a-memmove.o)
                              c:/altera/13.0sp1/nios2eds/bin/gnu/h-i686-mingw32/bin/../lib/gcc/nios2-elf/4.1.2/../../../../nios2-elf/lib/mno-hw-mul\libc.a(lib_a-fvwrite.o) (memmove)
c:/altera/13.0sp1/nios2eds/bin/gnu/h-i686-mingw32/bin/../lib/gcc/nios2-elf/4.1.2/../../../../nios2-elf/lib/mno-hw-mul\libc.a(lib_a-reallocr.o)
                              c:/altera/13.0sp1/nios2eds/bin/gnu/h-i686-mingw32/bin/../lib/gcc/nios2-elf/4.1.2/../../../../nios2-elf/lib/mno-hw-mul\libc.a(lib_a-fvwrite.o) (_realloc_r)
c:/altera/13.0sp1/nios2eds/bin/gnu/h-i686-mingw32/bin/../lib/gcc/nios2-elf/4.1.2/../../../../nios2-elf/lib/mno-hw-mul\libc.a(lib_a-sbrkr.o)
                              c:/altera/13.0sp1/nios2eds/bin/gnu/h-i686-mingw32/bin/../lib/gcc/nios2-elf/4.1.2/../../../../nios2-elf/lib/mno-hw-mul\libc.a(lib_a-mallocr.o) (_sbrk_r)
c:/altera/13.0sp1/nios2eds/bin/gnu/h-i686-mingw32/bin/../lib/gcc/nios2-elf/4.1.2/../../../../nios2-elf/lib/mno-hw-mul\libc.a(lib_a-wsetup.o)
                              c:/altera/13.0sp1/nios2eds/bin/gnu/h-i686-mingw32/bin/../lib/gcc/nios2-elf/4.1.2/../../../../nios2-elf/lib/mno-hw-mul\libc.a(lib_a-fvwrite.o) (__swsetup_r)
c:/altera/13.0sp1/nios2eds/bin/gnu/h-i686-mingw32/bin/../lib/gcc/nios2-elf/4.1.2/../../../../nios2-elf/lib/mno-hw-mul\libc.a(lib_a-fflush.o)
                              c:/altera/13.0sp1/nios2eds/bin/gnu/h-i686-mingw32/bin/../lib/gcc/nios2-elf/4.1.2/../../../../nios2-elf/lib/mno-hw-mul\libc.a(lib_a-fvwrite.o) (_fflush_r)
c:/altera/13.0sp1/nios2eds/bin/gnu/h-i686-mingw32/bin/../lib/gcc/nios2-elf/4.1.2/../../../../nios2-elf/lib/mno-hw-mul\libc.a(lib_a-findfp.o)
                              c:/altera/13.0sp1/nios2eds/bin/gnu/h-i686-mingw32/bin/../lib/gcc/nios2-elf/4.1.2/../../../../nios2-elf/lib/mno-hw-mul\libc.a(lib_a-wsetup.o) (__sinit)
c:/altera/13.0sp1/nios2eds/bin/gnu/h-i686-mingw32/bin/../lib/gcc/nios2-elf/4.1.2/../../../../nios2-elf/lib/mno-hw-mul\libc.a(lib_a-freer.o)
                              c:/altera/13.0sp1/nios2eds/bin/gnu/h-i686-mingw32/bin/../lib/gcc/nios2-elf/4.1.2/../../../../nios2-elf/lib/mno-hw-mul\libc.a(lib_a-fvwrite.o) (_free_r)
c:/altera/13.0sp1/nios2eds/bin/gnu/h-i686-mingw32/bin/../lib/gcc/nios2-elf/4.1.2/../../../../nios2-elf/lib/mno-hw-mul\libc.a(lib_a-fwalk.o)
                              c:/altera/13.0sp1/nios2eds/bin/gnu/h-i686-mingw32/bin/../lib/gcc/nios2-elf/4.1.2/../../../../nios2-elf/lib/mno-hw-mul\libc.a(lib_a-fflush.o) (_fwalk_reent)
[...]
Memory Configuration

Name             Origin             Length             Attributes
onchip_memory2_0 0x00000000         0x00001000
reset            0x01000000         0x00000020
new_sdram_controller_0 0x01000020         0x007fffe0
*default*        0x00000000         0xffffffff

Linker script and memory map

LOAD ../graphics2_bsp//obj/HAL/src/crt0.o
LOAD obj/default/OutGraphicsCharFont.o
LOAD obj/default/fonts.o
LOAD obj/default/graphics.o
LOAD c:/altera/13.0sp1/nios2eds/bin/gnu/h-i686-mingw32/bin/../lib/gcc/nios2-elf/4.1.2/../../../../nios2-elf/lib/mno-hw-mul\libstdc++.a
LOAD c:/altera/13.0sp1/nios2eds/bin/gnu/h-i686-mingw32/bin/../lib/gcc/nios2-elf/4.1.2/../../../../nios2-elf/lib/mno-hw-mul\libm.a
LOAD c:/altera/13.0sp1/nios2eds/bin/gnu/h-i686-mingw32/bin/../lib/gcc/nios2-elf/4.1.2/mno-hw-mul\libgcc.a
START GROUP
LOAD c:/altera/13.0sp1/nios2eds/bin/gnu/h-i686-mingw32/bin/../lib/gcc/nios2-elf/4.1.2/../../../../nios2-elf/lib/mno-hw-mul\libc.a
LOAD c:/altera/13.0sp1/nios2eds/bin/gnu/h-i686-mingw32/bin/../lib/gcc/nios2-elf/4.1.2/mno-hw-mul\libgcc.a
LOAD ../graphics2_bsp/\libhal_bsp.a
END GROUP
LOAD c:/altera/13.0sp1/nios2eds/bin/gnu/h-i686-mingw32/bin/../lib/gcc/nios2-elf/4.1.2/mno-hw-mul\libgcc.a
                0x00000000                __alt_mem_onchip_memory2_0 = 0x0
                0x01000000                __alt_mem_new_sdram_controller_0 = 0x1000000

.entry          0x01000000       0x20
 *(.entry)
 .entry         0x01000000       0x20 ../graphics2_bsp//obj/HAL/src/crt0.o
                0x01000000                __reset

.exceptions     0x01000020      0x198
                0x01000020                PROVIDE (__ram_exceptions_start, ABSOLUTE (.))
                0x01000020                . = ALIGN (0x20)
 *(.irq)
 *(.exceptions.entry.label)
 .exceptions.entry.label
                0x01000020        0x0 ../graphics2_bsp/\libhal_bsp.a(alt_irq_entry.o)
                0x01000020                alt_irq_entry
 .exceptions.entry.label
                0x01000020        0x0 ../graphics2_bsp/\libhal_bsp.a(alt_exception_entry.o)
                0x01000020                alt_exception
 *(.exceptions.entry.user)
 *(.exceptions.entry)
 .exceptions.entry
                0x01000020       0x54 ../graphics2_bsp/\libhal_bsp.a(alt_exception_entry.o)
 *(.exceptions.irqtest.user)
 *(.exceptions.irqtest)
 .exceptions.irqtest
                0x01000074       0x10 ../graphics2_bsp/\libhal_bsp.a(alt_irq_entry.o)
 *(.exceptions.irqhandler.user)
 *(.exceptions.irqhandler)
 .exceptions.irqhandler
                0x01000084        0x4 ../graphics2_bsp/\libhal_bsp.a(alt_irq_entry.o)
 *(.exceptions.irqreturn.user)
 *(.exceptions.irqreturn)
 .exceptions.irqreturn
                0x01000088        0x4 ../graphics2_bsp/\libhal_bsp.a(alt_irq_entry.o)
 *(.exceptions.notirq.label)
 .exceptions.notirq.label
                0x0100008c        0x0 ../graphics2_bsp/\libhal_bsp.a(alt_irq_entry.o)
 *(.exceptions.notirq.user)
 *(.exceptions.notirq)
 .exceptions.notirq
                0x0100008c        0x8 ../graphics2_bsp/\libhal_bsp.a(alt_exception_entry.o)
 *(.exceptions.soft.user)
 *(.exceptions.soft)
 *(.exceptions.unknown.user)
 *(.exceptions.unknown)
 .exceptions.unknown
                0x01000094        0x4 ../graphics2_bsp/\libhal_bsp.a(alt_exception_entry.o)
 *(.exceptions.exit.label)
 .exceptions.exit.label
                0x01000098        0x0 ../graphics2_bsp/\libhal_bsp.a(alt_irq_entry.o)
 .exceptions.exit.label
                0x01000098        0x0 ../graphics2_bsp/\libhal_bsp.a(alt_exception_entry.o)
 *(.exceptions.exit.user)
 *(.exceptions.exit)
 .exceptions.exit
                0x01000098       0x54 ../graphics2_bsp/\libhal_bsp.a(alt_exception_entry.o)
 *(.exceptions)
 .exceptions    0x010000ec       0xcc ../graphics2_bsp/\libhal_bsp.a(alt_irq_handler.o)
                0x010000ec                alt_irq_handler
                0x010001b8                PROVIDE (__ram_exceptions_end, ABSOLUTE (.))
                0x01000020                PROVIDE (__flash_exceptions_start, LOADADDR (.exceptions))

.text           0x010001b8     0x6730
                0x010001b8                PROVIDE (stext, ABSOLUTE (.))
 *(.interp)
 *(.hash)
 *(.dynsym)
 *(.dynstr)
 *(.gnu.version)
 *(.gnu.version_d)
 *(.gnu.version_r)
 *(.rel.init)
 *(.rela.init)
 *(.rel.text .rel.text.* .rel.gnu.linkonce.t.*)
 *(.rela.text .rela.text.* .rela.gnu.linkonce.t.*)
 *(.rel.fini)
 *(.rela.fini)
 *(.rel.rodata .rel.rodata.* .rel.gnu.linkonce.r.*)
 *(.rela.rodata .rela.rodata.* .rela.gnu.linkonce.r.*)
 *(.rel.data .rel.data.* .rel.gnu.linkonce.d.*)
 *(.rela.data .rela.data.* .rela.gnu.linkonce.d.*)
 *(.rel.tdata .rel.tdata.* .rel.gnu.linkonce.td.*)
 *(.rela.tdata .rela.tdata.* .rela.gnu.linkonce.td.*)
 *(.rel.tbss .rel.tbss.* .rel.gnu.linkonce.tb.*)
 *(.rela.tbss .rela.tbss.* .rela.gnu.linkonce.tb.*)
 *(.rel.ctors)
 *(.rela.ctors)
 *(.rel.dtors)
 *(.rela.dtors)
 *(.rel.got)
 *(.rela.got)
 *(.rel.sdata .rel.sdata.* .rel.gnu.linkonce.s.*)
 *(.rela.sdata .rela.sdata.* .rela.gnu.linkonce.s.*)
 *(.rel.sbss .rel.sbss.* .rel.gnu.linkonce.sb.*)
 *(.rela.sbss .rela.sbss.* .rela.gnu.linkonce.sb.*)
 *(.rel.sdata2 .rel.sdata2.* .rel.gnu.linkonce.s2.*)
 *(.rela.sdata2 .rela.sdata2.* .rela.gnu.linkonce.s2.*)
 *(.rel.sbss2 .rel.sbss2.* .rel.gnu.linkonce.sb2.*)
 *(.rela.sbss2 .rela.sbss2.* .rela.gnu.linkonce.sb2.*)
 *(.rel.bss .rel.bss.* .rel.gnu.linkonce.b.*)
 *(.rela.bss .rela.bss.* .rela.gnu.linkonce.b.*)
 *(.rel.plt)
 *(.rela.plt)
 *(.rel.dyn)
 *(.init)
 *(.plt)
 *(.text .stub .text.* .gnu.linkonce.t.*)
 .text          0x010001b8       0x3c ../graphics2_bsp//obj/HAL/src/crt0.o
                0x010001b8                _start
 .text          0x010001f4      0x464 obj/default/OutGraphicsCharFont.o
                0x010001f4                OutGraphicsCharFont
                0x01000450                OutGraphicsCharFont1
                0x010004b8                OutGraphicsCharFont2
                0x01000520                OutGraphicsCharFont3
                0x01000588                OutGraphicsCharFont4
                0x010005f0                OutGraphicsCharFont5
 .text          0x01000658        0x0 obj/default/fonts.o
 .text          0x01000658      0x700 obj/default/graphics.o
                0x01000658                WriteAPixel
                0x010006d4                ReadAPixel
                0x01000764                DrawHorizontalLine
                0x010007f4                DrawVerticalLine
                0x01000884                DrawBresenhamLine
                0x01000924                DrawString1
                0x010009e0                DrawString2
                0x01000a9c                DrawRectangle
                0x01000b20                DrawFilledRectangle
                0x01000b8c                ProgramPalette
                0x01000c08                main
 .text          0x01000d58       0x38 c:/altera/13.0sp1/nios2eds/bin/gnu/h-i686-mingw32/bin/../lib/gcc/nios2-elf/4.1.2/mno-hw-mul\libgcc.a(lib2-mul.o)
                0x01000d58                __mulsi3
 .text          0x01000d90       0xb4 c:/altera/13.0sp1/nios2eds/bin/gnu/h-i686-mingw32/bin/../lib/gcc/nios2-elf/4.1.2/../../../../nios2-elf/lib/mno-hw-mul\libc.a(lib_a-puts.o)
                0x01000d90                _puts_r
                0x01000e30                puts
 .text          0x01000e44       0x74 c:/altera/13.0sp1/nios2eds/bin/gnu/h-i686-mingw32/bin/../lib/gcc/nios2-elf/4.1.2/../../../../nios2-elf/lib/mno-hw-mul\libc.a(lib_a-strlen.o)
                0x01000e44                strlen
 .text          0x01000eb8      0x49c c:/altera/13.0sp1/nios2eds/bin/gnu/h-i686-mingw32/bin/../lib/gcc/nios2-elf/4.1.2/../../../../nios2-elf/lib/mno-hw-mul\libc.a(lib_a-fvwrite.o)
                0x01000eb8                __sfvwrite_r
 .text          0x01001354        0x0 c:/altera/13.0sp1/nios2eds/bin/gnu/h-i686-mingw32/bin/../lib/gcc/nios2-elf/4.1.2/../../../../nios2-elf/lib/mno-hw-mul\libc.a(lib_a-impure.o)
 .text          0x01001354      0x740 c:/altera/13.0sp1/nios2eds/bin/gnu/h-i686-mingw32/bin/../lib/gcc/nios2-elf/4.1.2/../../../../nios2-elf/lib/mno-hw-mul\libc.a(lib_a-mallocr.o)
                0x01001354                _malloc_r
 .text          0x01001a94       0xe4 c:/altera/13.0sp1/nios2eds/bin/gnu/h-i686-mingw32/bin/../lib/gcc/nios2-elf/4.1.2/../../../../nios2-elf/lib/mno-hw-mul\libc.a(lib_a-memchr.o)
                0x01001a94                memchr
 .text          0x01001b78       0xa0 c:/altera/13.0sp1/nios2eds/bin/gnu/h-i686-mingw32/bin/../lib/gcc/nios2-elf/4.1.2/../../../../nios2-elf/lib/mno-hw-mul\libc.a(lib_a-memcpy.o)
                0x01001b78                memcpy
 .text          0x01001c18       0xe0 c:/altera/13.0sp1/nios2eds/bin/gnu/h-i686-mingw32/bin/../lib/gcc/nios2-elf/4.1.2/../../../../nios2-elf/lib/mno-hw-mul\libc.a(lib_a-memmove.o)
                0x01001c18                memmove
 .text          0x01001cf8      0x5f4 c:/altera/13.0sp1/nios2eds/bin/gnu/h-i686-mingw32/bin/../lib/gcc/nios2-elf/4.1.2/../../../../nios2-elf/lib/mno-hw-mul\libc.a(lib_a-reallocr.o)
                0x01001cf8                _realloc_r
 .text          0x010022ec       0x70 c:/altera/13.0sp1/nios2eds/bin/gnu/h-i686-mingw32/bin/../lib/gcc/nios2-elf/4.1.2/../../../../nios2-elf/lib/mno-hw-mul\libc.a(lib_a-sbrkr.o)
                0x010022ec                _sbrk_r
 .text          0x0100235c      0x13c c:/altera/13.0sp1/nios2eds/bin/gnu/h-i686-mingw32/bin/../lib/gcc/nios2-elf/4.1.2/../../../../nios2-elf/lib/mno-hw-mul\libc.a(lib_a-wsetup.o)
                0x0100235c                __swsetup_r
 .text          0x01002498      0x230 c:/altera/13.0sp1/nios2eds/bin/gnu/h-i686-mingw32/bin/../lib/gcc/nios2-elf/4.1.2/../../../../nios2-elf/lib/mno-hw-mul\libc.a(lib_a-fflush.o)
                0x01002498                _fflush_r
                0x01002694                fflush
 .text          0x010026c8      0x2f4 c:/altera/13.0sp1/nios2eds/bin/gnu/h-i686-mingw32/bin/../lib/gcc/nios2-elf/4.1.2/../../../../nios2-elf/lib/mno-hw-mul\libc.a(lib_a-findfp.o)
                0x01002720                __sfp_lock_acquire
                0x01002724                __sfp_lock_release
                0x01002728                __sinit_lock_acquire
                0x0100272c                __sinit_lock_release
                0x01002730                __sinit
                0x010027e4                __fp_unlock_all
                0x010027fc                __fp_lock_all
                0x01002814                _cleanup_r
                0x01002820                _cleanup
                0x01002830                __sfmoreglue
                0x010028cc                __sfp
 .text          0x010029bc      0x440 c:/altera/13.0sp1/nios2eds/bin/gnu/h-i686-mingw32/bin/../lib/gcc/nios2-elf/4.1.2/../../../../nios2-elf/lib/mno-hw-mul\libc.a(lib_a-freer.o)
                0x010029bc                _malloc_trim_r
                0x01002ae8                _free_r
 .text          0x01002dfc      0x180 c:/altera/13.0sp1/nios2eds/bin/gnu/h-i686-mingw32/bin/../lib/gcc/nios2-elf/4.1.2/../../../../nios2-elf/lib/mno-hw-mul\libc.a(lib_a-fwalk.o)
                0x01002dfc                _fwalk_reent
                0x01002ec4                _fwalk
 .text          0x01002f7c        0x0 c:/altera/13.0sp1/nios2eds/bin/gnu/h-i686-mingw32/bin/../lib/gcc/nios2-elf/4.1.2/../../../../nios2-elf/lib/mno-hw-mul\libc.a(lib_a-int_errno.o)
 .text          0x01002f7c      0x194 c:/altera/13.0sp1/nios2eds/bin/gnu/h-i686-mingw32/bin/../lib/gcc/nios2-elf/4.1.2/../../../../nios2-elf/lib/mno-hw-mul\libc.a(lib_a-makebuf.o)
                0x01002f7c                __smakebuf_r
 .text          0x01003110       0x98 c:/altera/13.0sp1/nios2eds/bin/gnu/h-i686-mingw32/bin/../lib/gcc/nios2-elf/4.1.2/../../../../nios2-elf/lib/mno-hw-mul\libc.a(lib_a-memset.o)
                0x01003110                memset
 .text          0x010031a8      0x14c c:/altera/13.0sp1/nios2eds/bin/gnu/h-i686-mingw32/bin/../lib/gcc/nios2-elf/4.1.2/../../../../nios2-elf/lib/mno-hw-mul\libc.a(lib_a-stdio.o)
                0x010031a8                __sclose
                0x010031b0                __sseek
                0x01003218                __swrite
                0x01003294                __sread
 .text          0x010032f4       0x78 c:/altera/13.0sp1/nios2eds/bin/gnu/h-i686-mingw32/bin/../lib/gcc/nios2-elf/4.1.2/../../../../nios2-elf/lib/mno-hw-mul\libc.a(lib_a-writer.o)
                0x010032f4                _write_r
 .text          0x0100336c       0x70 c:/altera/13.0sp1/nios2eds/bin/gnu/h-i686-mingw32/bin/../lib/gcc/nios2-elf/4.1.2/../../../../nios2-elf/lib/mno-hw-mul\libc.a(lib_a-closer.o)
                0x0100336c                _close_r
 .text          0x010033dc      0x124 c:/altera/13.0sp1/nios2eds/bin/gnu/h-i686-mingw32/bin/../lib/gcc/nios2-elf/4.1.2/../../../../nios2-elf/lib/mno-hw-mul\libc.a(lib_a-fclose.o)
                0x010033dc                _fclose_r
                0x010034ec                fclose
 .text          0x01003500       0x74 c:/altera/13.0sp1/nios2eds/bin/gnu/h-i686-mingw32/bin/../lib/gcc/nios2-elf/4.1.2/../../../../nios2-elf/lib/mno-hw-mul\libc.a(lib_a-fstatr.o)
                0x01003500                _fstat_r
 .text          0x01003574       0x70 c:/altera/13.0sp1/nios2eds/bin/gnu/h-i686-mingw32/bin/../lib/gcc/nios2-elf/4.1.2/../../../../nios2-elf/lib/mno-hw-mul\libc.a(lib_a-isattyr.o)
                0x01003574                _isatty_r
 .text          0x010035e4       0x78 c:/altera/13.0sp1/nios2eds/bin/gnu/h-i686-mingw32/bin/../lib/gcc/nios2-elf/4.1.2/../../../../nios2-elf/lib/mno-hw-mul\libc.a(lib_a-lseekr.o)
                0x010035e4                _lseek_r
 .text          0x0100365c       0x78 c:/altera/13.0sp1/nios2eds/bin/gnu/h-i686-mingw32/bin/../lib/gcc/nios2-elf/4.1.2/../../../../nios2-elf/lib/mno-hw-mul\libc.a(lib_a-readr.o)
                0x0100365c                _read_r
 .text          0x010036d4      0x160 ../graphics2_bsp/\libhal_bsp.a(alt_close.o)
                0x010036d4                close
 .text          0x01003834       0x2c ../graphics2_bsp/\libhal_bsp.a(alt_dev.o)
 .text          0x01003860        0x0 ../graphics2_bsp/\libhal_bsp.a(alt_errno.o)
 .text          0x01003860      0x138 ../graphics2_bsp/\libhal_bsp.a(alt_fstat.o)
                0x01003860                fstat
 .text          0x01003998      0x124 ../graphics2_bsp/\libhal_bsp.a(alt_isatty.o)
                0x01003998                isatty
 .text          0x01003abc       0xec ../graphics2_bsp/\libhal_bsp.a(alt_load.o)
                0x01003abc                alt_load
 .text          0x01003ba8      0x154 ../graphics2_bsp/\libhal_bsp.a(alt_lseek.o)
                0x01003ba8                lseek
 .text          0x01003cfc       0x6c ../graphics2_bsp/\libhal_bsp.a(alt_main.o)
                0x01003cfc                alt_main
 .text          0x01003d68       0x40 ../graphics2_bsp/\libhal_bsp.a(alt_malloc_lock.o)
                0x01003d68                __malloc_lock
                0x01003d88                __malloc_unlock
 .text          0x01003da8      0x184 ../graphics2_bsp/\libhal_bsp.a(alt_read.o)
                0x01003da8                read
 .text          0x01003f2c       0x78 ../graphics2_bsp/\libhal_bsp.a(alt_release_fd.o)
                0x01003f2c                alt_release_fd
 .text          0x01003fa4       0xbc ../graphics2_bsp/\libhal_bsp.a(alt_sbrk.o)
                0x01003fa4                sbrk
 .text          0x01004060      0x184 ../graphics2_bsp/\libhal_bsp.a(alt_write.o)
                0x01004060                write
 .text          0x010041e4       0xe8 ../graphics2_bsp/\libhal_bsp.a(alt_sys_init.o)
                0x010041e4                alt_irq_init
                0x01004218                alt_sys_init
 .text          0x010042cc      0x148 ../graphics2_bsp/\libhal_bsp.a(altera_avalon_jtag_uart_fd.o)
                0x010042cc                altera_avalon_jtag_uart_read_fd
                0x01004324                altera_avalon_jtag_uart_write_fd
                0x0100437c                altera_avalon_jtag_uart_close_fd
                0x010043c4                altera_avalon_jtag_uart_ioctl_fd
 .text          0x01004414      0x408 ../graphics2_bsp/\libhal_bsp.a(altera_avalon_jtag_uart_init.o)
                0x01004414                altera_avalon_jtag_uart_init
                0x010047a8                altera_avalon_jtag_uart_close
 .text          0x0100481c       0xf4 ../graphics2_bsp/\libhal_bsp.a(altera_avalon_jtag_uart_ioctl.o)
                0x0100481c                altera_avalon_jtag_uart_ioctl
 .text          0x01004910      0x224 ../graphics2_bsp/\libhal_bsp.a(altera_avalon_jtag_uart_read.o)
                0x01004910                altera_avalon_jtag_uart_read
 .text          0x01004b34      0x240 ../graphics2_bsp/\libhal_bsp.a(altera_avalon_jtag_uart_write.o)
                0x01004b34                altera_avalon_jtag_uart_write
 .text          0x01004d74       0xfc ../graphics2_bsp/\libhal_bsp.a(altera_avalon_timer_sc.o)
                0x01004de8                alt_avalon_timer_sc_init
 .text          0x01004e70      0x530 ../graphics2_bsp/\libhal_bsp.a(altera_up_avalon_character_lcd.o)
                0x01004e70                get_DDRAM_addr
                0x01004eec                alt_up_character_lcd_send_cmd
                0x01004f20                alt_up_character_lcd_init
                0x01004f54                alt_up_character_lcd_open_dev
                0x01004f94                alt_up_character_lcd_write
                0x0100500c                alt_up_character_lcd_string
                0x01005084                alt_up_character_lcd_write_fd
                0x010050d0                alt_up_character_lcd_set_cursor_pos
                0x01005148                alt_up_character_lcd_shift_cursor
                0x010051f8                alt_up_character_lcd_shift_display
                0x010052a8                alt_up_character_lcd_erase_pos
                0x01005338                alt_up_character_lcd_cursor_off
                0x0100536c                alt_up_character_lcd_cursor_blink_on
 .text          0x010053a0      0x398 ../graphics2_bsp/\libhal_bsp.a(altera_up_avalon_rs232.o)
                0x010053a0                alt_up_rs232_enable_read_interrupt
                0x010053f4                alt_up_rs232_disable_read_interrupt
                0x0100544c                alt_up_rs232_get_used_space_in_read_FIFO
                0x01005488                alt_up_rs232_get_available_space_in_write_FIFO
                0x010054c8                alt_up_rs232_check_parity
                0x01005518                alt_up_rs232_write_data
                0x01005560                alt_up_rs232_read_data
                0x010055d4                alt_up_rs232_read_fd
                0x01005664                alt_up_rs232_write_fd
                0x010056f8                alt_up_rs232_open_dev
 .text          0x01005738      0x154 ../graphics2_bsp/\libhal_bsp.a(alt_alarm_start.o)
                0x01005738                alt_alarm_start
 .text          0x0100588c       0x1c ../graphics2_bsp/\libhal_bsp.a(alt_dcache_flush_all.o)
                0x0100588c                alt_dcache_flush_all
 .text          0x010058a8      0x114 ../graphics2_bsp/\libhal_bsp.a(alt_dev_llist_insert.o)
                0x010058a8                alt_dev_llist_insert
 .text          0x010059bc       0x64 ../graphics2_bsp/\libhal_bsp.a(alt_do_ctors.o)
                0x010059bc                _do_ctors
 .text          0x01005a20       0x64 ../graphics2_bsp/\libhal_bsp.a(alt_do_dtors.o)
                0x01005a20                _do_dtors
 .text          0x01005a84       0x94 ../graphics2_bsp/\libhal_bsp.a(alt_find_dev.o)
                0x01005a84                alt_find_dev
 .text          0x01005b18       0x1c ../graphics2_bsp/\libhal_bsp.a(alt_icache_flush_all.o)
                0x01005b18                alt_icache_flush_all
 .text          0x01005b34      0x150 ../graphics2_bsp/\libhal_bsp.a(alt_io_redirect.o)
                0x01005c0c                alt_io_redirect
 .text          0x01005c84      0x1c0 ../graphics2_bsp/\libhal_bsp.a(alt_irq_register.o)
                0x01005c84                alt_irq_register
 .text          0x01005e44        0x0 ../graphics2_bsp/\libhal_bsp.a(alt_irq_vars.o)
 .text          0x01005e44      0x2e4 ../graphics2_bsp/\libhal_bsp.a(alt_open.o)
                0x01005f3c                open
 .text          0x01006128      0x1a4 ../graphics2_bsp/\libhal_bsp.a(alt_tick.o)
                0x01006128                alt_alarm_stop
                0x010061c0                alt_tick
 .text          0x010062cc       0x20 ../graphics2_bsp/\libhal_bsp.a(altera_nios2_qsys_irq.o)
                0x010062cc                altera_nios2_qsys_irq_init
 .text          0x010062ec      0x120 ../graphics2_bsp/\libhal_bsp.a(alt_find_file.o)
                0x010062ec                alt_find_file
 .text          0x0100640c       0xd0 ../graphics2_bsp/\libhal_bsp.a(alt_get_fd.o)
                0x0100640c                alt_get_fd
 .text          0x010064dc        0x0 ../graphics2_bsp/\libhal_bsp.a(alt_irq_entry.o)
 .text          0x010064dc        0x0 ../graphics2_bsp/\libhal_bsp.a(alt_irq_handler.o)
 .text          0x010064dc        0x0 ../graphics2_bsp/\libhal_bsp.a(alt_exception_entry.o)
 .text          0x010064dc       0x14 c:/altera/13.0sp1/nios2eds/bin/gnu/h-i686-mingw32/bin/../lib/gcc/nios2-elf/4.1.2/../../../../nios2-elf/lib/mno-hw-mul\libc.a(lib_a-atexit.o)
                0x010064dc                atexit
 .text          0x010064f0       0x38 c:/altera/13.0sp1/nios2eds/bin/gnu/h-i686-mingw32/bin/../lib/gcc/nios2-elf/4.1.2/../../../../nios2-elf/lib/mno-hw-mul\libc.a(lib_a-exit.o)
                0x010064f0                exit
 .text          0x01006528       0x74 c:/altera/13.0sp1/nios2eds/bin/gnu/h-i686-mingw32/bin/../lib/gcc/nios2-elf/4.1.2/../../../../nios2-elf/lib/mno-hw-mul\libc.a(lib_a-memcmp.o)
                0x01006528                memcmp
 .text          0x0100659c      0x134 c:/altera/13.0sp1/nios2eds/bin/gnu/h-i686-mingw32/bin/../lib/gcc/nios2-elf/4.1.2/../../../../nios2-elf/lib/mno-hw-mul\libc.a(lib_a-__atexit.o)
                0x0100659c                __register_exitproc
 .text          0x010066d0      0x1b4 c:/altera/13.0sp1/nios2eds/bin/gnu/h-i686-mingw32/bin/../lib/gcc/nios2-elf/4.1.2/../../../../nios2-elf/lib/mno-hw-mul\libc.a(lib_a-__call_atexit.o)
                0x010066d4                __call_exitprocs
 .text          0x01006884       0x60 ../graphics2_bsp/\libhal_bsp.a(alt_exit.o)
                0x010068c4                _exit
 *(.gnu.warning.*)
 *(.fini)
                0x010068e4                PROVIDE (__etext, ABSOLUTE (.))
                0x010068e4                PROVIDE (_etext, ABSOLUTE (.))
                0x010068e4                PROVIDE (etext, ABSOLUTE (.))
 *(.eh_frame_hdr)
                0x010068e4                . = ALIGN (0x4)
                0x010068e4                PROVIDE (__preinit_array_start, ABSOLUTE (.))
 *(.preinit_array)
                0x010068e4                PROVIDE (__preinit_array_end, ABSOLUTE (.))
                0x010068e4                PROVIDE (__init_array_start, ABSOLUTE (.))
 *(.init_array)
                0x010068e4                PROVIDE (__init_array_end, ABSOLUTE (.))
                0x010068e4                PROVIDE (__fini_array_start, ABSOLUTE (.))
 *(.fini_array)
                0x010068e4                PROVIDE (__fini_array_end, ABSOLUTE (.))
 *(.eh_frame)
 *(.gcc_except_table)
 *(.dynamic)
                0x010068e4                PROVIDE (__CTOR_LIST__, ABSOLUTE (.))
 *(.ctors)
 *(SORT(.ctors.*))
 .ctors.65535   0x010068e4        0x4 c:/altera/13.0sp1/nios2eds/bin/gnu/h-i686-mingw32/bin/../lib/gcc/nios2-elf/4.1.2/../../../../nios2-elf/lib/mno-hw-mul\libc.a(lib_a-__call_atexit.o)
                0x010068e8                PROVIDE (__CTOR_END__, ABSOLUTE (.))
                0x010068e8                PROVIDE (__DTOR_LIST__, ABSOLUTE (.))
 *(.dtors)
 *(SORT(.dtors.*))
                0x010068e8                PROVIDE (__DTOR_END__, ABSOLUTE (.))
 *(.jcr)
                0x010068e8                . = ALIGN (0x4)

.rodata         0x010068e8     0xa5a8
                0x010068e8                PROVIDE (__ram_rodata_start, ABSOLUTE (.))
                0x010068e8                . = ALIGN (0x4)
 *(.rodata .rodata.* .gnu.linkonce.r.*)
 .rodata        0x010068e8     0xa524 obj/default/fonts.o
                0x010068e8                Font5x7
                0x01006b82                Font10x14
                0x010075e6                Font16x27
                0x010089f0                Font22x40
                0x0100b678                Font38x59
 .rodata        0x01010e0c       0x20 obj/default/graphics.o
 .rodata.str1.4
                0x01010e2c        0x2 c:/altera/13.0sp1/nios2eds/bin/gnu/h-i686-mingw32/bin/../lib/gcc/nios2-elf/4.1.2/../../../../nios2-elf/lib/mno-hw-mul\libc.a(lib_a-puts.o)
                                  0x4 (size before relaxing)
 *fill*         0x01010e2e        0x2 00
 .rodata.str1.4
                0x01010e30        0x4 c:/altera/13.0sp1/nios2eds/bin/gnu/h-i686-mingw32/bin/../lib/gcc/nios2-elf/4.1.2/../../../../nios2-elf/lib/mno-hw-mul\libc.a(lib_a-impure.o)
 .rodata        0x01010e34        0xc ../graphics2_bsp/\libhal_bsp.a(alt_dev.o)
 .rodata        0x01010e40       0x14 ../graphics2_bsp/\libhal_bsp.a(alt_main.o)
 .rodata        0x01010e54       0x3c ../graphics2_bsp/\libhal_bsp.a(alt_sys_init.o)
 *(.rodata1)
                0x01010e90                . = ALIGN (0x4)
                0x01010e90                PROVIDE (__ram_rodata_end, ABSOLUTE (.))
                0x010068e8                PROVIDE (__flash_rodata_start, LOADADDR (.rodata))

.rwdata         0x01010e90     0x1aa0 load address 0x01012930
                0x01010e90                PROVIDE (__ram_rwdata_start, ABSOLUTE (.))
                0x01010e90                . = ALIGN (0x4)
 *(.got.plt)
 *(.got)
 *(.data1)
 *(.data .data.* .gnu.linkonce.d.*)
 .data          0x01010e90        0x0 ../graphics2_bsp//obj/HAL/src/crt0.o
 .data          0x01010e90        0x0 obj/default/OutGraphicsCharFont.o
 .data          0x01010e90        0x0 obj/default/fonts.o
 .data          0x01010e90        0x0 obj/default/graphics.o
 .data          0x01010e90        0x0 c:/altera/13.0sp1/nios2eds/bin/gnu/h-i686-mingw32/bin/../lib/gcc/nios2-elf/4.1.2/mno-hw-mul\libgcc.a(lib2-mul.o)
 .data          0x01010e90        0x0 c:/altera/13.0sp1/nios2eds/bin/gnu/h-i686-mingw32/bin/../lib/gcc/nios2-elf/4.1.2/../../../../nios2-elf/lib/mno-hw-mul\libc.a(lib_a-puts.o)
 .data          0x01010e90        0x0 c:/altera/13.0sp1/nios2eds/bin/gnu/h-i686-mingw32/bin/../lib/gcc/nios2-elf/4.1.2/../../../../nios2-elf/lib/mno-hw-mul\libc.a(lib_a-strlen.o)
 .data          0x01010e90        0x0 c:/altera/13.0sp1/nios2eds/bin/gnu/h-i686-mingw32/bin/../lib/gcc/nios2-elf/4.1.2/../../../../nios2-elf/lib/mno-hw-mul\libc.a(lib_a-fvwrite.o)
 .data          0x01010e90      0x400 c:/altera/13.0sp1/nios2eds/bin/gnu/h-i686-mingw32/bin/../lib/gcc/nios2-elf/4.1.2/../../../../nios2-elf/lib/mno-hw-mul\libc.a(lib_a-impure.o)
 .data          0x01011290      0x408 c:/altera/13.0sp1/nios2eds/bin/gnu/h-i686-mingw32/bin/../lib/gcc/nios2-elf/4.1.2/../../../../nios2-elf/lib/mno-hw-mul\libc.a(lib_a-mallocr.o)
                0x01011290                __malloc_av_
 .data          0x01011698        0x0 c:/altera/13.0sp1/nios2eds/bin/gnu/h-i686-mingw32/bin/../lib/gcc/nios2-elf/4.1.2/../../../../nios2-elf/lib/mno-hw-mul\libc.a(lib_a-memchr.o)
 .data          0x01011698        0x0 c:/altera/13.0sp1/nios2eds/bin/gnu/h-i686-mingw32/bin/../lib/gcc/nios2-elf/4.1.2/../../../../nios2-elf/lib/mno-hw-mul\libc.a(lib_a-memcpy.o)
 .data          0x01011698        0x0 c:/altera/13.0sp1/nios2eds/bin/gnu/h-i686-mingw32/bin/../lib/gcc/nios2-elf/4.1.2/../../../../nios2-elf/lib/mno-hw-mul\libc.a(lib_a-memmove.o)
 .data          0x01011698        0x0 c:/altera/13.0sp1/nios2eds/bin/gnu/h-i686-mingw32/bin/../lib/gcc/nios2-elf/4.1.2/../../../../nios2-elf/lib/mno-hw-mul\libc.a(lib_a-reallocr.o)
 .data          0x01011698        0x0 c:/altera/13.0sp1/nios2eds/bin/gnu/h-i686-mingw32/bin/../lib/gcc/nios2-elf/4.1.2/../../../../nios2-elf/lib/mno-hw-mul\libc.a(lib_a-sbrkr.o)
 .data          0x01011698        0x0 c:/altera/13.0sp1/nios2eds/bin/gnu/h-i686-mingw32/bin/../lib/gcc/nios2-elf/4.1.2/../../../../nios2-elf/lib/mno-hw-mul\libc.a(lib_a-wsetup.o)
 .data          0x01011698        0x0 c:/altera/13.0sp1/nios2eds/bin/gnu/h-i686-mingw32/bin/../lib/gcc/nios2-elf/4.1.2/../../../../nios2-elf/lib/mno-hw-mul\libc.a(lib_a-fflush.o)
 .data          0x01011698        0x0 c:/altera/13.0sp1/nios2eds/bin/gnu/h-i686-mingw32/bin/../lib/gcc/nios2-elf/4.1.2/../../../../nios2-elf/lib/mno-hw-mul\libc.a(lib_a-findfp.o)
 .data          0x01011698        0x0 c:/altera/13.0sp1/nios2eds/bin/gnu/h-i686-mingw32/bin/../lib/gcc/nios2-elf/4.1.2/../../../../nios2-elf/lib/mno-hw-mul\libc.a(lib_a-freer.o)
 .data          0x01011698        0x0 c:/altera/13.0sp1/nios2eds/bin/gnu/h-i686-mingw32/bin/../lib/gcc/nios2-elf/4.1.2/../../../../nios2-elf/lib/mno-hw-mul\libc.a(lib_a-fwalk.o)
 .data          0x01011698        0x0 c:/altera/13.0sp1/nios2eds/bin/gnu/h-i686-mingw32/bin/../lib/gcc/nios2-elf/4.1.2/../../../../nios2-elf/lib/mno-hw-mul\libc.a(lib_a-int_errno.o)
 .data          0x01011698        0x0 c:/altera/13.0sp1/nios2eds/bin/gnu/h-i686-mingw32/bin/../lib/gcc/nios2-elf/4.1.2/../../../../nios2-elf/lib/mno-hw-mul\libc.a(lib_a-makebuf.o)
 .data          0x01011698        0x0 c:/altera/13.0sp1/nios2eds/bin/gnu/h-i686-mingw32/bin/../lib/gcc/nios2-elf/4.1.2/../../../../nios2-elf/lib/mno-hw-mul\libc.a(lib_a-memset.o)
 .data          0x01011698        0x0 c:/altera/13.0sp1/nios2eds/bin/gnu/h-i686-mingw32/bin/../lib/gcc/nios2-elf/4.1.2/../../../../nios2-elf/lib/mno-hw-mul\libc.a(lib_a-stdio.o)
 .data          0x01011698        0x0 c:/altera/13.0sp1/nios2eds/bin/gnu/h-i686-mingw32/bin/../lib/gcc/nios2-elf/4.1.2/../../../../nios2-elf/lib/mno-hw-mul\libc.a(lib_a-writer.o)
 .data          0x01011698        0x0 c:/altera/13.0sp1/nios2eds/bin/gnu/h-i686-mingw32/bin/../lib/gcc/nios2-elf/4.1.2/../../../../nios2-elf/lib/mno-hw-mul\libc.a(lib_a-closer.o)
 .data          0x01011698        0x0 c:/altera/13.0sp1/nios2eds/bin/gnu/h-i686-mingw32/bin/../lib/gcc/nios2-elf/4.1.2/../../../../nios2-elf/lib/mno-hw-mul\libc.a(lib_a-fclose.o)
 .data          0x01011698        0x0 c:/altera/13.0sp1/nios2eds/bin/gnu/h-i686-mingw32/bin/../lib/gcc/nios2-elf/4.1.2/../../../../nios2-elf/lib/mno-hw-mul\libc.a(lib_a-fstatr.o)
 .data          0x01011698        0x0 c:/altera/13.0sp1/nios2eds/bin/gnu/h-i686-mingw32/bin/../lib/gcc/nios2-elf/4.1.2/../../../../nios2-elf/lib/mno-hw-mul\libc.a(lib_a-isattyr.o)
 .data          0x01011698        0x0 c:/altera/13.0sp1/nios2eds/bin/gnu/h-i686-mingw32/bin/../lib/gcc/nios2-elf/4.1.2/../../../../nios2-elf/lib/mno-hw-mul\libc.a(lib_a-lseekr.o)
 .data          0x01011698        0x0 c:/altera/13.0sp1/nios2eds/bin/gnu/h-i686-mingw32/bin/../lib/gcc/nios2-elf/4.1.2/../../../../nios2-elf/lib/mno-hw-mul\libc.a(lib_a-readr.o)
 .data          0x01011698        0x0 ../graphics2_bsp/\libhal_bsp.a(alt_close.o)
 .data          0x01011698      0x1a8 ../graphics2_bsp/\libhal_bsp.a(alt_dev.o)
                0x01011698                alt_dev_null
                0x010116c0                alt_fd_list
 .data          0x01011840        0x0 ../graphics2_bsp/\libhal_bsp.a(alt_errno.o)
 .data          0x01011840        0x0 ../graphics2_bsp/\libhal_bsp.a(alt_fstat.o)
 .data          0x01011840        0x0 ../graphics2_bsp/\libhal_bsp.a(alt_isatty.o)
 .data          0x01011840        0x0 ../graphics2_bsp/\libhal_bsp.a(alt_load.o)
 .data          0x01011840        0x0 ../graphics2_bsp/\libhal_bsp.a(alt_lseek.o)
 .data          0x01011840        0x0 ../graphics2_bsp/\libhal_bsp.a(alt_main.o)
 .data          0x01011840        0x0 ../graphics2_bsp/\libhal_bsp.a(alt_malloc_lock.o)
 .data          0x01011840        0x0 ../graphics2_bsp/\libhal_bsp.a(alt_read.o)
 .data          0x01011840        0x0 ../graphics2_bsp/\libhal_bsp.a(alt_release_fd.o)
 .data          0x01011840        0x0 ../graphics2_bsp/\libhal_bsp.a(alt_sbrk.o)
 .data          0x01011840        0x0 ../graphics2_bsp/\libhal_bsp.a(alt_write.o)
 .data          0x01011840     0x10b8 ../graphics2_bsp/\libhal_bsp.a(alt_sys_init.o)
 .data          0x010128f8        0x0 ../graphics2_bsp/\libhal_bsp.a(altera_avalon_jtag_uart_fd.o)
 .data          0x010128f8        0x0 ../graphics2_bsp/\libhal_bsp.a(altera_avalon_jtag_uart_init.o)
 .data          0x010128f8        0x0 ../graphics2_bsp/\libhal_bsp.a(altera_avalon_jtag_uart_ioctl.o)
 .data          0x010128f8        0x0 ../graphics2_bsp/\libhal_bsp.a(altera_avalon_jtag_uart_read.o)
 .data          0x010128f8        0x0 ../graphics2_bsp/\libhal_bsp.a(altera_avalon_jtag_uart_write.o)
 .data          0x010128f8        0x0 ../graphics2_bsp/\libhal_bsp.a(altera_avalon_timer_sc.o)
 .data          0x010128f8        0x0 ../graphics2_bsp/\libhal_bsp.a(altera_up_avalon_character_lcd.o)
 .data          0x010128f8        0x0 ../graphics2_bsp/\libhal_bsp.a(altera_up_avalon_rs232.o)
 .data          0x010128f8        0x0 ../graphics2_bsp/\libhal_bsp.a(alt_alarm_start.o)
 .data          0x010128f8        0x0 ../graphics2_bsp/\libhal_bsp.a(alt_dcache_flush_all.o)
 .data          0x010128f8        0x0 ../graphics2_bsp/\libhal_bsp.a(alt_dev_llist_insert.o)
 .data          0x010128f8        0x0 ../graphics2_bsp/\libhal_bsp.a(alt_do_ctors.o)
 .data          0x010128f8        0x0 ../graphics2_bsp/\libhal_bsp.a(alt_do_dtors.o)
 .data          0x010128f8        0x0 ../graphics2_bsp/\libhal_bsp.a(alt_find_dev.o)
 .data          0x010128f8        0x0 ../graphics2_bsp/\libhal_bsp.a(alt_icache_flush_all.o)
 .data          0x010128f8        0x0 ../graphics2_bsp/\libhal_bsp.a(alt_io_redirect.o)
 .data          0x010128f8        0x0 ../graphics2_bsp/\libhal_bsp.a(alt_irq_register.o)
 .data          0x010128f8        0x0 ../graphics2_bsp/\libhal_bsp.a(alt_irq_vars.o)
 .data          0x010128f8        0x0 ../graphics2_bsp/\libhal_bsp.a(alt_open.o)
 .data          0x010128f8        0x0 ../graphics2_bsp/\libhal_bsp.a(alt_tick.o)
 .data          0x010128f8        0x0 ../graphics2_bsp/\libhal_bsp.a(altera_nios2_qsys_irq.o)
 .data          0x010128f8        0x0 ../graphics2_bsp/\libhal_bsp.a(alt_find_file.o)
 .data          0x010128f8        0x0 ../graphics2_bsp/\libhal_bsp.a(alt_get_fd.o)
 .data          0x010128f8        0x0 ../graphics2_bsp/\libhal_bsp.a(alt_irq_entry.o)
 .data          0x010128f8        0x0 ../graphics2_bsp/\libhal_bsp.a(alt_irq_handler.o)
 .data          0x010128f8        0x0 ../graphics2_bsp/\libhal_bsp.a(alt_exception_entry.o)
 .data          0x010128f8        0x0 c:/altera/13.0sp1/nios2eds/bin/gnu/h-i686-mingw32/bin/../lib/gcc/nios2-elf/4.1.2/../../../../nios2-elf/lib/mno-hw-mul\libc.a(lib_a-atexit.o)
 .data          0x010128f8        0x0 c:/altera/13.0sp1/nios2eds/bin/gnu/h-i686-mingw32/bin/../lib/gcc/nios2-elf/4.1.2/../../../../nios2-elf/lib/mno-hw-mul\libc.a(lib_a-exit.o)
 .data          0x010128f8        0x0 c:/altera/13.0sp1/nios2eds/bin/gnu/h-i686-mingw32/bin/../lib/gcc/nios2-elf/4.1.2/../../../../nios2-elf/lib/mno-hw-mul\libc.a(lib_a-memcmp.o)
 .data          0x010128f8        0x0 c:/altera/13.0sp1/nios2eds/bin/gnu/h-i686-mingw32/bin/../lib/gcc/nios2-elf/4.1.2/../../../../nios2-elf/lib/mno-hw-mul\libc.a(lib_a-__atexit.o)
 .data          0x010128f8        0x0 c:/altera/13.0sp1/nios2eds/bin/gnu/h-i686-mingw32/bin/../lib/gcc/nios2-elf/4.1.2/../../../../nios2-elf/lib/mno-hw-mul\libc.a(lib_a-__call_atexit.o)
 .data          0x010128f8        0x0 ../graphics2_bsp/\libhal_bsp.a(alt_exit.o)
                0x0101a8f8                _gp = ABSOLUTE ((. + 0x8000))
                0x0101a8f8                PROVIDE (gp, _gp)
 *(.rwdata .rwdata.*)
 *(.sdata .sdata.* .gnu.linkonce.s.*)
 .sdata         0x010128f8        0x8 c:/altera/13.0sp1/nios2eds/bin/gnu/h-i686-mingw32/bin/../lib/gcc/nios2-elf/4.1.2/../../../../nios2-elf/lib/mno-hw-mul\libc.a(lib_a-impure.o)
                0x010128f8                _impure_ptr
                0x010128fc                _global_impure_ptr
 .sdata         0x01012900        0x8 c:/altera/13.0sp1/nios2eds/bin/gnu/h-i686-mingw32/bin/../lib/gcc/nios2-elf/4.1.2/../../../../nios2-elf/lib/mno-hw-mul\libc.a(lib_a-mallocr.o)
                0x01012900                __malloc_trim_threshold
                0x01012904                __malloc_sbrk_base
 .sdata         0x01012908       0x14 ../graphics2_bsp/\libhal_bsp.a(alt_dev.o)
                0x01012908                alt_fs_list
                0x01012910                alt_dev_list
                0x01012918                alt_max_fd
 .sdata         0x0101291c        0x4 ../graphics2_bsp/\libhal_bsp.a(alt_errno.o)
                0x0101291c                alt_errno
 .sdata         0x01012920        0x4 ../graphics2_bsp/\libhal_bsp.a(alt_sbrk.o)
 .sdata         0x01012924        0x4 ../graphics2_bsp/\libhal_bsp.a(alt_irq_vars.o)
                0x01012924                alt_priority_mask
 .sdata         0x01012928        0x8 ../graphics2_bsp/\libhal_bsp.a(alt_tick.o)
                0x01012928                alt_alarm_list
 *(.sdata2 .sdata2.* .gnu.linkonce.s2.*)
                0x01012930                . = ALIGN (0x4)
                0x01012930                _edata = ABSOLUTE (.)
                0x01012930                PROVIDE (edata, ABSOLUTE (.))
                0x01012930                PROVIDE (__ram_rwdata_end, ABSOLUTE (.))
                0x01012930                PROVIDE (__flash_rwdata_start, LOADADDR (.rwdata))

.bss            0x010143d0      0x2e0
                0x010143d0                __bss_start = ABSOLUTE (.)
                0x010143d0                PROVIDE (__sbss_start, ABSOLUTE (.))
                0x010143d0                PROVIDE (___sbss_start, ABSOLUTE (.))
 *(.dynsbss)
 *(.sbss .sbss.* .gnu.linkonce.sb.*)
 .sbss          0x010143d0        0xc c:/altera/13.0sp1/nios2eds/bin/gnu/h-i686-mingw32/bin/../lib/gcc/nios2-elf/4.1.2/../../../../nios2-elf/lib/mno-hw-mul\libc.a(lib_a-mallocr.o)
                0x010143d0                __malloc_top_pad
                0x010143d4                __malloc_max_sbrked_mem
                0x010143d8                __malloc_max_total_mem
 .sbss          0x010143dc        0x4 c:/altera/13.0sp1/nios2eds/bin/gnu/h-i686-mingw32/bin/../lib/gcc/nios2-elf/4.1.2/../../../../nios2-elf/lib/mno-hw-mul\libc.a(lib_a-int_errno.o)
                0x010143dc                errno
 .sbss          0x010143e0        0xc ../graphics2_bsp/\libhal_bsp.a(alt_main.o)
                0x010143e0                alt_argc
                0x010143e4                alt_argv
                0x010143e8                alt_envp
 .sbss          0x010143ec        0x4 ../graphics2_bsp/\libhal_bsp.a(alt_irq_vars.o)
                0x010143ec                alt_irq_active
 .sbss          0x010143f0        0x8 ../graphics2_bsp/\libhal_bsp.a(alt_tick.o)
                0x010143f0                _alt_tick_rate
                0x010143f4                _alt_nticks
 *(.sbss2 .sbss2.* .gnu.linkonce.sb2.*)
 *(.scommon)
                0x010143f8                PROVIDE (__sbss_end, ABSOLUTE (.))
                0x010143f8                PROVIDE (___sbss_end, ABSOLUTE (.))
 *(.dynbss)
 *(.bss .bss.* .gnu.linkonce.b.*)
 .bss           0x010143f8        0x0 ../graphics2_bsp//obj/HAL/src/crt0.o
 .bss           0x010143f8        0x0 obj/default/OutGraphicsCharFont.o
 .bss           0x010143f8        0x0 obj/default/fonts.o
 .bss           0x010143f8        0x0 obj/default/graphics.o
 .bss           0x010143f8        0x0 c:/altera/13.0sp1/nios2eds/bin/gnu/h-i686-mingw32/bin/../lib/gcc/nios2-elf/4.1.2/mno-hw-mul\libgcc.a(lib2-mul.o)
 .bss           0x010143f8        0x0 c:/altera/13.0sp1/nios2eds/bin/gnu/h-i686-mingw32/bin/../lib/gcc/nios2-elf/4.1.2/../../../../nios2-elf/lib/mno-hw-mul\libc.a(lib_a-puts.o)
 .bss           0x010143f8        0x0 c:/altera/13.0sp1/nios2eds/bin/gnu/h-i686-mingw32/bin/../lib/gcc/nios2-elf/4.1.2/../../../../nios2-elf/lib/mno-hw-mul\libc.a(lib_a-strlen.o)
 .bss           0x010143f8        0x0 c:/altera/13.0sp1/nios2eds/bin/gnu/h-i686-mingw32/bin/../lib/gcc/nios2-elf/4.1.2/../../../../nios2-elf/lib/mno-hw-mul\libc.a(lib_a-fvwrite.o)
 .bss           0x010143f8        0x0 c:/altera/13.0sp1/nios2eds/bin/gnu/h-i686-mingw32/bin/../lib/gcc/nios2-elf/4.1.2/../../../../nios2-elf/lib/mno-hw-mul\libc.a(lib_a-impure.o)
 .bss           0x010143f8       0x28 c:/altera/13.0sp1/nios2eds/bin/gnu/h-i686-mingw32/bin/../lib/gcc/nios2-elf/4.1.2/../../../../nios2-elf/lib/mno-hw-mul\libc.a(lib_a-mallocr.o)
                0x010143f8                __malloc_current_mallinfo
 .bss           0x01014420        0x0 c:/altera/13.0sp1/nios2eds/bin/gnu/h-i686-mingw32/bin/../lib/gcc/nios2-elf/4.1.2/../../../../nios2-elf/lib/mno-hw-mul\libc.a(lib_a-memchr.o)
 .bss           0x01014420        0x0 c:/altera/13.0sp1/nios2eds/bin/gnu/h-i686-mingw32/bin/../lib/gcc/nios2-elf/4.1.2/../../../../nios2-elf/lib/mno-hw-mul\libc.a(lib_a-memcpy.o)
 .bss           0x01014420        0x0 c:/altera/13.0sp1/nios2eds/bin/gnu/h-i686-mingw32/bin/../lib/gcc/nios2-elf/4.1.2/../../../../nios2-elf/lib/mno-hw-mul\libc.a(lib_a-memmove.o)
 .bss           0x01014420        0x0 c:/altera/13.0sp1/nios2eds/bin/gnu/h-i686-mingw32/bin/../lib/gcc/nios2-elf/4.1.2/../../../../nios2-elf/lib/mno-hw-mul\libc.a(lib_a-reallocr.o)
 .bss           0x01014420        0x0 c:/altera/13.0sp1/nios2eds/bin/gnu/h-i686-mingw32/bin/../lib/gcc/nios2-elf/4.1.2/../../../../nios2-elf/lib/mno-hw-mul\libc.a(lib_a-sbrkr.o)
 .bss           0x01014420        0x0 c:/altera/13.0sp1/nios2eds/bin/gnu/h-i686-mingw32/bin/../lib/gcc/nios2-elf/4.1.2/../../../../nios2-elf/lib/mno-hw-mul\libc.a(lib_a-wsetup.o)
 .bss           0x01014420        0x0 c:/altera/13.0sp1/nios2eds/bin/gnu/h-i686-mingw32/bin/../lib/gcc/nios2-elf/4.1.2/../../../../nios2-elf/lib/mno-hw-mul\libc.a(lib_a-fflush.o)
 .bss           0x01014420        0x0 c:/altera/13.0sp1/nios2eds/bin/gnu/h-i686-mingw32/bin/../lib/gcc/nios2-elf/4.1.2/../../../../nios2-elf/lib/mno-hw-mul\libc.a(lib_a-findfp.o)
 .bss           0x01014420        0x0 c:/altera/13.0sp1/nios2eds/bin/gnu/h-i686-mingw32/bin/../lib/gcc/nios2-elf/4.1.2/../../../../nios2-elf/lib/mno-hw-mul\libc.a(lib_a-freer.o)
 .bss           0x01014420        0x0 c:/altera/13.0sp1/nios2eds/bin/gnu/h-i686-mingw32/bin/../lib/gcc/nios2-elf/4.1.2/../../../../nios2-elf/lib/mno-hw-mul\libc.a(lib_a-fwalk.o)
 .bss           0x01014420        0x0 c:/altera/13.0sp1/nios2eds/bin/gnu/h-i686-mingw32/bin/../lib/gcc/nios2-elf/4.1.2/../../../../nios2-elf/lib/mno-hw-mul\libc.a(lib_a-int_errno.o)
 .bss           0x01014420        0x0 c:/altera/13.0sp1/nios2eds/bin/gnu/h-i686-mingw32/bin/../lib/gcc/nios2-elf/4.1.2/../../../../nios2-elf/lib/mno-hw-mul\libc.a(lib_a-makebuf.o)
 .bss           0x01014420        0x0 c:/altera/13.0sp1/nios2eds/bin/gnu/h-i686-mingw32/bin/../lib/gcc/nios2-elf/4.1.2/../../../../nios2-elf/lib/mno-hw-mul\libc.a(lib_a-memset.o)
 .bss           0x01014420        0x0 c:/altera/13.0sp1/nios2eds/bin/gnu/h-i686-mingw32/bin/../lib/gcc/nios2-elf/4.1.2/../../../../nios2-elf/lib/mno-hw-mul\libc.a(lib_a-stdio.o)
 .bss           0x01014420        0x0 c:/altera/13.0sp1/nios2eds/bin/gnu/h-i686-mingw32/bin/../lib/gcc/nios2-elf/4.1.2/../../../../nios2-elf/lib/mno-hw-mul\libc.a(lib_a-writer.o)
 .bss           0x01014420        0x0 c:/altera/13.0sp1/nios2eds/bin/gnu/h-i686-mingw32/bin/../lib/gcc/nios2-elf/4.1.2/../../../../nios2-elf/lib/mno-hw-mul\libc.a(lib_a-closer.o)
 .bss           0x01014420        0x0 c:/altera/13.0sp1/nios2eds/bin/gnu/h-i686-mingw32/bin/../lib/gcc/nios2-elf/4.1.2/../../../../nios2-elf/lib/mno-hw-mul\libc.a(lib_a-fclose.o)
 .bss           0x01014420        0x0 c:/altera/13.0sp1/nios2eds/bin/gnu/h-i686-mingw32/bin/../lib/gcc/nios2-elf/4.1.2/../../../../nios2-elf/lib/mno-hw-mul\libc.a(lib_a-fstatr.o)
 .bss           0x01014420        0x0 c:/altera/13.0sp1/nios2eds/bin/gnu/h-i686-mingw32/bin/../lib/gcc/nios2-elf/4.1.2/../../../../nios2-elf/lib/mno-hw-mul\libc.a(lib_a-isattyr.o)
 .bss           0x01014420        0x0 c:/altera/13.0sp1/nios2eds/bin/gnu/h-i686-mingw32/bin/../lib/gcc/nios2-elf/4.1.2/../../../../nios2-elf/lib/mno-hw-mul\libc.a(lib_a-lseekr.o)
 .bss           0x01014420        0x0 c:/altera/13.0sp1/nios2eds/bin/gnu/h-i686-mingw32/bin/../lib/gcc/nios2-elf/4.1.2/../../../../nios2-elf/lib/mno-hw-mul\libc.a(lib_a-readr.o)
 .bss           0x01014420        0x0 ../graphics2_bsp/\libhal_bsp.a(alt_close.o)
 .bss           0x01014420        0x0 ../graphics2_bsp/\libhal_bsp.a(alt_dev.o)
 .bss           0x01014420        0x0 ../graphics2_bsp/\libhal_bsp.a(alt_errno.o)
 .bss           0x01014420        0x0 ../graphics2_bsp/\libhal_bsp.a(alt_fstat.o)
 .bss           0x01014420        0x0 ../graphics2_bsp/\libhal_bsp.a(alt_isatty.o)
 .bss           0x01014420        0x0 ../graphics2_bsp/\libhal_bsp.a(alt_load.o)
 .bss           0x01014420        0x0 ../graphics2_bsp/\libhal_bsp.a(alt_lseek.o)
 .bss           0x01014420        0x0 ../graphics2_bsp/\libhal_bsp.a(alt_main.o)
 .bss           0x01014420        0x0 ../graphics2_bsp/\libhal_bsp.a(alt_malloc_lock.o)
 .bss           0x01014420        0x0 ../graphics2_bsp/\libhal_bsp.a(alt_read.o)
 .bss           0x01014420        0x0 ../graphics2_bsp/\libhal_bsp.a(alt_release_fd.o)
 .bss           0x01014420        0x0 ../graphics2_bsp/\libhal_bsp.a(alt_sbrk.o)
 .bss           0x01014420        0x0 ../graphics2_bsp/\libhal_bsp.a(alt_write.o)
 .bss           0x01014420        0x0 ../graphics2_bsp/\libhal_bsp.a(alt_sys_init.o)
 .bss           0x01014420        0x0 ../graphics2_bsp/\libhal_bsp.a(altera_avalon_jtag_uart_fd.o)
 .bss           0x01014420        0x0 ../graphics2_bsp/\libhal_bsp.a(altera_avalon_jtag_uart_init.o)
 .bss           0x01014420        0x0 ../graphics2_bsp/\libhal_bsp.a(altera_avalon_jtag_uart_ioctl.o)
 .bss           0x01014420        0x0 ../graphics2_bsp/\libhal_bsp.a(altera_avalon_jtag_uart_read.o)
 .bss           0x01014420        0x0 ../graphics2_bsp/\libhal_bsp.a(altera_avalon_jtag_uart_write.o)
 .bss           0x01014420        0x0 ../graphics2_bsp/\libhal_bsp.a(altera_avalon_timer_sc.o)
 .bss           0x01014420        0x0 ../graphics2_bsp/\libhal_bsp.a(altera_up_avalon_character_lcd.o)
 .bss           0x01014420        0x0 ../graphics2_bsp/\libhal_bsp.a(altera_up_avalon_rs232.o)
 .bss           0x01014420        0x0 ../graphics2_bsp/\libhal_bsp.a(alt_alarm_start.o)
 .bss           0x01014420        0x0 ../graphics2_bsp/\libhal_bsp.a(alt_dcache_flush_all.o)
 .bss           0x01014420        0x0 ../graphics2_bsp/\libhal_bsp.a(alt_dev_llist_insert.o)
 .bss           0x01014420        0x0 ../graphics2_bsp/\libhal_bsp.a(alt_do_ctors.o)
 .bss           0x01014420        0x0 ../graphics2_bsp/\libhal_bsp.a(alt_do_dtors.o)
 .bss           0x01014420        0x0 ../graphics2_bsp/\libhal_bsp.a(alt_find_dev.o)
 .bss           0x01014420        0x0 ../graphics2_bsp/\libhal_bsp.a(alt_icache_flush_all.o)
 .bss           0x01014420        0x0 ../graphics2_bsp/\libhal_bsp.a(alt_io_redirect.o)
 .bss           0x01014420        0x0 ../graphics2_bsp/\libhal_bsp.a(alt_irq_register.o)
 .bss           0x01014420        0x0 ../graphics2_bsp/\libhal_bsp.a(alt_irq_vars.o)
 .bss           0x01014420        0x0 ../graphics2_bsp/\libhal_bsp.a(alt_open.o)
 .bss           0x01014420        0x0 ../graphics2_bsp/\libhal_bsp.a(alt_tick.o)
 .bss           0x01014420        0x0 ../graphics2_bsp/\libhal_bsp.a(altera_nios2_qsys_irq.o)
 .bss           0x01014420        0x0 ../graphics2_bsp/\libhal_bsp.a(alt_find_file.o)
 .bss           0x01014420        0x0 ../graphics2_bsp/\libhal_bsp.a(alt_get_fd.o)
 .bss           0x01014420        0x0 ../graphics2_bsp/\libhal_bsp.a(alt_irq_entry.o)
 .bss           0x01014420        0x0 ../graphics2_bsp/\libhal_bsp.a(alt_irq_handler.o)
 .bss           0x01014420        0x0 ../graphics2_bsp/\libhal_bsp.a(alt_exception_entry.o)
 .bss           0x01014420        0x0 c:/altera/13.0sp1/nios2eds/bin/gnu/h-i686-mingw32/bin/../lib/gcc/nios2-elf/4.1.2/../../../../nios2-elf/lib/mno-hw-mul\libc.a(lib_a-atexit.o)
 .bss           0x01014420        0x0 c:/altera/13.0sp1/nios2eds/bin/gnu/h-i686-mingw32/bin/../lib/gcc/nios2-elf/4.1.2/../../../../nios2-elf/lib/mno-hw-mul\libc.a(lib_a-exit.o)
 .bss           0x01014420        0x0 c:/altera/13.0sp1/nios2eds/bin/gnu/h-i686-mingw32/bin/../lib/gcc/nios2-elf/4.1.2/../../../../nios2-elf/lib/mno-hw-mul\libc.a(lib_a-memcmp.o)
 .bss           0x01014420        0x0 c:/altera/13.0sp1/nios2eds/bin/gnu/h-i686-mingw32/bin/../lib/gcc/nios2-elf/4.1.2/../../../../nios2-elf/lib/mno-hw-mul\libc.a(lib_a-__atexit.o)
 .bss           0x01014420        0x0 c:/altera/13.0sp1/nios2eds/bin/gnu/h-i686-mingw32/bin/../lib/gcc/nios2-elf/4.1.2/../../../../nios2-elf/lib/mno-hw-mul\libc.a(lib_a-__call_atexit.o)
 .bss           0x01014420        0x0 ../graphics2_bsp/\libhal_bsp.a(alt_exit.o)
 *(COMMON)
 COMMON         0x01014420      0x100 ../graphics2_bsp/\libhal_bsp.a(alt_irq_handler.o)
                0x01014420                alt_irq
 COMMON         0x01014520      0x190 c:/altera/13.0sp1/nios2eds/bin/gnu/h-i686-mingw32/bin/../lib/gcc/nios2-elf/4.1.2/../../../../nios2-elf/lib/mno-hw-mul\libc.a(lib_a-atexit.o)
                0x01014520                _atexit0
                0x010146b0                . = ALIGN (0x4)
                0x010146b0                __bss_end = ABSOLUTE (.)

.onchip_memory2_0
                0x00000000        0x0 load address 0x010146b0
                0x00000000                PROVIDE (_alt_partition_onchip_memory2_0_start, ABSOLUTE (.))
 *(.onchip_memory2_0. onchip_memory2_0.*)
                0x00000000                . = ALIGN (0x4)
                0x00000000                PROVIDE (_alt_partition_onchip_memory2_0_end, ABSOLUTE (.))
                0x010146b0                PROVIDE (_alt_partition_onchip_memory2_0_load_addr, LOADADDR (.onchip_memory2_0))

.new_sdram_controller_0
                0x010146b0        0x0
                0x010146b0                PROVIDE (_alt_partition_new_sdram_controller_0_start, ABSOLUTE (.))
 *(.new_sdram_controller_0. new_sdram_controller_0.*)
                0x010146b0                . = ALIGN (0x4)
                0x010146b0                PROVIDE (_alt_partition_new_sdram_controller_0_end, ABSOLUTE (.))
                0x010146b0                _end = ABSOLUTE (.)
                0x010146b0                end = ABSOLUTE (.)
                0x010146b0                __alt_stack_base = ABSOLUTE (.)
                0x010146b0                PROVIDE (_alt_partition_new_sdram_controller_0_load_addr, LOADADDR (.new_sdram_controller_0))

.stab
 *(.stab)

.stabstr
 *(.stabstr)

.stab.excl
 *(.stab.excl)

.stab.exclstr
 *(.stab.exclstr)

.stab.index
 *(.stab.index)

.stab.indexstr
 *(.stab.indexstr)

.comment        0x00000000       0x26
 *(.comment)
 .comment       0x00000000       0x26 obj/default/OutGraphicsCharFont.o
                                 0x27 (size before relaxing)
 .comment       0x00000000       0x27 obj/default/fonts.o
 .comment       0x00000000       0x27 obj/default/graphics.o
 .comment       0x00000000       0x27 c:/altera/13.0sp1/nios2eds/bin/gnu/h-i686-mingw32/bin/../lib/gcc/nios2-elf/4.1.2/mno-hw-mul\libgcc.a(lib2-mul.o)
 .comment       0x00000000       0x27 c:/altera/13.0sp1/nios2eds/bin/gnu/h-i686-mingw32/bin/../lib/gcc/nios2-elf/4.1.2/../../../../nios2-elf/lib/mno-hw-mul\libc.a(lib_a-puts.o)
 .comment       0x00000000       0x27 c:/altera/13.0sp1/nios2eds/bin/gnu/h-i686-mingw32/bin/../lib/gcc/nios2-elf/4.1.2/../../../../nios2-elf/lib/mno-hw-mul\libc.a(lib_a-strlen.o)
 .comment       0x00000000       0x27 c:/altera/13.0sp1/nios2eds/bin/gnu/h-i686-mingw32/bin/../lib/gcc/nios2-elf/4.1.2/../../../../nios2-elf/lib/mno-hw-mul\libc.a(lib_a-fvwrite.o)
 .comment       0x00000000       0x27 c:/altera/13.0sp1/nios2eds/bin/gnu/h-i686-mingw32/bin/../lib/gcc/nios2-elf/4.1.2/../../../../nios2-elf/lib/mno-hw-mul\libc.a(lib_a-impure.o)
 .comment       0x00000000       0x27 c:/altera/13.0sp1/nios2eds/bin/gnu/h-i686-mingw32/bin/../lib/gcc/nios2-elf/4.1.2/../../../../nios2-elf/lib/mno-hw-mul\libc.a(lib_a-mallocr.o)
 .comment       0x00000000       0x27 c:/altera/13.0sp1/nios2eds/bin/gnu/h-i686-mingw32/bin/../lib/gcc/nios2-elf/4.1.2/../../../../nios2-elf/lib/mno-hw-mul\libc.a(lib_a-memchr.o)
 .comment       0x00000000       0x27 c:/altera/13.0sp1/nios2eds/bin/gnu/h-i686-mingw32/bin/../lib/gcc/nios2-elf/4.1.2/../../../../nios2-elf/lib/mno-hw-mul\libc.a(lib_a-memcpy.o)
 .comment       0x00000000       0x27 c:/altera/13.0sp1/nios2eds/bin/gnu/h-i686-mingw32/bin/../lib/gcc/nios2-elf/4.1.2/../../../../nios2-elf/lib/mno-hw-mul\libc.a(lib_a-memmove.o)
 .comment       0x00000000       0x27 c:/altera/13.0sp1/nios2eds/bin/gnu/h-i686-mingw32/bin/../lib/gcc/nios2-elf/4.1.2/../../../../nios2-elf/lib/mno-hw-mul\libc.a(lib_a-reallocr.o)
 .comment       0x00000000       0x27 c:/altera/13.0sp1/nios2eds/bin/gnu/h-i686-mingw32/bin/../lib/gcc/nios2-elf/4.1.2/../../../../nios2-elf/lib/mno-hw-mul\libc.a(lib_a-sbrkr.o)
 .comment       0x00000000       0x27 c:/altera/13.0sp1/nios2eds/bin/gnu/h-i686-mingw32/bin/../lib/gcc/nios2-elf/4.1.2/../../../../nios2-elf/lib/mno-hw-mul\libc.a(lib_a-wsetup.o)
 .comment       0x00000000       0x27 c:/altera/13.0sp1/nios2eds/bin/gnu/h-i686-mingw32/bin/../lib/gcc/nios2-elf/4.1.2/../../../../nios2-elf/lib/mno-hw-mul\libc.a(lib_a-fflush.o)
 .comment       0x00000000       0x27 c:/altera/13.0sp1/nios2eds/bin/gnu/h-i686-mingw32/bin/../lib/gcc/nios2-elf/4.1.2/../../../../nios2-elf/lib/mno-hw-mul\libc.a(lib_a-findfp.o)
 .comment       0x00000000       0x27 c:/altera/13.0sp1/nios2eds/bin/gnu/h-i686-mingw32/bin/../lib/gcc/nios2-elf/4.1.2/../../../../nios2-elf/lib/mno-hw-mul\libc.a(lib_a-freer.o)
 .comment       0x00000000       0x27 c:/altera/13.0sp1/nios2eds/bin/gnu/h-i686-mingw32/bin/../lib/gcc/nios2-elf/4.1.2/../../../../nios2-elf/lib/mno-hw-mul\libc.a(lib_a-fwalk.o)
 .comment       0x00000000       0x27 c:/altera/13.0sp1/nios2eds/bin/gnu/h-i686-mingw32/bin/../lib/gcc/nios2-elf/4.1.2/../../../../nios2-elf/lib/mno-hw-mul\libc.a(lib_a-int_errno.o)
 .comment       0x00000000       0x27 c:/altera/13.0sp1/nios2eds/bin/gnu/h-i686-mingw32/bin/../lib/gcc/nios2-elf/4.1.2/../../../../nios2-elf/lib/mno-hw-mul\libc.a(lib_a-makebuf.o)
 .comment       0x00000000       0x27 c:/altera/13.0sp1/nios2eds/bin/gnu/h-i686-mingw32/bin/../lib/gcc/nios2-elf/4.1.2/../../../../nios2-elf/lib/mno-hw-mul\libc.a(lib_a-memset.o)
 .comment       0x00000000       0x27 c:/altera/13.0sp1/nios2eds/bin/gnu/h-i686-mingw32/bin/../lib/gcc/nios2-elf/4.1.2/../../../../nios2-elf/lib/mno-hw-mul\libc.a(lib_a-stdio.o)
 .comment       0x00000000       0x27 c:/altera/13.0sp1/nios2eds/bin/gnu/h-i686-mingw32/bin/../lib/gcc/nios2-elf/4.1.2/../../../../nios2-elf/lib/mno-hw-mul\libc.a(lib_a-writer.o)
 .comment       0x00000000       0x27 c:/altera/13.0sp1/nios2eds/bin/gnu/h-i686-mingw32/bin/../lib/gcc/nios2-elf/4.1.2/../../../../nios2-elf/lib/mno-hw-mul\libc.a(lib_a-closer.o)
 .comment       0x00000000       0x27 c:/altera/13.0sp1/nios2eds/bin/gnu/h-i686-mingw32/bin/../lib/gcc/nios2-elf/4.1.2/../../../../nios2-elf/lib/mno-hw-mul\libc.a(lib_a-fclose.o)
 .comment       0x00000000       0x27 c:/altera/13.0sp1/nios2eds/bin/gnu/h-i686-mingw32/bin/../lib/gcc/nios2-elf/4.1.2/../../../../nios2-elf/lib/mno-hw-mul\libc.a(lib_a-fstatr.o)
 .comment       0x00000000       0x27 c:/altera/13.0sp1/nios2eds/bin/gnu/h-i686-mingw32/bin/../lib/gcc/nios2-elf/4.1.2/../../../../nios2-elf/lib/mno-hw-mul\libc.a(lib_a-isattyr.o)
 .comment       0x00000000       0x27 c:/altera/13.0sp1/nios2eds/bin/gnu/h-i686-mingw32/bin/../lib/gcc/nios2-elf/4.1.2/../../../../nios2-elf/lib/mno-hw-mul\libc.a(lib_a-lseekr.o)
 .comment       0x00000000       0x27 c:/altera/13.0sp1/nios2eds/bin/gnu/h-i686-mingw32/bin/../lib/gcc/nios2-elf/4.1.2/../../../../nios2-elf/lib/mno-hw-mul\libc.a(lib_a-readr.o)
 .comment       0x00000000       0x27 ../graphics2_bsp/\libhal_bsp.a(alt_close.o)
 .comment       0x00000000       0x27 ../graphics2_bsp/\libhal_bsp.a(alt_dev.o)
 .comment       0x00000000       0x27 ../graphics2_bsp/\libhal_bsp.a(alt_errno.o)
 .comment       0x00000000       0x27 ../graphics2_bsp/\libhal_bsp.a(alt_fstat.o)
 .comment       0x00000000       0x27 ../graphics2_bsp/\libhal_bsp.a(alt_isatty.o)
 .comment       0x00000000       0x27 ../graphics2_bsp/\libhal_bsp.a(alt_load.o)
 .comment       0x00000000       0x27 ../graphics2_bsp/\libhal_bsp.a(alt_lseek.o)
 .comment       0x00000000       0x27 ../graphics2_bsp/\libhal_bsp.a(alt_main.o)
 .comment       0x00000000       0x27 ../graphics2_bsp/\libhal_bsp.a(alt_malloc_lock.o)
 .comment       0x00000000       0x27 ../graphics2_bsp/\libhal_bsp.a(alt_read.o)
 .comment       0x00000000       0x27 ../graphics2_bsp/\libhal_bsp.a(alt_release_fd.o)
 .comment       0x00000000       0x27 ../graphics2_bsp/\libhal_bsp.a(alt_sbrk.o)
 .comment       0x00000000       0x27 ../graphics2_bsp/\libhal_bsp.a(alt_write.o)
 .comment       0x00000000       0x27 ../graphics2_bsp/\libhal_bsp.a(alt_sys_init.o)
 .comment       0x00000000       0x27 ../graphics2_bsp/\libhal_bsp.a(altera_avalon_jtag_uart_fd.o)
 .comment       0x00000000       0x27 ../graphics2_bsp/\libhal_bsp.a(altera_avalon_jtag_uart_init.o)
 .comment       0x00000000       0x27 ../graphics2_bsp/\libhal_bsp.a(altera_avalon_jtag_uart_ioctl.o)
 .comment       0x00000000       0x27 ../graphics2_bsp/\libhal_bsp.a(altera_avalon_jtag_uart_read.o)
 .comment       0x00000000       0x27 ../graphics2_bsp/\libhal_bsp.a(altera_avalon_jtag_uart_write.o)
 .comment       0x00000000       0x27 ../graphics2_bsp/\libhal_bsp.a(altera_avalon_timer_sc.o)
 .comment       0x00000000       0x27 ../graphics2_bsp/\libhal_bsp.a(altera_up_avalon_character_lcd.o)
 .comment       0x00000000       0x27 ../graphics2_bsp/\libhal_bsp.a(altera_up_avalon_rs232.o)
 .comment       0x00000000       0x27 ../graphics2_bsp/\libhal_bsp.a(alt_alarm_start.o)
 .comment       0x00000000       0x27 ../graphics2_bsp/\libhal_bsp.a(alt_dcache_flush_all.o)
 .comment       0x00000000       0x27 ../graphics2_bsp/\libhal_bsp.a(alt_dev_llist_insert.o)
 .comment       0x00000000       0x27 ../graphics2_bsp/\libhal_bsp.a(alt_do_ctors.o)
 .comment       0x00000000       0x27 ../graphics2_bsp/\libhal_bsp.a(alt_do_dtors.o)
 .comment       0x00000000       0x27 ../graphics2_bsp/\libhal_bsp.a(alt_find_dev.o)
 .comment       0x00000000       0x27 ../graphics2_bsp/\libhal_bsp.a(alt_icache_flush_all.o)
 .comment       0x00000000       0x27 ../graphics2_bsp/\libhal_bsp.a(alt_io_redirect.o)
 .comment       0x00000000       0x27 ../graphics2_bsp/\libhal_bsp.a(alt_irq_register.o)
 .comment       0x00000000       0x27 ../graphics2_bsp/\libhal_bsp.a(alt_irq_vars.o)
 .comment       0x00000000       0x27 ../graphics2_bsp/\libhal_bsp.a(alt_open.o)
 .comment       0x00000000       0x27 ../graphics2_bsp/\libhal_bsp.a(alt_tick.o)
 .comment       0x00000000       0x27 ../graphics2_bsp/\libhal_bsp.a(altera_nios2_qsys_irq.o)
 .comment       0x00000000       0x27 ../graphics2_bsp/\libhal_bsp.a(alt_find_file.o)
 .comment       0x00000000       0x27 ../graphics2_bsp/\libhal_bsp.a(alt_get_fd.o)
 .comment       0x00000000       0x27 ../graphics2_bsp/\libhal_bsp.a(alt_irq_handler.o)
 .comment       0x00000000       0x27 c:/altera/13.0sp1/nios2eds/bin/gnu/h-i686-mingw32/bin/../lib/gcc/nios2-elf/4.1.2/../../../../nios2-elf/lib/mno-hw-mul\libc.a(lib_a-atexit.o)
 .comment       0x00000000       0x27 c:/altera/13.0sp1/nios2eds/bin/gnu/h-i686-mingw32/bin/../lib/gcc/nios2-elf/4.1.2/../../../../nios2-elf/lib/mno-hw-mul\libc.a(lib_a-exit.o)
 .comment       0x00000000       0x27 c:/altera/13.0sp1/nios2eds/bin/gnu/h-i686-mingw32/bin/../lib/gcc/nios2-elf/4.1.2/../../../../nios2-elf/lib/mno-hw-mul\libc.a(lib_a-memcmp.o)
 .comment       0x00000000       0x27 c:/altera/13.0sp1/nios2eds/bin/gnu/h-i686-mingw32/bin/../lib/gcc/nios2-elf/4.1.2/../../../../nios2-elf/lib/mno-hw-mul\libc.a(lib_a-__atexit.o)
 .comment       0x00000000       0x27 c:/altera/13.0sp1/nios2eds/bin/gnu/h-i686-mingw32/bin/../lib/gcc/nios2-elf/4.1.2/../../../../nios2-elf/lib/mno-hw-mul\libc.a(lib_a-__call_atexit.o)
 .comment       0x00000000       0x27 ../graphics2_bsp/\libhal_bsp.a(alt_exit.o)

.debug
 *(.debug)

.line
 *(.line)

.debug_srcinfo
 *(.debug_srcinfo)

.debug_sfnames
 *(.debug_sfnames)

.debug_aranges  0x00000000      0x938
 *(.debug_aranges)
 .debug_aranges
                0x00000000       0x28 ../graphics2_bsp//obj/HAL/src/crt0.o
 .debug_aranges
                0x00000028       0x20 obj/default/OutGraphicsCharFont.o
 .debug_aranges
                0x00000048       0x20 obj/default/graphics.o
 .debug_aranges
                0x00000068       0x20 c:/altera/13.0sp1/nios2eds/bin/gnu/h-i686-mingw32/bin/../lib/gcc/nios2-elf/4.1.2/mno-hw-mul\libgcc.a(lib2-mul.o)
 .debug_aranges
                0x00000088       0x20 c:/altera/13.0sp1/nios2eds/bin/gnu/h-i686-mingw32/bin/../lib/gcc/nios2-elf/4.1.2/../../../../nios2-elf/lib/mno-hw-mul\libc.a(lib_a-puts.o)
 .debug_aranges
                0x000000a8       0x20 c:/altera/13.0sp1/nios2eds/bin/gnu/h-i686-mingw32/bin/../lib/gcc/nios2-elf/4.1.2/../../../../nios2-elf/lib/mno-hw-mul\libc.a(lib_a-strlen.o)
 .debug_aranges
                0x000000c8       0x20 c:/altera/13.0sp1/nios2eds/bin/gnu/h-i686-mingw32/bin/../lib/gcc/nios2-elf/4.1.2/../../../../nios2-elf/lib/mno-hw-mul\libc.a(lib_a-fvwrite.o)
 .debug_aranges
                0x000000e8       0x20 c:/altera/13.0sp1/nios2eds/bin/gnu/h-i686-mingw32/bin/../lib/gcc/nios2-elf/4.1.2/../../../../nios2-elf/lib/mno-hw-mul\libc.a(lib_a-mallocr.o)
 .debug_aranges
                0x00000108       0x20 c:/altera/13.0sp1/nios2eds/bin/gnu/h-i686-mingw32/bin/../lib/gcc/nios2-elf/4.1.2/../../../../nios2-elf/lib/mno-hw-mul\libc.a(lib_a-memchr.o)
 .debug_aranges
                0x00000128       0x20 c:/altera/13.0sp1/nios2eds/bin/gnu/h-i686-mingw32/bin/../lib/gcc/nios2-elf/4.1.2/../../../../nios2-elf/lib/mno-hw-mul\libc.a(lib_a-memcpy.o)
 .debug_aranges
                0x00000148       0x20 c:/altera/13.0sp1/nios2eds/bin/gnu/h-i686-mingw32/bin/../lib/gcc/nios2-elf/4.1.2/../../../../nios2-elf/lib/mno-hw-mul\libc.a(lib_a-memmove.o)
 .debug_aranges
                0x00000168       0x20 c:/altera/13.0sp1/nios2eds/bin/gnu/h-i686-mingw32/bin/../lib/gcc/nios2-elf/4.1.2/../../../../nios2-elf/lib/mno-hw-mul\libc.a(lib_a-reallocr.o)
 .debug_aranges
                0x00000188       0x20 c:/altera/13.0sp1/nios2eds/bin/gnu/h-i686-mingw32/bin/../lib/gcc/nios2-elf/4.1.2/../../../../nios2-elf/lib/mno-hw-mul\libc.a(lib_a-sbrkr.o)
 .debug_aranges
                0x000001a8       0x20 c:/altera/13.0sp1/nios2eds/bin/gnu/h-i686-mingw32/bin/../lib/gcc/nios2-elf/4.1.2/../../../../nios2-elf/lib/mno-hw-mul\libc.a(lib_a-wsetup.o)
 .debug_aranges
                0x000001c8       0x20 c:/altera/13.0sp1/nios2eds/bin/gnu/h-i686-mingw32/bin/../lib/gcc/nios2-elf/4.1.2/../../../../nios2-elf/lib/mno-hw-mul\libc.a(lib_a-fflush.o)
 .debug_aranges
                0x000001e8       0x20 c:/altera/13.0sp1/nios2eds/bin/gnu/h-i686-mingw32/bin/../lib/gcc/nios2-elf/4.1.2/../../../../nios2-elf/lib/mno-hw-mul\libc.a(lib_a-findfp.o)
 .debug_aranges
                0x00000208       0x20 c:/altera/13.0sp1/nios2eds/bin/gnu/h-i686-mingw32/bin/../lib/gcc/nios2-elf/4.1.2/../../../../nios2-elf/lib/mno-hw-mul\libc.a(lib_a-freer.o)
 .debug_aranges
                0x00000228       0x20 c:/altera/13.0sp1/nios2eds/bin/gnu/h-i686-mingw32/bin/../lib/gcc/nios2-elf/4.1.2/../../../../nios2-elf/lib/mno-hw-mul\libc.a(lib_a-fwalk.o)
 .debug_aranges
                0x00000248       0x20 c:/altera/13.0sp1/nios2eds/bin/gnu/h-i686-mingw32/bin/../lib/gcc/nios2-elf/4.1.2/../../../../nios2-elf/lib/mno-hw-mul\libc.a(lib_a-makebuf.o)
 .debug_aranges
                0x00000268       0x20 c:/altera/13.0sp1/nios2eds/bin/gnu/h-i686-mingw32/bin/../lib/gcc/nios2-elf/4.1.2/../../../../nios2-elf/lib/mno-hw-mul\libc.a(lib_a-memset.o)
 .debug_aranges
                0x00000288       0x20 c:/altera/13.0sp1/nios2eds/bin/gnu/h-i686-mingw32/bin/../lib/gcc/nios2-elf/4.1.2/../../../../nios2-elf/lib/mno-hw-mul\libc.a(lib_a-stdio.o)
 .debug_aranges
                0x000002a8       0x20 c:/altera/13.0sp1/nios2eds/bin/gnu/h-i686-mingw32/bin/../lib/gcc/nios2-elf/4.1.2/../../../../nios2-elf/lib/mno-hw-mul\libc.a(lib_a-writer.o)
 .debug_aranges
                0x000002c8       0x20 c:/altera/13.0sp1/nios2eds/bin/gnu/h-i686-mingw32/bin/../lib/gcc/nios2-elf/4.1.2/../../../../nios2-elf/lib/mno-hw-mul\libc.a(lib_a-closer.o)
 .debug_aranges
                0x000002e8       0x20 c:/altera/13.0sp1/nios2eds/bin/gnu/h-i686-mingw32/bin/../lib/gcc/nios2-elf/4.1.2/../../../../nios2-elf/lib/mno-hw-mul\libc.a(lib_a-fclose.o)
 .debug_aranges
                0x00000308       0x20 c:/altera/13.0sp1/nios2eds/bin/gnu/h-i686-mingw32/bin/../lib/gcc/nios2-elf/4.1.2/../../../../nios2-elf/lib/mno-hw-mul\libc.a(lib_a-fstatr.o)
 .debug_aranges
                0x00000328       0x20 c:/altera/13.0sp1/nios2eds/bin/gnu/h-i686-mingw32/bin/../lib/gcc/nios2-elf/4.1.2/../../../../nios2-elf/lib/mno-hw-mul\libc.a(lib_a-isattyr.o)
 .debug_aranges
                0x00000348       0x20 c:/altera/13.0sp1/nios2eds/bin/gnu/h-i686-mingw32/bin/../lib/gcc/nios2-elf/4.1.2/../../../../nios2-elf/lib/mno-hw-mul\libc.a(lib_a-lseekr.o)
 .debug_aranges
                0x00000368       0x20 c:/altera/13.0sp1/nios2eds/bin/gnu/h-i686-mingw32/bin/../lib/gcc/nios2-elf/4.1.2/../../../../nios2-elf/lib/mno-hw-mul\libc.a(lib_a-readr.o)
 .debug_aranges
                0x00000388       0x20 ../graphics2_bsp/\libhal_bsp.a(alt_close.o)
 .debug_aranges
                0x000003a8       0x20 ../graphics2_bsp/\libhal_bsp.a(alt_dev.o)
 .debug_aranges
                0x000003c8       0x20 ../graphics2_bsp/\libhal_bsp.a(alt_fstat.o)
 .debug_aranges
                0x000003e8       0x20 ../graphics2_bsp/\libhal_bsp.a(alt_isatty.o)
 .debug_aranges
                0x00000408       0x20 ../graphics2_bsp/\libhal_bsp.a(alt_load.o)
 .debug_aranges
                0x00000428       0x20 ../graphics2_bsp/\libhal_bsp.a(alt_lseek.o)
 .debug_aranges
                0x00000448       0x20 ../graphics2_bsp/\libhal_bsp.a(alt_main.o)
 .debug_aranges
                0x00000468       0x20 ../graphics2_bsp/\libhal_bsp.a(alt_malloc_lock.o)
 .debug_aranges
                0x00000488       0x20 ../graphics2_bsp/\libhal_bsp.a(alt_read.o)
 .debug_aranges
                0x000004a8       0x20 ../graphics2_bsp/\libhal_bsp.a(alt_release_fd.o)
 .debug_aranges
                0x000004c8       0x20 ../graphics2_bsp/\libhal_bsp.a(alt_sbrk.o)
 .debug_aranges
                0x000004e8       0x20 ../graphics2_bsp/\libhal_bsp.a(alt_write.o)
 .debug_aranges
                0x00000508       0x20 ../graphics2_bsp/\libhal_bsp.a(alt_sys_init.o)
 .debug_aranges
                0x00000528       0x20 ../graphics2_bsp/\libhal_bsp.a(altera_avalon_jtag_uart_fd.o)
 .debug_aranges
                0x00000548       0x20 ../graphics2_bsp/\libhal_bsp.a(altera_avalon_jtag_uart_init.o)
 .debug_aranges
                0x00000568       0x20 ../graphics2_bsp/\libhal_bsp.a(altera_avalon_jtag_uart_ioctl.o)
 .debug_aranges
                0x00000588       0x20 ../graphics2_bsp/\libhal_bsp.a(altera_avalon_jtag_uart_read.o)
 .debug_aranges
                0x000005a8       0x20 ../graphics2_bsp/\libhal_bsp.a(altera_avalon_jtag_uart_write.o)
 .debug_aranges
                0x000005c8       0x20 ../graphics2_bsp/\libhal_bsp.a(altera_avalon_timer_sc.o)
 .debug_aranges
                0x000005e8       0x20 ../graphics2_bsp/\libhal_bsp.a(altera_up_avalon_character_lcd.o)
 .debug_aranges
                0x00000608       0x20 ../graphics2_bsp/\libhal_bsp.a(altera_up_avalon_rs232.o)
 .debug_aranges
                0x00000628       0x20 ../graphics2_bsp/\libhal_bsp.a(alt_alarm_start.o)
 .debug_aranges
                0x00000648       0x20 ../graphics2_bsp/\libhal_bsp.a(alt_dcache_flush_all.o)
 .debug_aranges
                0x00000668       0x20 ../graphics2_bsp/\libhal_bsp.a(alt_dev_llist_insert.o)
 .debug_aranges
                0x00000688       0x20 ../graphics2_bsp/\libhal_bsp.a(alt_do_ctors.o)
 .debug_aranges
                0x000006a8       0x20 ../graphics2_bsp/\libhal_bsp.a(alt_do_dtors.o)
 .debug_aranges
                0x000006c8       0x20 ../graphics2_bsp/\libhal_bsp.a(alt_find_dev.o)
 .debug_aranges
                0x000006e8       0x20 ../graphics2_bsp/\libhal_bsp.a(alt_icache_flush_all.o)
 .debug_aranges
                0x00000708       0x20 ../graphics2_bsp/\libhal_bsp.a(alt_io_redirect.o)
 .debug_aranges
                0x00000728       0x20 ../graphics2_bsp/\libhal_bsp.a(alt_irq_register.o)
 .debug_aranges
                0x00000748       0x20 ../graphics2_bsp/\libhal_bsp.a(alt_open.o)
 .debug_aranges
                0x00000768       0x20 ../graphics2_bsp/\libhal_bsp.a(alt_tick.o)
 .debug_aranges
                0x00000788       0x20 ../graphics2_bsp/\libhal_bsp.a(altera_nios2_qsys_irq.o)
 .debug_aranges
                0x000007a8       0x20 ../graphics2_bsp/\libhal_bsp.a(alt_find_file.o)
 .debug_aranges
                0x000007c8       0x20 ../graphics2_bsp/\libhal_bsp.a(alt_get_fd.o)
 .debug_aranges
                0x000007e8       0x30 ../graphics2_bsp/\libhal_bsp.a(alt_irq_entry.o)
 .debug_aranges
                0x00000818       0x28 ../graphics2_bsp/\libhal_bsp.a(alt_irq_handler.o)
 .debug_aranges
                0x00000840       0x38 ../graphics2_bsp/\libhal_bsp.a(alt_exception_entry.o)
 .debug_aranges
                0x00000878       0x20 c:/altera/13.0sp1/nios2eds/bin/gnu/h-i686-mingw32/bin/../lib/gcc/nios2-elf/4.1.2/../../../../nios2-elf/lib/mno-hw-mul\libc.a(lib_a-atexit.o)
 .debug_aranges
                0x00000898       0x20 c:/altera/13.0sp1/nios2eds/bin/gnu/h-i686-mingw32/bin/../lib/gcc/nios2-elf/4.1.2/../../../../nios2-elf/lib/mno-hw-mul\libc.a(lib_a-exit.o)
 .debug_aranges
                0x000008b8       0x20 c:/altera/13.0sp1/nios2eds/bin/gnu/h-i686-mingw32/bin/../lib/gcc/nios2-elf/4.1.2/../../../../nios2-elf/lib/mno-hw-mul\libc.a(lib_a-memcmp.o)
 .debug_aranges
                0x000008d8       0x20 c:/altera/13.0sp1/nios2eds/bin/gnu/h-i686-mingw32/bin/../lib/gcc/nios2-elf/4.1.2/../../../../nios2-elf/lib/mno-hw-mul\libc.a(lib_a-__atexit.o)
 .debug_aranges
                0x000008f8       0x20 c:/altera/13.0sp1/nios2eds/bin/gnu/h-i686-mingw32/bin/../lib/gcc/nios2-elf/4.1.2/../../../../nios2-elf/lib/mno-hw-mul\libc.a(lib_a-__call_atexit.o)
 .debug_aranges
                0x00000918       0x20 ../graphics2_bsp/\libhal_bsp.a(alt_exit.o)

.debug_pubnames
                0x00000000     0x11c2
 *(.debug_pubnames)
 .debug_pubnames
                0x00000000       0xa7 obj/default/OutGraphicsCharFont.o
 .debug_pubnames
                0x000000a7       0x56 obj/default/fonts.o
 .debug_pubnames
                0x000000fd       0xd9 obj/default/graphics.o
 .debug_pubnames
                0x000001d6       0x1f c:/altera/13.0sp1/nios2eds/bin/gnu/h-i686-mingw32/bin/../lib/gcc/nios2-elf/4.1.2/mno-hw-mul\libgcc.a(lib2-mul.o)
 .debug_pubnames
                0x000001f5       0x27 c:/altera/13.0sp1/nios2eds/bin/gnu/h-i686-mingw32/bin/../lib/gcc/nios2-elf/4.1.2/../../../../nios2-elf/lib/mno-hw-mul\libc.a(lib_a-puts.o)
 .debug_pubnames
                0x0000021c       0x1d c:/altera/13.0sp1/nios2eds/bin/gnu/h-i686-mingw32/bin/../lib/gcc/nios2-elf/4.1.2/../../../../nios2-elf/lib/mno-hw-mul\libc.a(lib_a-strlen.o)
 .debug_pubnames
                0x00000239       0x23 c:/altera/13.0sp1/nios2eds/bin/gnu/h-i686-mingw32/bin/../lib/gcc/nios2-elf/4.1.2/../../../../nios2-elf/lib/mno-hw-mul\libc.a(lib_a-fvwrite.o)
 .debug_pubnames
                0x0000025c       0x39 c:/altera/13.0sp1/nios2eds/bin/gnu/h-i686-mingw32/bin/../lib/gcc/nios2-elf/4.1.2/../../../../nios2-elf/lib/mno-hw-mul\libc.a(lib_a-impure.o)
 .debug_pubnames
                0x00000295       0xce c:/altera/13.0sp1/nios2eds/bin/gnu/h-i686-mingw32/bin/../lib/gcc/nios2-elf/4.1.2/../../../../nios2-elf/lib/mno-hw-mul\libc.a(lib_a-mallocr.o)
 .debug_pubnames
                0x00000363       0x1d c:/altera/13.0sp1/nios2eds/bin/gnu/h-i686-mingw32/bin/../lib/gcc/nios2-elf/4.1.2/../../../../nios2-elf/lib/mno-hw-mul\libc.a(lib_a-memchr.o)
 .debug_pubnames
                0x00000380       0x1d c:/altera/13.0sp1/nios2eds/bin/gnu/h-i686-mingw32/bin/../lib/gcc/nios2-elf/4.1.2/../../../../nios2-elf/lib/mno-hw-mul\libc.a(lib_a-memcpy.o)
 .debug_pubnames
                0x0000039d       0x1e c:/altera/13.0sp1/nios2eds/bin/gnu/h-i686-mingw32/bin/../lib/gcc/nios2-elf/4.1.2/../../../../nios2-elf/lib/mno-hw-mul\libc.a(lib_a-memmove.o)
 .debug_pubnames
                0x000003bb       0x21 c:/altera/13.0sp1/nios2eds/bin/gnu/h-i686-mingw32/bin/../lib/gcc/nios2-elf/4.1.2/../../../../nios2-elf/lib/mno-hw-mul\libc.a(lib_a-reallocr.o)
 .debug_pubnames
                0x000003dc       0x1e c:/altera/13.0sp1/nios2eds/bin/gnu/h-i686-mingw32/bin/../lib/gcc/nios2-elf/4.1.2/../../../../nios2-elf/lib/mno-hw-mul\libc.a(lib_a-sbrkr.o)
 .debug_pubnames
                0x000003fa       0x22 c:/altera/13.0sp1/nios2eds/bin/gnu/h-i686-mingw32/bin/../lib/gcc/nios2-elf/4.1.2/../../../../nios2-elf/lib/mno-hw-mul\libc.a(lib_a-wsetup.o)
 .debug_pubnames
                0x0000041c       0x2b c:/altera/13.0sp1/nios2eds/bin/gnu/h-i686-mingw32/bin/../lib/gcc/nios2-elf/4.1.2/../../../../nios2-elf/lib/mno-hw-mul\libc.a(lib_a-fflush.o)
 .debug_pubnames
                0x00000447       0xdb c:/altera/13.0sp1/nios2eds/bin/gnu/h-i686-mingw32/bin/../lib/gcc/nios2-elf/4.1.2/../../../../nios2-elf/lib/mno-hw-mul\libc.a(lib_a-findfp.o)
 .debug_pubnames
                0x00000522       0x31 c:/altera/13.0sp1/nios2eds/bin/gnu/h-i686-mingw32/bin/../lib/gcc/nios2-elf/4.1.2/../../../../nios2-elf/lib/mno-hw-mul\libc.a(lib_a-freer.o)
 .debug_pubnames
                0x00000553       0x2e c:/altera/13.0sp1/nios2eds/bin/gnu/h-i686-mingw32/bin/../lib/gcc/nios2-elf/4.1.2/../../../../nios2-elf/lib/mno-hw-mul\libc.a(lib_a-fwalk.o)
 .debug_pubnames
                0x00000581       0x1c c:/altera/13.0sp1/nios2eds/bin/gnu/h-i686-mingw32/bin/../lib/gcc/nios2-elf/4.1.2/../../../../nios2-elf/lib/mno-hw-mul\libc.a(lib_a-int_errno.o)
 .debug_pubnames
                0x0000059d       0x23 c:/altera/13.0sp1/nios2eds/bin/gnu/h-i686-mingw32/bin/../lib/gcc/nios2-elf/4.1.2/../../../../nios2-elf/lib/mno-hw-mul\libc.a(lib_a-makebuf.o)
 .debug_pubnames
                0x000005c0       0x1d c:/altera/13.0sp1/nios2eds/bin/gnu/h-i686-mingw32/bin/../lib/gcc/nios2-elf/4.1.2/../../../../nios2-elf/lib/mno-hw-mul\libc.a(lib_a-memset.o)
 .debug_pubnames
                0x000005dd       0x44 c:/altera/13.0sp1/nios2eds/bin/gnu/h-i686-mingw32/bin/../lib/gcc/nios2-elf/4.1.2/../../../../nios2-elf/lib/mno-hw-mul\libc.a(lib_a-stdio.o)
 .debug_pubnames
                0x00000621       0x1f c:/altera/13.0sp1/nios2eds/bin/gnu/h-i686-mingw32/bin/../lib/gcc/nios2-elf/4.1.2/../../../../nios2-elf/lib/mno-hw-mul\libc.a(lib_a-writer.o)
 .debug_pubnames
                0x00000640       0x1f c:/altera/13.0sp1/nios2eds/bin/gnu/h-i686-mingw32/bin/../lib/gcc/nios2-elf/4.1.2/../../../../nios2-elf/lib/mno-hw-mul\libc.a(lib_a-closer.o)
 .debug_pubnames
                0x0000065f       0x2b c:/altera/13.0sp1/nios2eds/bin/gnu/h-i686-mingw32/bin/../lib/gcc/nios2-elf/4.1.2/../../../../nios2-elf/lib/mno-hw-mul\libc.a(lib_a-fclose.o)
 .debug_pubnames
                0x0000068a       0x1f c:/altera/13.0sp1/nios2eds/bin/gnu/h-i686-mingw32/bin/../lib/gcc/nios2-elf/4.1.2/../../../../nios2-elf/lib/mno-hw-mul\libc.a(lib_a-fstatr.o)
 .debug_pubnames
                0x000006a9       0x20 c:/altera/13.0sp1/nios2eds/bin/gnu/h-i686-mingw32/bin/../lib/gcc/nios2-elf/4.1.2/../../../../nios2-elf/lib/mno-hw-mul\libc.a(lib_a-isattyr.o)
 .debug_pubnames
                0x000006c9       0x1f c:/altera/13.0sp1/nios2eds/bin/gnu/h-i686-mingw32/bin/../lib/gcc/nios2-elf/4.1.2/../../../../nios2-elf/lib/mno-hw-mul\libc.a(lib_a-lseekr.o)
 .debug_pubnames
                0x000006e8       0x1e c:/altera/13.0sp1/nios2eds/bin/gnu/h-i686-mingw32/bin/../lib/gcc/nios2-elf/4.1.2/../../../../nios2-elf/lib/mno-hw-mul\libc.a(lib_a-readr.o)
 .debug_pubnames
                0x00000706       0x1c ../graphics2_bsp/\libhal_bsp.a(alt_close.o)
 .debug_pubnames
                0x00000722       0x63 ../graphics2_bsp/\libhal_bsp.a(alt_dev.o)
 .debug_pubnames
                0x00000785       0x20 ../graphics2_bsp/\libhal_bsp.a(alt_errno.o)
 .debug_pubnames
                0x000007a5       0x1c ../graphics2_bsp/\libhal_bsp.a(alt_fstat.o)
 .debug_pubnames
                0x000007c1       0x1d ../graphics2_bsp/\libhal_bsp.a(alt_isatty.o)
 .debug_pubnames
                0x000007de       0x1f ../graphics2_bsp/\libhal_bsp.a(alt_load.o)
 .debug_pubnames
                0x000007fd       0x1c ../graphics2_bsp/\libhal_bsp.a(alt_lseek.o)
 .debug_pubnames
                0x00000819       0x46 ../graphics2_bsp/\libhal_bsp.a(alt_main.o)
 .debug_pubnames
                0x0000085f       0x38 ../graphics2_bsp/\libhal_bsp.a(alt_malloc_lock.o)
 .debug_pubnames
                0x00000897       0x1b ../graphics2_bsp/\libhal_bsp.a(alt_read.o)
 .debug_pubnames
                0x000008b2       0x25 ../graphics2_bsp/\libhal_bsp.a(alt_release_fd.o)
 .debug_pubnames
                0x000008d7       0x1b ../graphics2_bsp/\libhal_bsp.a(alt_sbrk.o)
 .debug_pubnames
                0x000008f2       0x1c ../graphics2_bsp/\libhal_bsp.a(alt_write.o)
 .debug_pubnames
                0x0000090e       0x34 ../graphics2_bsp/\libhal_bsp.a(alt_sys_init.o)
 .debug_pubnames
                0x00000942       0xa5 ../graphics2_bsp/\libhal_bsp.a(altera_avalon_jtag_uart_fd.o)
 .debug_pubnames
                0x000009e7       0x55 ../graphics2_bsp/\libhal_bsp.a(altera_avalon_jtag_uart_init.o)
 .debug_pubnames
                0x00000a3c       0x34 ../graphics2_bsp/\libhal_bsp.a(altera_avalon_jtag_uart_ioctl.o)
 .debug_pubnames
                0x00000a70       0x33 ../graphics2_bsp/\libhal_bsp.a(altera_avalon_jtag_uart_read.o)
 .debug_pubnames
                0x00000aa3       0x34 ../graphics2_bsp/\libhal_bsp.a(altera_avalon_jtag_uart_write.o)
 .debug_pubnames
                0x00000ad7       0x2f ../graphics2_bsp/\libhal_bsp.a(altera_avalon_timer_sc.o)
 .debug_pubnames
                0x00000b06      0x1cd ../graphics2_bsp/\libhal_bsp.a(altera_up_avalon_character_lcd.o)
 .debug_pubnames
                0x00000cd3      0x163 ../graphics2_bsp/\libhal_bsp.a(altera_up_avalon_rs232.o)
 .debug_pubnames
                0x00000e36       0x26 ../graphics2_bsp/\libhal_bsp.a(alt_alarm_start.o)
 .debug_pubnames
                0x00000e5c       0x2b ../graphics2_bsp/\libhal_bsp.a(alt_dcache_flush_all.o)
 .debug_pubnames
                0x00000e87       0x2b ../graphics2_bsp/\libhal_bsp.a(alt_dev_llist_insert.o)
 .debug_pubnames
                0x00000eb2       0x20 ../graphics2_bsp/\libhal_bsp.a(alt_do_ctors.o)
 .debug_pubnames
                0x00000ed2       0x20 ../graphics2_bsp/\libhal_bsp.a(alt_do_dtors.o)
 .debug_pubnames
                0x00000ef2       0x23 ../graphics2_bsp/\libhal_bsp.a(alt_find_dev.o)
 .debug_pubnames
                0x00000f15       0x2b ../graphics2_bsp/\libhal_bsp.a(alt_icache_flush_all.o)
 .debug_pubnames
                0x00000f40       0x26 ../graphics2_bsp/\libhal_bsp.a(alt_io_redirect.o)
 .debug_pubnames
                0x00000f66       0x27 ../graphics2_bsp/\libhal_bsp.a(alt_irq_register.o)
 .debug_pubnames
                0x00000f8d       0x3b ../graphics2_bsp/\libhal_bsp.a(alt_irq_vars.o)
 .debug_pubnames
                0x00000fc8       0x1b ../graphics2_bsp/\libhal_bsp.a(alt_open.o)
 .debug_pubnames
                0x00000fe3       0x68 ../graphics2_bsp/\libhal_bsp.a(alt_tick.o)
 .debug_pubnames
                0x0000104b       0x31 ../graphics2_bsp/\libhal_bsp.a(altera_nios2_qsys_irq.o)
 .debug_pubnames
                0x0000107c       0x24 ../graphics2_bsp/\libhal_bsp.a(alt_find_file.o)
 .debug_pubnames
                0x000010a0       0x21 ../graphics2_bsp/\libhal_bsp.a(alt_get_fd.o)
 .debug_pubnames
                0x000010c1       0x32 ../graphics2_bsp/\libhal_bsp.a(alt_irq_handler.o)
 .debug_pubnames
                0x000010f3       0x2a c:/altera/13.0sp1/nios2eds/bin/gnu/h-i686-mingw32/bin/../lib/gcc/nios2-elf/4.1.2/../../../../nios2-elf/lib/mno-hw-mul\libc.a(lib_a-atexit.o)
 .debug_pubnames
                0x0000111d       0x1b c:/altera/13.0sp1/nios2eds/bin/gnu/h-i686-mingw32/bin/../lib/gcc/nios2-elf/4.1.2/../../../../nios2-elf/lib/mno-hw-mul\libc.a(lib_a-exit.o)
 .debug_pubnames
                0x00001138       0x1d c:/altera/13.0sp1/nios2eds/bin/gnu/h-i686-mingw32/bin/../lib/gcc/nios2-elf/4.1.2/../../../../nios2-elf/lib/mno-hw-mul\libc.a(lib_a-memcmp.o)
 .debug_pubnames
                0x00001155       0x2a c:/altera/13.0sp1/nios2eds/bin/gnu/h-i686-mingw32/bin/../lib/gcc/nios2-elf/4.1.2/../../../../nios2-elf/lib/mno-hw-mul\libc.a(lib_a-__atexit.o)
 .debug_pubnames
                0x0000117f       0x27 c:/altera/13.0sp1/nios2eds/bin/gnu/h-i686-mingw32/bin/../lib/gcc/nios2-elf/4.1.2/../../../../nios2-elf/lib/mno-hw-mul\libc.a(lib_a-__call_atexit.o)
 .debug_pubnames
                0x000011a6       0x1c ../graphics2_bsp/\libhal_bsp.a(alt_exit.o)

.debug_info     0x00000000    0x1b6d7
 *(.debug_info .gnu.linkonce.wi.*)
 .debug_info    0x00000000       0x90 ../graphics2_bsp//obj/HAL/src/crt0.o
 .debug_info    0x00000090      0x4b8 obj/default/OutGraphicsCharFont.o
 .debug_info    0x00000548      0x1b5 obj/default/fonts.o
 .debug_info    0x000006fd      0x537 obj/default/graphics.o
 .debug_info    0x00000c34       0xf3 c:/altera/13.0sp1/nios2eds/bin/gnu/h-i686-mingw32/bin/../lib/gcc/nios2-elf/4.1.2/mno-hw-mul\libgcc.a(lib2-mul.o)
 .debug_info    0x00000d27      0xa25 c:/altera/13.0sp1/nios2eds/bin/gnu/h-i686-mingw32/bin/../lib/gcc/nios2-elf/4.1.2/../../../../nios2-elf/lib/mno-hw-mul\libc.a(lib_a-puts.o)
 .debug_info    0x0000174c       0xdb c:/altera/13.0sp1/nios2eds/bin/gnu/h-i686-mingw32/bin/../lib/gcc/nios2-elf/4.1.2/../../../../nios2-elf/lib/mno-hw-mul\libc.a(lib_a-strlen.o)
 .debug_info    0x00001827      0xa88 c:/altera/13.0sp1/nios2eds/bin/gnu/h-i686-mingw32/bin/../lib/gcc/nios2-elf/4.1.2/../../../../nios2-elf/lib/mno-hw-mul\libc.a(lib_a-fvwrite.o)
 .debug_info    0x000022af      0x93d c:/altera/13.0sp1/nios2eds/bin/gnu/h-i686-mingw32/bin/../lib/gcc/nios2-elf/4.1.2/../../../../nios2-elf/lib/mno-hw-mul\libc.a(lib_a-impure.o)
 .debug_info    0x00002bec      0xcd0 c:/altera/13.0sp1/nios2eds/bin/gnu/h-i686-mingw32/bin/../lib/gcc/nios2-elf/4.1.2/../../../../nios2-elf/lib/mno-hw-mul\libc.a(lib_a-mallocr.o)
 .debug_info    0x000038bc      0x138 c:/altera/13.0sp1/nios2eds/bin/gnu/h-i686-mingw32/bin/../lib/gcc/nios2-elf/4.1.2/../../../../nios2-elf/lib/mno-hw-mul\libc.a(lib_a-memchr.o)
 .debug_info    0x000039f4      0x106 c:/altera/13.0sp1/nios2eds/bin/gnu/h-i686-mingw32/bin/../lib/gcc/nios2-elf/4.1.2/../../../../nios2-elf/lib/mno-hw-mul\libc.a(lib_a-memcpy.o)
 .debug_info    0x00003afa      0x13e c:/altera/13.0sp1/nios2eds/bin/gnu/h-i686-mingw32/bin/../lib/gcc/nios2-elf/4.1.2/../../../../nios2-elf/lib/mno-hw-mul\libc.a(lib_a-memmove.o)
 .debug_info    0x00003c38      0xbd7 c:/altera/13.0sp1/nios2eds/bin/gnu/h-i686-mingw32/bin/../lib/gcc/nios2-elf/4.1.2/../../../../nios2-elf/lib/mno-hw-mul\libc.a(lib_a-reallocr.o)
 .debug_info    0x0000480f      0x962 c:/altera/13.0sp1/nios2eds/bin/gnu/h-i686-mingw32/bin/../lib/gcc/nios2-elf/4.1.2/../../../../nios2-elf/lib/mno-hw-mul\libc.a(lib_a-sbrkr.o)
 .debug_info    0x00005171      0x95d c:/altera/13.0sp1/nios2eds/bin/gnu/h-i686-mingw32/bin/../lib/gcc/nios2-elf/4.1.2/../../../../nios2-elf/lib/mno-hw-mul\libc.a(lib_a-wsetup.o)
 .debug_info    0x00005ace      0x9fe c:/altera/13.0sp1/nios2eds/bin/gnu/h-i686-mingw32/bin/../lib/gcc/nios2-elf/4.1.2/../../../../nios2-elf/lib/mno-hw-mul\libc.a(lib_a-fflush.o)
 .debug_info    0x000064cc      0xb72 c:/altera/13.0sp1/nios2eds/bin/gnu/h-i686-mingw32/bin/../lib/gcc/nios2-elf/4.1.2/../../../../nios2-elf/lib/mno-hw-mul\libc.a(lib_a-findfp.o)
 .debug_info    0x0000703e      0xbc9 c:/altera/13.0sp1/nios2eds/bin/gnu/h-i686-mingw32/bin/../lib/gcc/nios2-elf/4.1.2/../../../../nios2-elf/lib/mno-hw-mul\libc.a(lib_a-freer.o)
 .debug_info    0x00007c07      0xaed c:/altera/13.0sp1/nios2eds/bin/gnu/h-i686-mingw32/bin/../lib/gcc/nios2-elf/4.1.2/../../../../nios2-elf/lib/mno-hw-mul\libc.a(lib_a-fwalk.o)
 .debug_info    0x000086f4       0x8c c:/altera/13.0sp1/nios2eds/bin/gnu/h-i686-mingw32/bin/../lib/gcc/nios2-elf/4.1.2/../../../../nios2-elf/lib/mno-hw-mul\libc.a(lib_a-int_errno.o)
 .debug_info    0x00008780      0xb1a c:/altera/13.0sp1/nios2eds/bin/gnu/h-i686-mingw32/bin/../lib/gcc/nios2-elf/4.1.2/../../../../nios2-elf/lib/mno-hw-mul\libc.a(lib_a-makebuf.o)
 .debug_info    0x0000929a      0x113 c:/altera/13.0sp1/nios2eds/bin/gnu/h-i686-mingw32/bin/../lib/gcc/nios2-elf/4.1.2/../../../../nios2-elf/lib/mno-hw-mul\libc.a(lib_a-memset.o)
 .debug_info    0x000093ad      0xaac c:/altera/13.0sp1/nios2eds/bin/gnu/h-i686-mingw32/bin/../lib/gcc/nios2-elf/4.1.2/../../../../nios2-elf/lib/mno-hw-mul\libc.a(lib_a-stdio.o)
 .debug_info    0x00009e59      0x993 c:/altera/13.0sp1/nios2eds/bin/gnu/h-i686-mingw32/bin/../lib/gcc/nios2-elf/4.1.2/../../../../nios2-elf/lib/mno-hw-mul\libc.a(lib_a-writer.o)
 .debug_info    0x0000a7ec      0x958 c:/altera/13.0sp1/nios2eds/bin/gnu/h-i686-mingw32/bin/../lib/gcc/nios2-elf/4.1.2/../../../../nios2-elf/lib/mno-hw-mul\libc.a(lib_a-closer.o)
 .debug_info    0x0000b144      0x994 c:/altera/13.0sp1/nios2eds/bin/gnu/h-i686-mingw32/bin/../lib/gcc/nios2-elf/4.1.2/../../../../nios2-elf/lib/mno-hw-mul\libc.a(lib_a-fclose.o)
 .debug_info    0x0000bad8      0xafc c:/altera/13.0sp1/nios2eds/bin/gnu/h-i686-mingw32/bin/../lib/gcc/nios2-elf/4.1.2/../../../../nios2-elf/lib/mno-hw-mul\libc.a(lib_a-fstatr.o)
 .debug_info    0x0000c5d4      0x958 c:/altera/13.0sp1/nios2eds/bin/gnu/h-i686-mingw32/bin/../lib/gcc/nios2-elf/4.1.2/../../../../nios2-elf/lib/mno-hw-mul\libc.a(lib_a-isattyr.o)
 .debug_info    0x0000cf2c      0x981 c:/altera/13.0sp1/nios2eds/bin/gnu/h-i686-mingw32/bin/../lib/gcc/nios2-elf/4.1.2/../../../../nios2-elf/lib/mno-hw-mul\libc.a(lib_a-lseekr.o)
 .debug_info    0x0000d8ad      0x98c c:/altera/13.0sp1/nios2eds/bin/gnu/h-i686-mingw32/bin/../lib/gcc/nios2-elf/4.1.2/../../../../nios2-elf/lib/mno-hw-mul\libc.a(lib_a-readr.o)
 .debug_info    0x0000e239      0x47c ../graphics2_bsp/\libhal_bsp.a(alt_close.o)
 .debug_info    0x0000e6b5      0x694 ../graphics2_bsp/\libhal_bsp.a(alt_dev.o)
 .debug_info    0x0000ed49      0x179 ../graphics2_bsp/\libhal_bsp.a(alt_errno.o)
 .debug_info    0x0000eec2      0x675 ../graphics2_bsp/\libhal_bsp.a(alt_fstat.o)
 .debug_info    0x0000f537      0x67b ../graphics2_bsp/\libhal_bsp.a(alt_isatty.o)
 .debug_info    0x0000fbb2      0x2a2 ../graphics2_bsp/\libhal_bsp.a(alt_load.o)
 .debug_info    0x0000fe54      0x4af ../graphics2_bsp/\libhal_bsp.a(alt_lseek.o)
 .debug_info    0x00010303      0x281 ../graphics2_bsp/\libhal_bsp.a(alt_main.o)
 .debug_info    0x00010584      0xc2d ../graphics2_bsp/\libhal_bsp.a(alt_malloc_lock.o)
 .debug_info    0x000111b1      0x69f ../graphics2_bsp/\libhal_bsp.a(alt_read.o)
 .debug_info    0x00011850      0x407 ../graphics2_bsp/\libhal_bsp.a(alt_release_fd.o)
 .debug_info    0x00011c57      0x313 ../graphics2_bsp/\libhal_bsp.a(alt_sbrk.o)
 .debug_info    0x00011f6a      0x6a8 ../graphics2_bsp/\libhal_bsp.a(alt_write.o)
 .debug_info    0x00012612      0x806 ../graphics2_bsp/\libhal_bsp.a(alt_sys_init.o)
 .debug_info    0x00012e18      0x7ee ../graphics2_bsp/\libhal_bsp.a(altera_avalon_jtag_uart_fd.o)
 .debug_info    0x00013606      0x656 ../graphics2_bsp/\libhal_bsp.a(altera_avalon_jtag_uart_init.o)
 .debug_info    0x00013c5c      0x458 ../graphics2_bsp/\libhal_bsp.a(altera_avalon_jtag_uart_ioctl.o)
 .debug_info    0x000140b4      0x58e ../graphics2_bsp/\libhal_bsp.a(altera_avalon_jtag_uart_read.o)
 .debug_info    0x00014642      0x586 ../graphics2_bsp/\libhal_bsp.a(altera_avalon_jtag_uart_write.o)
 .debug_info    0x00014bc8      0x3e0 ../graphics2_bsp/\libhal_bsp.a(altera_avalon_timer_sc.o)
 .debug_info    0x00014fa8      0x8fe ../graphics2_bsp/\libhal_bsp.a(altera_up_avalon_character_lcd.o)
 .debug_info    0x000158a6      0x7f4 ../graphics2_bsp/\libhal_bsp.a(altera_up_avalon_rs232.o)
 .debug_info    0x0001609a      0x48a ../graphics2_bsp/\libhal_bsp.a(alt_alarm_start.o)
 .debug_info    0x00016524      0x171 ../graphics2_bsp/\libhal_bsp.a(alt_dcache_flush_all.o)
 .debug_info    0x00016695      0x2cc ../graphics2_bsp/\libhal_bsp.a(alt_dev_llist_insert.o)
 .debug_info    0x00016961      0x124 ../graphics2_bsp/\libhal_bsp.a(alt_do_ctors.o)
 .debug_info    0x00016a85      0x123 ../graphics2_bsp/\libhal_bsp.a(alt_do_dtors.o)
 .debug_info    0x00016ba8      0x42d ../graphics2_bsp/\libhal_bsp.a(alt_find_dev.o)
 .debug_info    0x00016fd5      0x171 ../graphics2_bsp/\libhal_bsp.a(alt_icache_flush_all.o)
 .debug_info    0x00017146      0x6aa ../graphics2_bsp/\libhal_bsp.a(alt_io_redirect.o)
 .debug_info    0x000177f0      0x444 ../graphics2_bsp/\libhal_bsp.a(alt_irq_register.o)
 .debug_info    0x00017c34      0x17c ../graphics2_bsp/\libhal_bsp.a(alt_irq_vars.o)
 .debug_info    0x00017db0      0x53a ../graphics2_bsp/\libhal_bsp.a(alt_open.o)
 .debug_info    0x000182ea      0x446 ../graphics2_bsp/\libhal_bsp.a(alt_tick.o)
 .debug_info    0x00018730      0x1bf ../graphics2_bsp/\libhal_bsp.a(altera_nios2_qsys_irq.o)
 .debug_info    0x000188ef      0x434 ../graphics2_bsp/\libhal_bsp.a(alt_find_file.o)
 .debug_info    0x00018d23      0x475 ../graphics2_bsp/\libhal_bsp.a(alt_get_fd.o)
 .debug_info    0x00019198       0x99 ../graphics2_bsp/\libhal_bsp.a(alt_irq_entry.o)
 .debug_info    0x00019231      0x2c7 ../graphics2_bsp/\libhal_bsp.a(alt_irq_handler.o)
 .debug_info    0x000194f8       0x9f ../graphics2_bsp/\libhal_bsp.a(alt_exception_entry.o)
 .debug_info    0x00019597      0x181 c:/altera/13.0sp1/nios2eds/bin/gnu/h-i686-mingw32/bin/../lib/gcc/nios2-elf/4.1.2/../../../../nios2-elf/lib/mno-hw-mul\libc.a(lib_a-atexit.o)
 .debug_info    0x00019718      0x93f c:/altera/13.0sp1/nios2eds/bin/gnu/h-i686-mingw32/bin/../lib/gcc/nios2-elf/4.1.2/../../../../nios2-elf/lib/mno-hw-mul\libc.a(lib_a-exit.o)
 .debug_info    0x0001a057      0x115 c:/altera/13.0sp1/nios2eds/bin/gnu/h-i686-mingw32/bin/../lib/gcc/nios2-elf/4.1.2/../../../../nios2-elf/lib/mno-hw-mul\libc.a(lib_a-memcmp.o)
 .debug_info    0x0001a16c      0x99c c:/altera/13.0sp1/nios2eds/bin/gnu/h-i686-mingw32/bin/../lib/gcc/nios2-elf/4.1.2/../../../../nios2-elf/lib/mno-hw-mul\libc.a(lib_a-__atexit.o)
 .debug_info    0x0001ab08      0x9e2 c:/altera/13.0sp1/nios2eds/bin/gnu/h-i686-mingw32/bin/../lib/gcc/nios2-elf/4.1.2/../../../../nios2-elf/lib/mno-hw-mul\libc.a(lib_a-__call_atexit.o)
 .debug_info    0x0001b4ea      0x1ed ../graphics2_bsp/\libhal_bsp.a(alt_exit.o)

.debug_abbrev   0x00000000     0x5242
 *(.debug_abbrev)
 .debug_abbrev  0x00000000       0x12 ../graphics2_bsp//obj/HAL/src/crt0.o
 .debug_abbrev  0x00000012       0x92 obj/default/OutGraphicsCharFont.o
 .debug_abbrev  0x000000a4       0x63 obj/default/fonts.o
 .debug_abbrev  0x00000107       0xa5 obj/default/graphics.o
 .debug_abbrev  0x000001ac       0x7b c:/altera/13.0sp1/nios2eds/bin/gnu/h-i686-mingw32/bin/../lib/gcc/nios2-elf/4.1.2/mno-hw-mul\libgcc.a(lib2-mul.o)
 .debug_abbrev  0x00000227      0x1ac c:/altera/13.0sp1/nios2eds/bin/gnu/h-i686-mingw32/bin/../lib/gcc/nios2-elf/4.1.2/../../../../nios2-elf/lib/mno-hw-mul\libc.a(lib_a-puts.o)
 .debug_abbrev  0x000003d3       0x8b c:/altera/13.0sp1/nios2eds/bin/gnu/h-i686-mingw32/bin/../lib/gcc/nios2-elf/4.1.2/../../../../nios2-elf/lib/mno-hw-mul\libc.a(lib_a-strlen.o)
 .debug_abbrev  0x0000045e      0x1a3 c:/altera/13.0sp1/nios2eds/bin/gnu/h-i686-mingw32/bin/../lib/gcc/nios2-elf/4.1.2/../../../../nios2-elf/lib/mno-hw-mul\libc.a(lib_a-fvwrite.o)
 .debug_abbrev  0x00000601      0x157 c:/altera/13.0sp1/nios2eds/bin/gnu/h-i686-mingw32/bin/../lib/gcc/nios2-elf/4.1.2/../../../../nios2-elf/lib/mno-hw-mul\libc.a(lib_a-impure.o)
 .debug_abbrev  0x00000758      0x216 c:/altera/13.0sp1/nios2eds/bin/gnu/h-i686-mingw32/bin/../lib/gcc/nios2-elf/4.1.2/../../../../nios2-elf/lib/mno-hw-mul\libc.a(lib_a-mallocr.o)
 .debug_abbrev  0x0000096e       0xb5 c:/altera/13.0sp1/nios2eds/bin/gnu/h-i686-mingw32/bin/../lib/gcc/nios2-elf/4.1.2/../../../../nios2-elf/lib/mno-hw-mul\libc.a(lib_a-memchr.o)
 .debug_abbrev  0x00000a23       0xb5 c:/altera/13.0sp1/nios2eds/bin/gnu/h-i686-mingw32/bin/../lib/gcc/nios2-elf/4.1.2/../../../../nios2-elf/lib/mno-hw-mul\libc.a(lib_a-memcpy.o)
 .debug_abbrev  0x00000ad8       0xb5 c:/altera/13.0sp1/nios2eds/bin/gnu/h-i686-mingw32/bin/../lib/gcc/nios2-elf/4.1.2/../../../../nios2-elf/lib/mno-hw-mul\libc.a(lib_a-memmove.o)
 .debug_abbrev  0x00000b8d      0x1c3 c:/altera/13.0sp1/nios2eds/bin/gnu/h-i686-mingw32/bin/../lib/gcc/nios2-elf/4.1.2/../../../../nios2-elf/lib/mno-hw-mul\libc.a(lib_a-reallocr.o)
 .debug_abbrev  0x00000d50      0x18c c:/altera/13.0sp1/nios2eds/bin/gnu/h-i686-mingw32/bin/../lib/gcc/nios2-elf/4.1.2/../../../../nios2-elf/lib/mno-hw-mul\libc.a(lib_a-sbrkr.o)
 .debug_abbrev  0x00000edc      0x170 c:/altera/13.0sp1/nios2eds/bin/gnu/h-i686-mingw32/bin/../lib/gcc/nios2-elf/4.1.2/../../../../nios2-elf/lib/mno-hw-mul\libc.a(lib_a-wsetup.o)
 .debug_abbrev  0x0000104c      0x1c6 c:/altera/13.0sp1/nios2eds/bin/gnu/h-i686-mingw32/bin/../lib/gcc/nios2-elf/4.1.2/../../../../nios2-elf/lib/mno-hw-mul\libc.a(lib_a-fflush.o)
 .debug_abbrev  0x00001212      0x24c c:/altera/13.0sp1/nios2eds/bin/gnu/h-i686-mingw32/bin/../lib/gcc/nios2-elf/4.1.2/../../../../nios2-elf/lib/mno-hw-mul\libc.a(lib_a-findfp.o)
 .debug_abbrev  0x0000145e      0x1d9 c:/altera/13.0sp1/nios2eds/bin/gnu/h-i686-mingw32/bin/../lib/gcc/nios2-elf/4.1.2/../../../../nios2-elf/lib/mno-hw-mul\libc.a(lib_a-freer.o)
 .debug_abbrev  0x00001637      0x1e3 c:/altera/13.0sp1/nios2eds/bin/gnu/h-i686-mingw32/bin/../lib/gcc/nios2-elf/4.1.2/../../../../nios2-elf/lib/mno-hw-mul\libc.a(lib_a-fwalk.o)
 .debug_abbrev  0x0000181a       0x3b c:/altera/13.0sp1/nios2eds/bin/gnu/h-i686-mingw32/bin/../lib/gcc/nios2-elf/4.1.2/../../../../nios2-elf/lib/mno-hw-mul\libc.a(lib_a-int_errno.o)
 .debug_abbrev  0x00001855      0x197 c:/altera/13.0sp1/nios2eds/bin/gnu/h-i686-mingw32/bin/../lib/gcc/nios2-elf/4.1.2/../../../../nios2-elf/lib/mno-hw-mul\libc.a(lib_a-makebuf.o)
 .debug_abbrev  0x000019ec       0xb8 c:/altera/13.0sp1/nios2eds/bin/gnu/h-i686-mingw32/bin/../lib/gcc/nios2-elf/4.1.2/../../../../nios2-elf/lib/mno-hw-mul\libc.a(lib_a-memset.o)