Archive member included because of file (symbol)

c:/altera/13.0sp1/nios2eds/bin/gnu/h-i686-mingw32/bin/../lib/gcc/nios2-elf/4.1.2/../../../../nios2-elf/lib\libc.a(lib_a-puts.o)
                              obj/default/hello_world.o (puts)
c:/altera/13.0sp1/nios2eds/bin/gnu/h-i686-mingw32/bin/../lib/gcc/nios2-elf/4.1.2/../../../../nios2-elf/lib\libc.a(lib_a-strlen.o)
                              c:/altera/13.0sp1/nios2eds/bin/gnu/h-i686-mingw32/bin/../lib/gcc/nios2-elf/4.1.2/../../../../nios2-elf/lib\libc.a(lib_a-puts.o) (strlen)
c:/altera/13.0sp1/nios2eds/bin/gnu/h-i686-mingw32/bin/../lib/gcc/nios2-elf/4.1.2/../../../../nios2-elf/lib\libc.a(lib_a-fvwrite.o)
                              c:/altera/13.0sp1/nios2eds/bin/gnu/h-i686-mingw32/bin/../lib/gcc/nios2-elf/4.1.2/../../../../nios2-elf/lib\libc.a(lib_a-puts.o) (__sfvwrite_r)
c:/altera/13.0sp1/nios2eds/bin/gnu/h-i686-mingw32/bin/../lib/gcc/nios2-elf/4.1.2/../../../../nios2-elf/lib\libc.a(lib_a-impure.o)
                              c:/altera/13.0sp1/nios2eds/bin/gnu/h-i686-mingw32/bin/../lib/gcc/nios2-elf/4.1.2/../../../../nios2-elf/lib\libc.a(lib_a-puts.o) (_impure_ptr)
c:/altera/13.0sp1/nios2eds/bin/gnu/h-i686-mingw32/bin/../lib/gcc/nios2-elf/4.1.2/../../../../nios2-elf/lib\libc.a(lib_a-mallocr.o)
                              c:/altera/13.0sp1/nios2eds/bin/gnu/h-i686-mingw32/bin/../lib/gcc/nios2-elf/4.1.2/../../../../nios2-elf/lib\libc.a(lib_a-fvwrite.o) (_malloc_r)
c:/altera/13.0sp1/nios2eds/bin/gnu/h-i686-mingw32/bin/../lib/gcc/nios2-elf/4.1.2/../../../../nios2-elf/lib\libc.a(lib_a-memchr.o)
                              c:/altera/13.0sp1/nios2eds/bin/gnu/h-i686-mingw32/bin/../lib/gcc/nios2-elf/4.1.2/../../../../nios2-elf/lib\libc.a(lib_a-fvwrite.o) (memchr)
c:/altera/13.0sp1/nios2eds/bin/gnu/h-i686-mingw32/bin/../lib/gcc/nios2-elf/4.1.2/../../../../nios2-elf/lib\libc.a(lib_a-memcpy.o)
                              c:/altera/13.0sp1/nios2eds/bin/gnu/h-i686-mingw32/bin/../lib/gcc/nios2-elf/4.1.2/../../../../nios2-elf/lib\libc.a(lib_a-fvwrite.o) (memcpy)
c:/altera/13.0sp1/nios2eds/bin/gnu/h-i686-mingw32/bin/../lib/gcc/nios2-elf/4.1.2/../../../../nios2-elf/lib\libc.a(lib_a-memmove.o)
                              c:/altera/13.0sp1/nios2eds/bin/gnu/h-i686-mingw32/bin/../lib/gcc/nios2-elf/4.1.2/../../../../nios2-elf/lib\libc.a(lib_a-fvwrite.o) (memmove)
c:/altera/13.0sp1/nios2eds/bin/gnu/h-i686-mingw32/bin/../lib/gcc/nios2-elf/4.1.2/../../../../nios2-elf/lib\libc.a(lib_a-reallocr.o)
                              c:/altera/13.0sp1/nios2eds/bin/gnu/h-i686-mingw32/bin/../lib/gcc/nios2-elf/4.1.2/../../../../nios2-elf/lib\libc.a(lib_a-fvwrite.o) (_realloc_r)
c:/altera/13.0sp1/nios2eds/bin/gnu/h-i686-mingw32/bin/../lib/gcc/nios2-elf/4.1.2/../../../../nios2-elf/lib\libc.a(lib_a-sbrkr.o)
                              c:/altera/13.0sp1/nios2eds/bin/gnu/h-i686-mingw32/bin/../lib/gcc/nios2-elf/4.1.2/../../../../nios2-elf/lib\libc.a(lib_a-mallocr.o) (_sbrk_r)
c:/altera/13.0sp1/nios2eds/bin/gnu/h-i686-mingw32/bin/../lib/gcc/nios2-elf/4.1.2/../../../../nios2-elf/lib\libc.a(lib_a-wsetup.o)
                              c:/altera/13.0sp1/nios2eds/bin/gnu/h-i686-mingw32/bin/../lib/gcc/nios2-elf/4.1.2/../../../../nios2-elf/lib\libc.a(lib_a-fvwrite.o) (__swsetup_r)
c:/altera/13.0sp1/nios2eds/bin/gnu/h-i686-mingw32/bin/../lib/gcc/nios2-elf/4.1.2/../../../../nios2-elf/lib\libc.a(lib_a-fflush.o)
                              c:/altera/13.0sp1/nios2eds/bin/gnu/h-i686-mingw32/bin/../lib/gcc/nios2-elf/4.1.2/../../../../nios2-elf/lib\libc.a(lib_a-fvwrite.o) (_fflush_r)
c:/altera/13.0sp1/nios2eds/bin/gnu/h-i686-mingw32/bin/../lib/gcc/nios2-elf/4.1.2/../../../../nios2-elf/lib\libc.a(lib_a-findfp.o)
                              c:/altera/13.0sp1/nios2eds/bin/gnu/h-i686-mingw32/bin/../lib/gcc/nios2-elf/4.1.2/../../../../nios2-elf/lib\libc.a(lib_a-wsetup.o) (__sinit)
c:/altera/13.0sp1/nios2eds/bin/gnu/h-i686-mingw32/bin/../lib/gcc/nios2-elf/4.1.2/../../../../nios2-elf/lib\libc.a(lib_a-freer.o)
                              c:/altera/13.0sp1/nios2eds/bin/gnu/h-i686-mingw32/bin/../lib/gcc/nios2-elf/4.1.2/../../../../nios2-elf/lib\libc.a(lib_a-fvwrite.o) (_free_r)
c:/altera/13.0sp1/nios2eds/bin/gnu/h-i686-mingw32/bin/../lib/gcc/nios2-elf/4.1.2/../../../../nios2-elf/lib\libc.a(lib_a-fwalk.o)
                              c:/altera/13.0sp1/nios2eds/bin/gnu/h-i686-mingw32/bin/../lib/gcc/nios2-elf/4.1.2/../../../../nios2-elf/lib\libc.a(lib_a-fflush.o) (_fwalk_reent)
c:/altera/13.0sp1/nios2eds/bin/gnu/h-i686-mingw32/bin/../lib/gcc/nios2-elf/4.1.2/../../../../nios2-elf/lib\libc.a(lib_a-int_errno.o)
                              c:/altera/13.0sp1/nios2eds/bin/gnu/h-i686-mingw32/bin/../lib/gcc/nios2-elf/4.1.2/../../../../nios2-elf/lib\libc.a(lib_a-sbrkr.o) (errno)
c:/altera/13.0sp1/nios2eds/bin/gnu/h-i686-mingw32/bin/../lib/gcc/nios2-elf/4.1.2/../../../../nios2-elf/lib\libc.a(lib_a-makebuf.o)
[...]
Memory Configuration

Name             Origin             Length             Attributes
onchip_memory2_0 0x00000000         0x00001000
reset            0x01000000         0x00000020
new_sdram_controller_0 0x01000020         0x007fffe0
*default*        0x00000000         0xffffffff

Linker script and memory map

LOAD ../sdcard_bsp//obj/HAL/src/crt0.o
LOAD obj/default/hello_world.o
LOAD c:/altera/13.0sp1/nios2eds/bin/gnu/h-i686-mingw32/bin/../lib/gcc/nios2-elf/4.1.2/../../../../nios2-elf/lib\libstdc++.a
LOAD c:/altera/13.0sp1/nios2eds/bin/gnu/h-i686-mingw32/bin/../lib/gcc/nios2-elf/4.1.2/../../../../nios2-elf/lib\libm.a
LOAD c:/altera/13.0sp1/nios2eds/bin/gnu/h-i686-mingw32/bin/../lib/gcc/nios2-elf/4.1.2\libgcc.a
START GROUP
LOAD c:/altera/13.0sp1/nios2eds/bin/gnu/h-i686-mingw32/bin/../lib/gcc/nios2-elf/4.1.2/../../../../nios2-elf/lib\libc.a
LOAD c:/altera/13.0sp1/nios2eds/bin/gnu/h-i686-mingw32/bin/../lib/gcc/nios2-elf/4.1.2\libgcc.a
LOAD ../sdcard_bsp/\libhal_bsp.a
END GROUP
LOAD c:/altera/13.0sp1/nios2eds/bin/gnu/h-i686-mingw32/bin/../lib/gcc/nios2-elf/4.1.2\libgcc.a
                0x00000000                __alt_mem_onchip_memory2_0 = 0x0
                0x01000000                __alt_mem_new_sdram_controller_0 = 0x1000000

.entry          0x01000000       0x20
 *(.entry)
 .entry         0x01000000       0x20 ../sdcard_bsp//obj/HAL/src/crt0.o
                0x01000000                __reset

.exceptions     0x01000020      0x198
                0x01000020                PROVIDE (__ram_exceptions_start, ABSOLUTE (.))
                0x01000020                . = ALIGN (0x20)
 *(.irq)
 *(.exceptions.entry.label)
 .exceptions.entry.label
                0x01000020        0x0 ../sdcard_bsp/\libhal_bsp.a(alt_irq_entry.o)
                0x01000020                alt_irq_entry
 .exceptions.entry.label
                0x01000020        0x0 ../sdcard_bsp/\libhal_bsp.a(alt_exception_entry.o)
                0x01000020                alt_exception
 *(.exceptions.entry.user)
 *(.exceptions.entry)
 .exceptions.entry
                0x01000020       0x54 ../sdcard_bsp/\libhal_bsp.a(alt_exception_entry.o)
 *(.exceptions.irqtest.user)
 *(.exceptions.irqtest)
 .exceptions.irqtest
                0x01000074       0x10 ../sdcard_bsp/\libhal_bsp.a(alt_irq_entry.o)
 *(.exceptions.irqhandler.user)
 *(.exceptions.irqhandler)
 .exceptions.irqhandler
                0x01000084        0x4 ../sdcard_bsp/\libhal_bsp.a(alt_irq_entry.o)
 *(.exceptions.irqreturn.user)
 *(.exceptions.irqreturn)
 .exceptions.irqreturn
                0x01000088        0x4 ../sdcard_bsp/\libhal_bsp.a(alt_irq_entry.o)
 *(.exceptions.notirq.label)
 .exceptions.notirq.label
                0x0100008c        0x0 ../sdcard_bsp/\libhal_bsp.a(alt_irq_entry.o)
 *(.exceptions.notirq.user)
 *(.exceptions.notirq)
 .exceptions.notirq
                0x0100008c        0x8 ../sdcard_bsp/\libhal_bsp.a(alt_exception_entry.o)
 *(.exceptions.soft.user)
 *(.exceptions.soft)
 *(.exceptions.unknown.user)
 *(.exceptions.unknown)
 .exceptions.unknown
                0x01000094        0x4 ../sdcard_bsp/\libhal_bsp.a(alt_exception_entry.o)
 *(.exceptions.exit.label)
 .exceptions.exit.label
                0x01000098        0x0 ../sdcard_bsp/\libhal_bsp.a(alt_irq_entry.o)
 .exceptions.exit.label
                0x01000098        0x0 ../sdcard_bsp/\libhal_bsp.a(alt_exception_entry.o)
 *(.exceptions.exit.user)
 *(.exceptions.exit)
 .exceptions.exit
                0x01000098       0x54 ../sdcard_bsp/\libhal_bsp.a(alt_exception_entry.o)
 *(.exceptions)
 .exceptions    0x010000ec       0xcc ../sdcard_bsp/\libhal_bsp.a(alt_irq_handler.o)
                0x010000ec                alt_irq_handler
                0x010001b8                PROVIDE (__ram_exceptions_end, ABSOLUTE (.))
                0x01000020                PROVIDE (__flash_exceptions_start, LOADADDR (.exceptions))

.text           0x010001b8     0xa104
                0x010001b8                PROVIDE (stext, ABSOLUTE (.))
 *(.interp)
 *(.hash)
 *(.dynsym)
 *(.dynstr)
 *(.gnu.version)
 *(.gnu.version_d)
 *(.gnu.version_r)
 *(.rel.init)
 *(.rela.init)
 *(.rel.text .rel.text.* .rel.gnu.linkonce.t.*)
 *(.rela.text .rela.text.* .rela.gnu.linkonce.t.*)
 *(.rel.fini)
 *(.rela.fini)
 *(.rel.rodata .rel.rodata.* .rel.gnu.linkonce.r.*)
 *(.rela.rodata .rela.rodata.* .rela.gnu.linkonce.r.*)
 *(.rel.data .rel.data.* .rel.gnu.linkonce.d.*)
 *(.rela.data .rela.data.* .rela.gnu.linkonce.d.*)
 *(.rel.tdata .rel.tdata.* .rel.gnu.linkonce.td.*)
 *(.rela.tdata .rela.tdata.* .rela.gnu.linkonce.td.*)
 *(.rel.tbss .rel.tbss.* .rel.gnu.linkonce.tb.*)
 *(.rela.tbss .rela.tbss.* .rela.gnu.linkonce.tb.*)
 *(.rel.ctors)
 *(.rela.ctors)
 *(.rel.dtors)
 *(.rela.dtors)
 *(.rel.got)
 *(.rela.got)
 *(.rel.sdata .rel.sdata.* .rel.gnu.linkonce.s.*)
 *(.rela.sdata .rela.sdata.* .rela.gnu.linkonce.s.*)
 *(.rel.sbss .rel.sbss.* .rel.gnu.linkonce.sb.*)
 *(.rela.sbss .rela.sbss.* .rela.gnu.linkonce.sb.*)
 *(.rel.sdata2 .rel.sdata2.* .rel.gnu.linkonce.s2.*)
 *(.rela.sdata2 .rela.sdata2.* .rela.gnu.linkonce.s2.*)
 *(.rel.sbss2 .rel.sbss2.* .rel.gnu.linkonce.sb2.*)
 *(.rela.sbss2 .rela.sbss2.* .rela.gnu.linkonce.sb2.*)
 *(.rel.bss .rel.bss.* .rel.gnu.linkonce.b.*)
 *(.rela.bss .rela.bss.* .rela.gnu.linkonce.b.*)
 *(.rel.plt)
 *(.rela.plt)
 *(.rel.dyn)
 *(.init)
 *(.plt)
 *(.text .stub .text.* .gnu.linkonce.t.*)
 .text          0x010001b8       0x4c ../sdcard_bsp//obj/HAL/src/crt0.o
                0x010001b8                _start
 .text          0x01000204      0x11c obj/default/hello_world.o
                0x01000204                main
 .text          0x01000320       0xb4 c:/altera/13.0sp1/nios2eds/bin/gnu/h-i686-mingw32/bin/../lib/gcc/nios2-elf/4.1.2/../../../../nios2-elf/lib\libc.a(lib_a-puts.o)
                0x01000320                _puts_r
                0x010003c0                puts
 .text          0x010003d4       0x74 c:/altera/13.0sp1/nios2eds/bin/gnu/h-i686-mingw32/bin/../lib/gcc/nios2-elf/4.1.2/../../../../nios2-elf/lib\libc.a(lib_a-strlen.o)
                0x010003d4                strlen
 .text          0x01000448      0x49c c:/altera/13.0sp1/nios2eds/bin/gnu/h-i686-mingw32/bin/../lib/gcc/nios2-elf/4.1.2/../../../../nios2-elf/lib\libc.a(lib_a-fvwrite.o)
                0x01000448                __sfvwrite_r
 .text          0x010008e4        0x0 c:/altera/13.0sp1/nios2eds/bin/gnu/h-i686-mingw32/bin/../lib/gcc/nios2-elf/4.1.2/../../../../nios2-elf/lib\libc.a(lib_a-impure.o)
 .text          0x010008e4      0x740 c:/altera/13.0sp1/nios2eds/bin/gnu/h-i686-mingw32/bin/../lib/gcc/nios2-elf/4.1.2/../../../../nios2-elf/lib\libc.a(lib_a-mallocr.o)
                0x010008e4                _malloc_r
 .text          0x01001024       0xe4 c:/altera/13.0sp1/nios2eds/bin/gnu/h-i686-mingw32/bin/../lib/gcc/nios2-elf/4.1.2/../../../../nios2-elf/lib\libc.a(lib_a-memchr.o)
                0x01001024                memchr
 .text          0x01001108       0xa0 c:/altera/13.0sp1/nios2eds/bin/gnu/h-i686-mingw32/bin/../lib/gcc/nios2-elf/4.1.2/../../../../nios2-elf/lib\libc.a(lib_a-memcpy.o)
                0x01001108                memcpy
 .text          0x010011a8       0xe0 c:/altera/13.0sp1/nios2eds/bin/gnu/h-i686-mingw32/bin/../lib/gcc/nios2-elf/4.1.2/../../../../nios2-elf/lib\libc.a(lib_a-memmove.o)
                0x010011a8                memmove
 .text          0x01001288      0x5f4 c:/altera/13.0sp1/nios2eds/bin/gnu/h-i686-mingw32/bin/../lib/gcc/nios2-elf/4.1.2/../../../../nios2-elf/lib\libc.a(lib_a-reallocr.o)
                0x01001288                _realloc_r
 .text          0x0100187c       0x70 c:/altera/13.0sp1/nios2eds/bin/gnu/h-i686-mingw32/bin/../lib/gcc/nios2-elf/4.1.2/../../../../nios2-elf/lib\libc.a(lib_a-sbrkr.o)
                0x0100187c                _sbrk_r
 .text          0x010018ec      0x13c c:/altera/13.0sp1/nios2eds/bin/gnu/h-i686-mingw32/bin/../lib/gcc/nios2-elf/4.1.2/../../../../nios2-elf/lib\libc.a(lib_a-wsetup.o)
                0x010018ec                __swsetup_r
 .text          0x01001a28      0x230 c:/altera/13.0sp1/nios2eds/bin/gnu/h-i686-mingw32/bin/../lib/gcc/nios2-elf/4.1.2/../../../../nios2-elf/lib\libc.a(lib_a-fflush.o)
                0x01001a28                _fflush_r
                0x01001c24                fflush
 .text          0x01001c58      0x2c0 c:/altera/13.0sp1/nios2eds/bin/gnu/h-i686-mingw32/bin/../lib/gcc/nios2-elf/4.1.2/../../../../nios2-elf/lib\libc.a(lib_a-findfp.o)
                0x01001cb0                __sfp_lock_acquire
                0x01001cb4                __sfp_lock_release
                0x01001cb8                __sinit_lock_acquire
                0x01001cbc                __sinit_lock_release
                0x01001cc0                __sinit
                0x01001d74                __fp_unlock_all
                0x01001d8c                __fp_lock_all
                0x01001da4                _cleanup_r
                0x01001db0                _cleanup
                0x01001dc0                __sfmoreglue
                0x01001e28                __sfp
 .text          0x01001f18      0x440 c:/altera/13.0sp1/nios2eds/bin/gnu/h-i686-mingw32/bin/../lib/gcc/nios2-elf/4.1.2/../../../../nios2-elf/lib\libc.a(lib_a-freer.o)
                0x01001f18                _malloc_trim_r
                0x01002044                _free_r
 .text          0x01002358      0x180 c:/altera/13.0sp1/nios2eds/bin/gnu/h-i686-mingw32/bin/../lib/gcc/nios2-elf/4.1.2/../../../../nios2-elf/lib\libc.a(lib_a-fwalk.o)
                0x01002358                _fwalk_reent
                0x01002420                _fwalk
 .text          0x010024d8        0x0 c:/altera/13.0sp1/nios2eds/bin/gnu/h-i686-mingw32/bin/../lib/gcc/nios2-elf/4.1.2/../../../../nios2-elf/lib\libc.a(lib_a-int_errno.o)
 .text          0x010024d8      0x194 c:/altera/13.0sp1/nios2eds/bin/gnu/h-i686-mingw32/bin/../lib/gcc/nios2-elf/4.1.2/../../../../nios2-elf/lib\libc.a(lib_a-makebuf.o)
                0x010024d8                __smakebuf_r
 .text          0x0100266c       0x98 c:/altera/13.0sp1/nios2eds/bin/gnu/h-i686-mingw32/bin/../lib/gcc/nios2-elf/4.1.2/../../../../nios2-elf/lib\libc.a(lib_a-memset.o)
                0x0100266c                memset
 .text          0x01002704      0x14c c:/altera/13.0sp1/nios2eds/bin/gnu/h-i686-mingw32/bin/../lib/gcc/nios2-elf/4.1.2/../../../../nios2-elf/lib\libc.a(lib_a-stdio.o)
                0x01002704                __sclose
                0x0100270c                __sseek
                0x01002774                __swrite
                0x010027f0                __sread
 .text          0x01002850       0x78 c:/altera/13.0sp1/nios2eds/bin/gnu/h-i686-mingw32/bin/../lib/gcc/nios2-elf/4.1.2/../../../../nios2-elf/lib\libc.a(lib_a-writer.o)
                0x01002850                _write_r
 .text          0x010028c8       0x70 c:/altera/13.0sp1/nios2eds/bin/gnu/h-i686-mingw32/bin/../lib/gcc/nios2-elf/4.1.2/../../../../nios2-elf/lib\libc.a(lib_a-closer.o)
                0x010028c8                _close_r
 .text          0x01002938      0x124 c:/altera/13.0sp1/nios2eds/bin/gnu/h-i686-mingw32/bin/../lib/gcc/nios2-elf/4.1.2/../../../../nios2-elf/lib\libc.a(lib_a-fclose.o)
                0x01002938                _fclose_r
                0x01002a48                fclose
 .text          0x01002a5c       0x74 c:/altera/13.0sp1/nios2eds/bin/gnu/h-i686-mingw32/bin/../lib/gcc/nios2-elf/4.1.2/../../../../nios2-elf/lib\libc.a(lib_a-fstatr.o)
                0x01002a5c                _fstat_r
 .text          0x01002ad0       0x70 c:/altera/13.0sp1/nios2eds/bin/gnu/h-i686-mingw32/bin/../lib/gcc/nios2-elf/4.1.2/../../../../nios2-elf/lib\libc.a(lib_a-isattyr.o)
                0x01002ad0                _isatty_r
 .text          0x01002b40       0x78 c:/altera/13.0sp1/nios2eds/bin/gnu/h-i686-mingw32/bin/../lib/gcc/nios2-elf/4.1.2/../../../../nios2-elf/lib\libc.a(lib_a-lseekr.o)
                0x01002b40                _lseek_r
 .text          0x01002bb8       0x78 c:/altera/13.0sp1/nios2eds/bin/gnu/h-i686-mingw32/bin/../lib/gcc/nios2-elf/4.1.2/../../../../nios2-elf/lib\libc.a(lib_a-readr.o)
                0x01002bb8                _read_r
 .text          0x01002c30      0x15c ../sdcard_bsp/\libhal_bsp.a(alt_close.o)
                0x01002c30                close
 .text          0x01002d8c       0x2c ../sdcard_bsp/\libhal_bsp.a(alt_dev.o)
 .text          0x01002db8        0x0 ../sdcard_bsp/\libhal_bsp.a(alt_errno.o)
 .text          0x01002db8      0x134 ../sdcard_bsp/\libhal_bsp.a(alt_fstat.o)
                0x01002db8                fstat
 .text          0x01002eec      0x120 ../sdcard_bsp/\libhal_bsp.a(alt_isatty.o)
                0x01002eec                isatty
 .text          0x0100300c       0xec ../sdcard_bsp/\libhal_bsp.a(alt_load.o)
                0x0100300c                alt_load
 .text          0x010030f8      0x150 ../sdcard_bsp/\libhal_bsp.a(alt_lseek.o)
                0x010030f8                lseek
 .text          0x01003248       0x6c ../sdcard_bsp/\libhal_bsp.a(alt_main.o)
                0x01003248                alt_main
 .text          0x010032b4       0x40 ../sdcard_bsp/\libhal_bsp.a(alt_malloc_lock.o)
                0x010032b4                __malloc_lock
                0x010032d4                __malloc_unlock
 .text          0x010032f4      0x180 ../sdcard_bsp/\libhal_bsp.a(alt_read.o)
                0x010032f4                read
 .text          0x01003474       0x60 ../sdcard_bsp/\libhal_bsp.a(alt_release_fd.o)
                0x01003474                alt_release_fd
 .text          0x010034d4       0xbc ../sdcard_bsp/\libhal_bsp.a(alt_sbrk.o)
                0x010034d4                sbrk
 .text          0x01003590      0x180 ../sdcard_bsp/\libhal_bsp.a(alt_write.o)
                0x01003590                write
 .text          0x01003710       0xf4 ../sdcard_bsp/\libhal_bsp.a(alt_sys_init.o)
                0x01003710                alt_irq_init
                0x01003744                alt_sys_init
 .text          0x01003804     0x441c ../sdcard_bsp/\libhal_bsp.a(Altera_UP_SD_Card_Avalon_Interface.o)
                0x01003804                Write_Sector_Data
                0x010038cc                Save_Modified_Sector
                0x0100391c                Read_Sector_Data
                0x01003a18                get_cluster_flag
                0x01003ad0                mark_cluster
                0x01003bb4                Check_for_Master_Boot_Record
                0x01003d64                Read_File_Record_At_Offset
                0x01003fe8                Write_File_Record_At_Offset
                0x010042a0                Check_for_DOS_FAT
                0x010048e0                Look_for_FAT16
                0x010049d8                filename_to_upper_case
                0x01004aa8                check_file_name_for_FAT16_compliance
                0x01004d38                get_dir_divider_location
                0x01004df8                match_file_record_to_name_ext
                0x010050e4                get_home_directory_cluster_for_file
                0x010055f8                find_file_in_directory
                0x01005a5c                find_first_empty_cluster
                0x01005c00                find_first_empty_record_in_a_subdirectory
                0x01005e4c                find_first_empty_record_in_root_directory
                0x01005f78                convert_filename_to_name_extension
                0x01006130                create_file
                0x01006404                copy_file_record_name_to_string
                0x01006558                alt_up_sd_card_open_dev
                0x0100661c                alt_up_sd_card_is_Present
                0x010066e4                alt_up_sd_card_is_FAT16
                0x01006758                alt_up_sd_card_find_first
                0x0100682c                alt_up_sd_card_find_next
                0x01006bdc                alt_up_sd_card_fopen
                0x01006f84                alt_up_sd_card_set_attributes
                0x01007014                alt_up_sd_card_get_attributes
                0x010070a0                alt_up_sd_card_read
                0x01007434                alt_up_sd_card_write
                0x01007a54                alt_up_sd_card_fclose
 .text          0x01007c20      0x148 ../sdcard_bsp/\libhal_bsp.a(altera_avalon_jtag_uart_fd.o)
                0x01007c20                altera_avalon_jtag_uart_read_fd
                0x01007c78                altera_avalon_jtag_uart_write_fd
                0x01007cd0                altera_avalon_jtag_uart_close_fd
                0x01007d18                altera_avalon_jtag_uart_ioctl_fd
 .text          0x01007d68      0x408 ../sdcard_bsp/\libhal_bsp.a(altera_avalon_jtag_uart_init.o)
                0x01007d68                altera_avalon_jtag_uart_init
                0x010080fc                altera_avalon_jtag_uart_close
 .text          0x01008170       0xf4 ../sdcard_bsp/\libhal_bsp.a(altera_avalon_jtag_uart_ioctl.o)
                0x01008170                altera_avalon_jtag_uart_ioctl
 .text          0x01008264      0x224 ../sdcard_bsp/\libhal_bsp.a(altera_avalon_jtag_uart_read.o)
                0x01008264                altera_avalon_jtag_uart_read
 .text          0x01008488      0x240 ../sdcard_bsp/\libhal_bsp.a(altera_avalon_jtag_uart_write.o)
                0x01008488                altera_avalon_jtag_uart_write
 .text          0x010086c8       0xfc ../sdcard_bsp/\libhal_bsp.a(altera_avalon_timer_sc.o)
                0x0100873c                alt_avalon_timer_sc_init
 .text          0x010087c4      0x530 ../sdcard_bsp/\libhal_bsp.a(altera_up_avalon_character_lcd.o)
                0x010087c4                get_DDRAM_addr
                0x01008840                alt_up_character_lcd_send_cmd
                0x01008874                alt_up_character_lcd_init
                0x010088a8                alt_up_character_lcd_open_dev
                0x010088e8                alt_up_character_lcd_write
                0x01008960                alt_up_character_lcd_string
                0x010089d8                alt_up_character_lcd_write_fd
                0x01008a24                alt_up_character_lcd_set_cursor_pos
                0x01008a9c                alt_up_character_lcd_shift_cursor
                0x01008b4c                alt_up_character_lcd_shift_display
                0x01008bfc                alt_up_character_lcd_erase_pos
                0x01008c8c                alt_up_character_lcd_cursor_off
                0x01008cc0                alt_up_character_lcd_cursor_blink_on
 .text          0x01008cf4      0x398 ../sdcard_bsp/\libhal_bsp.a(altera_up_avalon_rs232.o)
                0x01008cf4                alt_up_rs232_enable_read_interrupt
                0x01008d48                alt_up_rs232_disable_read_interrupt
                0x01008da0                alt_up_rs232_get_used_space_in_read_FIFO
                0x01008ddc                alt_up_rs232_get_available_space_in_write_FIFO
                0x01008e1c                alt_up_rs232_check_parity
                0x01008e6c                alt_up_rs232_write_data
                0x01008eb4                alt_up_rs232_read_data
                0x01008f28                alt_up_rs232_read_fd
                0x01008fb8                alt_up_rs232_write_fd
                0x0100904c                alt_up_rs232_open_dev
 .text          0x0100908c      0x154 ../sdcard_bsp/\libhal_bsp.a(alt_alarm_start.o)
                0x0100908c                alt_alarm_start
 .text          0x010091e0       0x44 ../sdcard_bsp/\libhal_bsp.a(alt_dcache_flush_all.o)
                0x010091e0                alt_dcache_flush_all
 .text          0x01009224      0x114 ../sdcard_bsp/\libhal_bsp.a(alt_dev_llist_insert.o)
                0x01009224                alt_dev_llist_insert
 .text          0x01009338       0x64 ../sdcard_bsp/\libhal_bsp.a(alt_do_ctors.o)
                0x01009338                _do_ctors
 .text          0x0100939c       0x64 ../sdcard_bsp/\libhal_bsp.a(alt_do_dtors.o)
                0x0100939c                _do_dtors
 .text          0x01009400       0x94 ../sdcard_bsp/\libhal_bsp.a(alt_find_dev.o)
                0x01009400                alt_find_dev
 .text          0x01009494       0x30 ../sdcard_bsp/\libhal_bsp.a(alt_icache_flush_all.o)
                0x01009494                alt_icache_flush_all
 .text          0x010094c4      0x13c ../sdcard_bsp/\libhal_bsp.a(alt_io_redirect.o)
                0x01009588                alt_io_redirect
 .text          0x01009600      0x1c0 ../sdcard_bsp/\libhal_bsp.a(alt_irq_register.o)
                0x01009600                alt_irq_register
 .text          0x010097c0        0x0 ../sdcard_bsp/\libhal_bsp.a(alt_irq_vars.o)
 .text          0x010097c0      0x2c4 ../sdcard_bsp/\libhal_bsp.a(alt_open.o)
                0x0100989c                open
 .text          0x01009a84      0x1a4 ../sdcard_bsp/\libhal_bsp.a(alt_tick.o)
                0x01009a84                alt_alarm_stop
                0x01009b1c                alt_tick
 .text          0x01009c28       0x20 ../sdcard_bsp/\libhal_bsp.a(altera_nios2_qsys_irq.o)
                0x01009c28                altera_nios2_qsys_irq_init
 .text          0x01009c48      0x120 ../sdcard_bsp/\libhal_bsp.a(alt_find_file.o)
                0x01009c48                alt_find_file
 .text          0x01009d68       0xb8 ../sdcard_bsp/\libhal_bsp.a(alt_get_fd.o)
                0x01009d68                alt_get_fd
 .text          0x01009e20       0x90 ../sdcard_bsp/\libhal_bsp.a(alt_icache_flush.o)
                0x01009e20                alt_icache_flush
 .text          0x01009eb0        0x0 ../sdcard_bsp/\libhal_bsp.a(alt_irq_entry.o)
 .text          0x01009eb0        0x0 ../sdcard_bsp/\libhal_bsp.a(alt_irq_handler.o)
 .text          0x01009eb0        0x0 ../sdcard_bsp/\libhal_bsp.a(alt_exception_entry.o)
 .text          0x01009eb0       0x14 c:/altera/13.0sp1/nios2eds/bin/gnu/h-i686-mingw32/bin/../lib/gcc/nios2-elf/4.1.2/../../../../nios2-elf/lib\libc.a(lib_a-atexit.o)
                0x01009eb0                atexit
 .text          0x01009ec4       0x38 c:/altera/13.0sp1/nios2eds/bin/gnu/h-i686-mingw32/bin/../lib/gcc/nios2-elf/4.1.2/../../../../nios2-elf/lib\libc.a(lib_a-exit.o)
                0x01009ec4                exit
 .text          0x01009efc       0x74 c:/altera/13.0sp1/nios2eds/bin/gnu/h-i686-mingw32/bin/../lib/gcc/nios2-elf/4.1.2/../../../../nios2-elf/lib\libc.a(lib_a-memcmp.o)
                0x01009efc                memcmp
 .text          0x01009f70      0x134 c:/altera/13.0sp1/nios2eds/bin/gnu/h-i686-mingw32/bin/../lib/gcc/nios2-elf/4.1.2/../../../../nios2-elf/lib\libc.a(lib_a-__atexit.o)
                0x01009f70                __register_exitproc
 .text          0x0100a0a4      0x1b4 c:/altera/13.0sp1/nios2eds/bin/gnu/h-i686-mingw32/bin/../lib/gcc/nios2-elf/4.1.2/../../../../nios2-elf/lib\libc.a(lib_a-__call_atexit.o)
                0x0100a0a8                __call_exitprocs
 .text          0x0100a258       0x60 ../sdcard_bsp/\libhal_bsp.a(alt_exit.o)
                0x0100a298                _exit
 *(.gnu.warning.*)
 *(.fini)
                0x0100a2b8                PROVIDE (__etext, ABSOLUTE (.))
                0x0100a2b8                PROVIDE (_etext, ABSOLUTE (.))
                0x0100a2b8                PROVIDE (etext, ABSOLUTE (.))
 *(.eh_frame_hdr)
                0x0100a2b8                . = ALIGN (0x4)
                0x0100a2b8                PROVIDE (__preinit_array_start, ABSOLUTE (.))
 *(.preinit_array)
                0x0100a2b8                PROVIDE (__preinit_array_end, ABSOLUTE (.))
                0x0100a2b8                PROVIDE (__init_array_start, ABSOLUTE (.))
 *(.init_array)
                0x0100a2b8                PROVIDE (__init_array_end, ABSOLUTE (.))
                0x0100a2b8                PROVIDE (__fini_array_start, ABSOLUTE (.))
 *(.fini_array)
                0x0100a2b8                PROVIDE (__fini_array_end, ABSOLUTE (.))
 *(.eh_frame)
 *(.gcc_except_table)
 *(.dynamic)
                0x0100a2b8                PROVIDE (__CTOR_LIST__, ABSOLUTE (.))
 *(.ctors)
 *(SORT(.ctors.*))
 .ctors.65535   0x0100a2b8        0x4 c:/altera/13.0sp1/nios2eds/bin/gnu/h-i686-mingw32/bin/../lib/gcc/nios2-elf/4.1.2/../../../../nios2-elf/lib\libc.a(lib_a-__call_atexit.o)
                0x0100a2bc                PROVIDE (__CTOR_END__, ABSOLUTE (.))
                0x0100a2bc                PROVIDE (__DTOR_LIST__, ABSOLUTE (.))
 *(.dtors)
 *(SORT(.dtors.*))
                0x0100a2bc                PROVIDE (__DTOR_END__, ABSOLUTE (.))
 *(.jcr)
                0x0100a2bc                . = ALIGN (0x4)

.rodata         0x0100a2bc      0x160
                0x0100a2bc                PROVIDE (__ram_rodata_start, ABSOLUTE (.))
                0x0100a2bc                . = ALIGN (0x4)
 *(.rodata .rodata.* .gnu.linkonce.r.*)
 .rodata        0x0100a2bc       0xd0 obj/default/hello_world.o
 .rodata.str1.4
                0x0100a38c        0x2 c:/altera/13.0sp1/nios2eds/bin/gnu/h-i686-mingw32/bin/../lib/gcc/nios2-elf/4.1.2/../../../../nios2-elf/lib\libc.a(lib_a-puts.o)
                                  0x4 (size before relaxing)
 *fill*         0x0100a38e        0x2 00
 .rodata.str1.4
                0x0100a390        0x4 c:/altera/13.0sp1/nios2eds/bin/gnu/h-i686-mingw32/bin/../lib/gcc/nios2-elf/4.1.2/../../../../nios2-elf/lib\libc.a(lib_a-impure.o)
 .rodata        0x0100a394        0xc ../sdcard_bsp/\libhal_bsp.a(alt_dev.o)
 .rodata        0x0100a3a0       0x14 ../sdcard_bsp/\libhal_bsp.a(alt_main.o)
 .rodata        0x0100a3b4       0x68 ../sdcard_bsp/\libhal_bsp.a(alt_sys_init.o)
 *(.rodata1)
                0x0100a41c                . = ALIGN (0x4)
                0x0100a41c                PROVIDE (__ram_rodata_end, ABSOLUTE (.))
                0x0100a2bc                PROVIDE (__flash_rodata_start, LOADADDR (.rodata))

.rwdata         0x0100a41c     0x1acc load address 0x0100bee8
                0x0100a41c                PROVIDE (__ram_rwdata_start, ABSOLUTE (.))
                0x0100a41c                . = ALIGN (0x4)
 *(.got.plt)
 *(.got)
 *(.data1)
 *(.data .data.* .gnu.linkonce.d.*)
 .data          0x0100a41c        0x0 ../sdcard_bsp//obj/HAL/src/crt0.o
 .data          0x0100a41c        0x0 obj/default/hello_world.o
 .data          0x0100a41c        0x0 c:/altera/13.0sp1/nios2eds/bin/gnu/h-i686-mingw32/bin/../lib/gcc/nios2-elf/4.1.2/../../../../nios2-elf/lib\libc.a(lib_a-puts.o)
 .data          0x0100a41c        0x0 c:/altera/13.0sp1/nios2eds/bin/gnu/h-i686-mingw32/bin/../lib/gcc/nios2-elf/4.1.2/../../../../nios2-elf/lib\libc.a(lib_a-strlen.o)
 .data          0x0100a41c        0x0 c:/altera/13.0sp1/nios2eds/bin/gnu/h-i686-mingw32/bin/../lib/gcc/nios2-elf/4.1.2/../../../../nios2-elf/lib\libc.a(lib_a-fvwrite.o)
 .data          0x0100a41c      0x400 c:/altera/13.0sp1/nios2eds/bin/gnu/h-i686-mingw32/bin/../lib/gcc/nios2-elf/4.1.2/../../../../nios2-elf/lib\libc.a(lib_a-impure.o)
 .data          0x0100a81c      0x408 c:/altera/13.0sp1/nios2eds/bin/gnu/h-i686-mingw32/bin/../lib/gcc/nios2-elf/4.1.2/../../../../nios2-elf/lib\libc.a(lib_a-mallocr.o)
                0x0100a81c                __malloc_av_
 .data          0x0100ac24        0x0 c:/altera/13.0sp1/nios2eds/bin/gnu/h-i686-mingw32/bin/../lib/gcc/nios2-elf/4.1.2/../../../../nios2-elf/lib\libc.a(lib_a-memchr.o)
 .data          0x0100ac24        0x0 c:/altera/13.0sp1/nios2eds/bin/gnu/h-i686-mingw32/bin/../lib/gcc/nios2-elf/4.1.2/../../../../nios2-elf/lib\libc.a(lib_a-memcpy.o)
 .data          0x0100ac24        0x0 c:/altera/13.0sp1/nios2eds/bin/gnu/h-i686-mingw32/bin/../lib/gcc/nios2-elf/4.1.2/../../../../nios2-elf/lib\libc.a(lib_a-memmove.o)
 .data          0x0100ac24        0x0 c:/altera/13.0sp1/nios2eds/bin/gnu/h-i686-mingw32/bin/../lib/gcc/nios2-elf/4.1.2/../../../../nios2-elf/lib\libc.a(lib_a-reallocr.o)
 .data          0x0100ac24        0x0 c:/altera/13.0sp1/nios2eds/bin/gnu/h-i686-mingw32/bin/../lib/gcc/nios2-elf/4.1.2/../../../../nios2-elf/lib\libc.a(lib_a-sbrkr.o)
 .data          0x0100ac24        0x0 c:/altera/13.0sp1/nios2eds/bin/gnu/h-i686-mingw32/bin/../lib/gcc/nios2-elf/4.1.2/../../../../nios2-elf/lib\libc.a(lib_a-wsetup.o)
 .data          0x0100ac24        0x0 c:/altera/13.0sp1/nios2eds/bin/gnu/h-i686-mingw32/bin/../lib/gcc/nios2-elf/4.1.2/../../../../nios2-elf/lib\libc.a(lib_a-fflush.o)
 .data          0x0100ac24        0x0 c:/altera/13.0sp1/nios2eds/bin/gnu/h-i686-mingw32/bin/../lib/gcc/nios2-elf/4.1.2/../../../../nios2-elf/lib\libc.a(lib_a-findfp.o)
 .data          0x0100ac24        0x0 c:/altera/13.0sp1/nios2eds/bin/gnu/h-i686-mingw32/bin/../lib/gcc/nios2-elf/4.1.2/../../../../nios2-elf/lib\libc.a(lib_a-freer.o)
 .data          0x0100ac24        0x0 c:/altera/13.0sp1/nios2eds/bin/gnu/h-i686-mingw32/bin/../lib/gcc/nios2-elf/4.1.2/../../../../nios2-elf/lib\libc.a(lib_a-fwalk.o)
 .data          0x0100ac24        0x0 c:/altera/13.0sp1/nios2eds/bin/gnu/h-i686-mingw32/bin/../lib/gcc/nios2-elf/4.1.2/../../../../nios2-elf/lib\libc.a(lib_a-int_errno.o)
 .data          0x0100ac24        0x0 c:/altera/13.0sp1/nios2eds/bin/gnu/h-i686-mingw32/bin/../lib/gcc/nios2-elf/4.1.2/../../../../nios2-elf/lib\libc.a(lib_a-makebuf.o)
 .data          0x0100ac24        0x0 c:/altera/13.0sp1/nios2eds/bin/gnu/h-i686-mingw32/bin/../lib/gcc/nios2-elf/4.1.2/../../../../nios2-elf/lib\libc.a(lib_a-memset.o)
 .data          0x0100ac24        0x0 c:/altera/13.0sp1/nios2eds/bin/gnu/h-i686-mingw32/bin/../lib/gcc/nios2-elf/4.1.2/../../../../nios2-elf/lib\libc.a(lib_a-stdio.o)
 .data          0x0100ac24        0x0 c:/altera/13.0sp1/nios2eds/bin/gnu/h-i686-mingw32/bin/../lib/gcc/nios2-elf/4.1.2/../../../../nios2-elf/lib\libc.a(lib_a-writer.o)
 .data          0x0100ac24        0x0 c:/altera/13.0sp1/nios2eds/bin/gnu/h-i686-mingw32/bin/../lib/gcc/nios2-elf/4.1.2/../../../../nios2-elf/lib\libc.a(lib_a-closer.o)
 .data          0x0100ac24        0x0 c:/altera/13.0sp1/nios2eds/bin/gnu/h-i686-mingw32/bin/../lib/gcc/nios2-elf/4.1.2/../../../../nios2-elf/lib\libc.a(lib_a-fclose.o)
 .data          0x0100ac24        0x0 c:/altera/13.0sp1/nios2eds/bin/gnu/h-i686-mingw32/bin/../lib/gcc/nios2-elf/4.1.2/../../../../nios2-elf/lib\libc.a(lib_a-fstatr.o)
 .data          0x0100ac24        0x0 c:/altera/13.0sp1/nios2eds/bin/gnu/h-i686-mingw32/bin/../lib/gcc/nios2-elf/4.1.2/../../../../nios2-elf/lib\libc.a(lib_a-isattyr.o)
 .data          0x0100ac24        0x0 c:/altera/13.0sp1/nios2eds/bin/gnu/h-i686-mingw32/bin/../lib/gcc/nios2-elf/4.1.2/../../../../nios2-elf/lib\libc.a(lib_a-lseekr.o)
 .data          0x0100ac24        0x0 c:/altera/13.0sp1/nios2eds/bin/gnu/h-i686-mingw32/bin/../lib/gcc/nios2-elf/4.1.2/../../../../nios2-elf/lib\libc.a(lib_a-readr.o)
 .data          0x0100ac24        0x0 ../sdcard_bsp/\libhal_bsp.a(alt_close.o)
 .data          0x0100ac24      0x1a8 ../sdcard_bsp/\libhal_bsp.a(alt_dev.o)
                0x0100ac24                alt_dev_null
                0x0100ac4c                alt_fd_list
 .data          0x0100adcc        0x0 ../sdcard_bsp/\libhal_bsp.a(alt_errno.o)
 .data          0x0100adcc        0x0 ../sdcard_bsp/\libhal_bsp.a(alt_fstat.o)
 .data          0x0100adcc        0x0 ../sdcard_bsp/\libhal_bsp.a(alt_isatty.o)
 .data          0x0100adcc        0x0 ../sdcard_bsp/\libhal_bsp.a(alt_load.o)
 .data          0x0100adcc        0x0 ../sdcard_bsp/\libhal_bsp.a(alt_lseek.o)
 .data          0x0100adcc        0x0 ../sdcard_bsp/\libhal_bsp.a(alt_main.o)
 .data          0x0100adcc        0x0 ../sdcard_bsp/\libhal_bsp.a(alt_malloc_lock.o)
 .data          0x0100adcc        0x0 ../sdcard_bsp/\libhal_bsp.a(alt_read.o)
 .data          0x0100adcc        0x0 ../sdcard_bsp/\libhal_bsp.a(alt_release_fd.o)
 .data          0x0100adcc        0x0 ../sdcard_bsp/\libhal_bsp.a(alt_sbrk.o)
 .data          0x0100adcc        0x0 ../sdcard_bsp/\libhal_bsp.a(alt_write.o)
 .data          0x0100adcc     0x10e4 ../sdcard_bsp/\libhal_bsp.a(alt_sys_init.o)
 .data          0x0100beb0        0x0 ../sdcard_bsp/\libhal_bsp.a(Altera_UP_SD_Card_Avalon_Interface.o)
 .data          0x0100beb0        0x0 ../sdcard_bsp/\libhal_bsp.a(altera_avalon_jtag_uart_fd.o)
 .data          0x0100beb0        0x0 ../sdcard_bsp/\libhal_bsp.a(altera_avalon_jtag_uart_init.o)
 .data          0x0100beb0        0x0 ../sdcard_bsp/\libhal_bsp.a(altera_avalon_jtag_uart_ioctl.o)
 .data          0x0100beb0        0x0 ../sdcard_bsp/\libhal_bsp.a(altera_avalon_jtag_uart_read.o)
 .data          0x0100beb0        0x0 ../sdcard_bsp/\libhal_bsp.a(altera_avalon_jtag_uart_write.o)
 .data          0x0100beb0        0x0 ../sdcard_bsp/\libhal_bsp.a(altera_avalon_timer_sc.o)
 .data          0x0100beb0        0x0 ../sdcard_bsp/\libhal_bsp.a(altera_up_avalon_character_lcd.o)
 .data          0x0100beb0        0x0 ../sdcard_bsp/\libhal_bsp.a(altera_up_avalon_rs232.o)
 .data          0x0100beb0        0x0 ../sdcard_bsp/\libhal_bsp.a(alt_alarm_start.o)
 .data          0x0100beb0        0x0 ../sdcard_bsp/\libhal_bsp.a(alt_dcache_flush_all.o)
 .data          0x0100beb0        0x0 ../sdcard_bsp/\libhal_bsp.a(alt_dev_llist_insert.o)
 .data          0x0100beb0        0x0 ../sdcard_bsp/\libhal_bsp.a(alt_do_ctors.o)
 .data          0x0100beb0        0x0 ../sdcard_bsp/\libhal_bsp.a(alt_do_dtors.o)
 .data          0x0100beb0        0x0 ../sdcard_bsp/\libhal_bsp.a(alt_find_dev.o)
 .data          0x0100beb0        0x0 ../sdcard_bsp/\libhal_bsp.a(alt_icache_flush_all.o)
 .data          0x0100beb0        0x0 ../sdcard_bsp/\libhal_bsp.a(alt_io_redirect.o)
 .data          0x0100beb0        0x0 ../sdcard_bsp/\libhal_bsp.a(alt_irq_register.o)
 .data          0x0100beb0        0x0 ../sdcard_bsp/\libhal_bsp.a(alt_irq_vars.o)
 .data          0x0100beb0        0x0 ../sdcard_bsp/\libhal_bsp.a(alt_open.o)
 .data          0x0100beb0        0x0 ../sdcard_bsp/\libhal_bsp.a(alt_tick.o)
 .data          0x0100beb0        0x0 ../sdcard_bsp/\libhal_bsp.a(altera_nios2_qsys_irq.o)
 .data          0x0100beb0        0x0 ../sdcard_bsp/\libhal_bsp.a(alt_find_file.o)
 .data          0x0100beb0        0x0 ../sdcard_bsp/\libhal_bsp.a(alt_get_fd.o)
 .data          0x0100beb0        0x0 ../sdcard_bsp/\libhal_bsp.a(alt_icache_flush.o)
 .data          0x0100beb0        0x0 ../sdcard_bsp/\libhal_bsp.a(alt_irq_entry.o)
 .data          0x0100beb0        0x0 ../sdcard_bsp/\libhal_bsp.a(alt_irq_handler.o)
 .data          0x0100beb0        0x0 ../sdcard_bsp/\libhal_bsp.a(alt_exception_entry.o)
 .data          0x0100beb0        0x0 c:/altera/13.0sp1/nios2eds/bin/gnu/h-i686-mingw32/bin/../lib/gcc/nios2-elf/4.1.2/../../../../nios2-elf/lib\libc.a(lib_a-atexit.o)
 .data          0x0100beb0        0x0 c:/altera/13.0sp1/nios2eds/bin/gnu/h-i686-mingw32/bin/../lib/gcc/nios2-elf/4.1.2/../../../../nios2-elf/lib\libc.a(lib_a-exit.o)
 .data          0x0100beb0        0x0 c:/altera/13.0sp1/nios2eds/bin/gnu/h-i686-mingw32/bin/../lib/gcc/nios2-elf/4.1.2/../../../../nios2-elf/lib\libc.a(lib_a-memcmp.o)
 .data          0x0100beb0        0x0 c:/altera/13.0sp1/nios2eds/bin/gnu/h-i686-mingw32/bin/../lib/gcc/nios2-elf/4.1.2/../../../../nios2-elf/lib\libc.a(lib_a-__atexit.o)
 .data          0x0100beb0        0x0 c:/altera/13.0sp1/nios2eds/bin/gnu/h-i686-mingw32/bin/../lib/gcc/nios2-elf/4.1.2/../../../../nios2-elf/lib\libc.a(lib_a-__call_atexit.o)
 .data          0x0100beb0        0x0 ../sdcard_bsp/\libhal_bsp.a(alt_exit.o)
                0x01013eb0                _gp = ABSOLUTE ((. + 0x8000))
                0x01013eb0                PROVIDE (gp, _gp)
 *(.rwdata .rwdata.*)
 *(.sdata .sdata.* .gnu.linkonce.s.*)
 .sdata         0x0100beb0        0x8 c:/altera/13.0sp1/nios2eds/bin/gnu/h-i686-mingw32/bin/../lib/gcc/nios2-elf/4.1.2/../../../../nios2-elf/lib\libc.a(lib_a-impure.o)
                0x0100beb0                _impure_ptr
                0x0100beb4                _global_impure_ptr
 .sdata         0x0100beb8        0x8 c:/altera/13.0sp1/nios2eds/bin/gnu/h-i686-mingw32/bin/../lib/gcc/nios2-elf/4.1.2/../../../../nios2-elf/lib\libc.a(lib_a-mallocr.o)
                0x0100beb8                __malloc_trim_threshold
                0x0100bebc                __malloc_sbrk_base
 .sdata         0x0100bec0       0x14 ../sdcard_bsp/\libhal_bsp.a(alt_dev.o)
                0x0100bec0                alt_fs_list
                0x0100bec8                alt_dev_list
                0x0100bed0                alt_max_fd
 .sdata         0x0100bed4        0x4 ../sdcard_bsp/\libhal_bsp.a(alt_errno.o)
                0x0100bed4                alt_errno
 .sdata         0x0100bed8        0x4 ../sdcard_bsp/\libhal_bsp.a(alt_sbrk.o)
 .sdata         0x0100bedc        0x4 ../sdcard_bsp/\libhal_bsp.a(alt_irq_vars.o)
                0x0100bedc                alt_priority_mask
 .sdata         0x0100bee0        0x8 ../sdcard_bsp/\libhal_bsp.a(alt_tick.o)
                0x0100bee0                alt_alarm_list
 *(.sdata2 .sdata2.* .gnu.linkonce.s2.*)
                0x0100bee8                . = ALIGN (0x4)
                0x0100bee8                _edata = ABSOLUTE (.)
                0x0100bee8                PROVIDE (edata, ABSOLUTE (.))
                0x0100bee8                PROVIDE (__ram_rwdata_end, ABSOLUTE (.))
                0x0100bee8                PROVIDE (__flash_rwdata_start, LOADADDR (.rwdata))

.bss            0x0100d9b4      0x87c
                0x0100d9b4                __bss_start = ABSOLUTE (.)
                0x0100d9b4                PROVIDE (__sbss_start, ABSOLUTE (.))
                0x0100d9b4                PROVIDE (___sbss_start, ABSOLUTE (.))
 *(.dynsbss)
 *(.sbss .sbss.* .gnu.linkonce.sb.*)
 .sbss          0x0100d9b4        0xc c:/altera/13.0sp1/nios2eds/bin/gnu/h-i686-mingw32/bin/../lib/gcc/nios2-elf/4.1.2/../../../../nios2-elf/lib\libc.a(lib_a-mallocr.o)
                0x0100d9b4                __malloc_top_pad
                0x0100d9b8                __malloc_max_sbrked_mem
                0x0100d9bc                __malloc_max_total_mem
 .sbss          0x0100d9c0        0x4 c:/altera/13.0sp1/nios2eds/bin/gnu/h-i686-mingw32/bin/../lib/gcc/nios2-elf/4.1.2/../../../../nios2-elf/lib\libc.a(lib_a-int_errno.o)
                0x0100d9c0                errno
 .sbss          0x0100d9c4        0xc ../sdcard_bsp/\libhal_bsp.a(alt_main.o)
                0x0100d9c4                alt_argc
                0x0100d9c8                alt_argv
                0x0100d9cc                alt_envp
 .sbss          0x0100d9d0       0x34 ../sdcard_bsp/\libhal_bsp.a(Altera_UP_SD_Card_Avalon_Interface.o)
                0x0100d9d0                initialized
                0x0100d9d4                is_sd_card_formated_as_FAT16
                0x0100d9d8                aux_status_register
                0x0100d9dc                status_register
                0x0100d9e0                CSD_register_w0
                0x0100d9e4                command_register
                0x0100d9e8                command_argument_register
                0x0100d9ec                buffer_memory
                0x0100d9f0                fat_partition_offset_in_512_byte_sectors
                0x0100d9f4                fat_partition_size_in_512_byte_sectors
                0x0100d9f8                device_pointer
                0x0100d9fc                current_sector_modified
                0x0100da00                current_sector_index
 .sbss          0x0100da04        0x4 ../sdcard_bsp/\libhal_bsp.a(alt_irq_vars.o)
                0x0100da04                alt_irq_active
 .sbss          0x0100da08        0x8 ../sdcard_bsp/\libhal_bsp.a(alt_tick.o)
                0x0100da08                _alt_tick_rate
                0x0100da0c                _alt_nticks
 *(.sbss2 .sbss2.* .gnu.linkonce.sb2.*)
 *(.scommon)
                0x0100da10                PROVIDE (__sbss_end, ABSOLUTE (.))
                0x0100da10                PROVIDE (___sbss_end, ABSOLUTE (.))
 *(.dynbss)
 *(.bss .bss.* .gnu.linkonce.b.*)
 .bss           0x0100da10        0x0 ../sdcard_bsp//obj/HAL/src/crt0.o
 .bss           0x0100da10        0x0 obj/default/hello_world.o
 .bss           0x0100da10        0x0 c:/altera/13.0sp1/nios2eds/bin/gnu/h-i686-mingw32/bin/../lib/gcc/nios2-elf/4.1.2/../../../../nios2-elf/lib\libc.a(lib_a-puts.o)
 .bss           0x0100da10        0x0 c:/altera/13.0sp1/nios2eds/bin/gnu/h-i686-mingw32/bin/../lib/gcc/nios2-elf/4.1.2/../../../../nios2-elf/lib\libc.a(lib_a-strlen.o)
 .bss           0x0100da10        0x0 c:/altera/13.0sp1/nios2eds/bin/gnu/h-i686-mingw32/bin/../lib/gcc/nios2-elf/4.1.2/../../../../nios2-elf/lib\libc.a(lib_a-fvwrite.o)
 .bss           0x0100da10        0x0 c:/altera/13.0sp1/nios2eds/bin/gnu/h-i686-mingw32/bin/../lib/gcc/nios2-elf/4.1.2/../../../../nios2-elf/lib\libc.a(lib_a-impure.o)
 .bss           0x0100da10       0x28 c:/altera/13.0sp1/nios2eds/bin/gnu/h-i686-mingw32/bin/../lib/gcc/nios2-elf/4.1.2/../../../../nios2-elf/lib\libc.a(lib_a-mallocr.o)
                0x0100da10                __malloc_current_mallinfo
 .bss           0x0100da38        0x0 c:/altera/13.0sp1/nios2eds/bin/gnu/h-i686-mingw32/bin/../lib/gcc/nios2-elf/4.1.2/../../../../nios2-elf/lib\libc.a(lib_a-memchr.o)
 .bss           0x0100da38        0x0 c:/altera/13.0sp1/nios2eds/bin/gnu/h-i686-mingw32/bin/../lib/gcc/nios2-elf/4.1.2/../../../../nios2-elf/lib\libc.a(lib_a-memcpy.o)
 .bss           0x0100da38        0x0 c:/altera/13.0sp1/nios2eds/bin/gnu/h-i686-mingw32/bin/../lib/gcc/nios2-elf/4.1.2/../../../../nios2-elf/lib\libc.a(lib_a-memmove.o)
 .bss           0x0100da38        0x0 c:/altera/13.0sp1/nios2eds/bin/gnu/h-i686-mingw32/bin/../lib/gcc/nios2-elf/4.1.2/../../../../nios2-elf/lib\libc.a(lib_a-reallocr.o)
 .bss           0x0100da38        0x0 c:/altera/13.0sp1/nios2eds/bin/gnu/h-i686-mingw32/bin/../lib/gcc/nios2-elf/4.1.2/../../../../nios2-elf/lib\libc.a(lib_a-sbrkr.o)
 .bss           0x0100da38        0x0 c:/altera/13.0sp1/nios2eds/bin/gnu/h-i686-mingw32/bin/../lib/gcc/nios2-elf/4.1.2/../../../../nios2-elf/lib\libc.a(lib_a-wsetup.o)
 .bss           0x0100da38        0x0 c:/altera/13.0sp1/nios2eds/bin/gnu/h-i686-mingw32/bin/../lib/gcc/nios2-elf/4.1.2/../../../../nios2-elf/lib\libc.a(lib_a-fflush.o)
 .bss           0x0100da38        0x0 c:/altera/13.0sp1/nios2eds/bin/gnu/h-i686-mingw32/bin/../lib/gcc/nios2-elf/4.1.2/../../../../nios2-elf/lib\libc.a(lib_a-findfp.o)
 .bss           0x0100da38        0x0 c:/altera/13.0sp1/nios2eds/bin/gnu/h-i686-mingw32/bin/../lib/gcc/nios2-elf/4.1.2/../../../../nios2-elf/lib\libc.a(lib_a-freer.o)
 .bss           0x0100da38        0x0 c:/altera/13.0sp1/nios2eds/bin/gnu/h-i686-mingw32/bin/../lib/gcc/nios2-elf/4.1.2/../../../../nios2-elf/lib\libc.a(lib_a-fwalk.o)
 .bss           0x0100da38        0x0 c:/altera/13.0sp1/nios2eds/bin/gnu/h-i686-mingw32/bin/../lib/gcc/nios2-elf/4.1.2/../../../../nios2-elf/lib\libc.a(lib_a-int_errno.o)
 .bss           0x0100da38        0x0 c:/altera/13.0sp1/nios2eds/bin/gnu/h-i686-mingw32/bin/../lib/gcc/nios2-elf/4.1.2/../../../../nios2-elf/lib\libc.a(lib_a-makebuf.o)
 .bss           0x0100da38        0x0 c:/altera/13.0sp1/nios2eds/bin/gnu/h-i686-mingw32/bin/../lib/gcc/nios2-elf/4.1.2/../../../../nios2-elf/lib\libc.a(lib_a-memset.o)
 .bss           0x0100da38        0x0 c:/altera/13.0sp1/nios2eds/bin/gnu/h-i686-mingw32/bin/../lib/gcc/nios2-elf/4.1.2/../../../../nios2-elf/lib\libc.a(lib_a-stdio.o)
 .bss           0x0100da38        0x0 c:/altera/13.0sp1/nios2eds/bin/gnu/h-i686-mingw32/bin/../lib/gcc/nios2-elf/4.1.2/../../../../nios2-elf/lib\libc.a(lib_a-writer.o)
 .bss           0x0100da38        0x0 c:/altera/13.0sp1/nios2eds/bin/gnu/h-i686-mingw32/bin/../lib/gcc/nios2-elf/4.1.2/../../../../nios2-elf/lib\libc.a(lib_a-closer.o)
 .bss           0x0100da38        0x0 c:/altera/13.0sp1/nios2eds/bin/gnu/h-i686-mingw32/bin/../lib/gcc/nios2-elf/4.1.2/../../../../nios2-elf/lib\libc.a(lib_a-fclose.o)
 .bss           0x0100da38        0x0 c:/altera/13.0sp1/nios2eds/bin/gnu/h-i686-mingw32/bin/../lib/gcc/nios2-elf/4.1.2/../../../../nios2-elf/lib\libc.a(lib_a-fstatr.o)
 .bss           0x0100da38        0x0 c:/altera/13.0sp1/nios2eds/bin/gnu/h-i686-mingw32/bin/../lib/gcc/nios2-elf/4.1.2/../../../../nios2-elf/lib\libc.a(lib_a-isattyr.o)
 .bss           0x0100da38        0x0 c:/altera/13.0sp1/nios2eds/bin/gnu/h-i686-mingw32/bin/../lib/gcc/nios2-elf/4.1.2/../../../../nios2-elf/lib\libc.a(lib_a-lseekr.o)
 .bss           0x0100da38        0x0 c:/altera/13.0sp1/nios2eds/bin/gnu/h-i686-mingw32/bin/../lib/gcc/nios2-elf/4.1.2/../../../../nios2-elf/lib\libc.a(lib_a-readr.o)
 .bss           0x0100da38        0x0 ../sdcard_bsp/\libhal_bsp.a(alt_close.o)
 .bss           0x0100da38        0x0 ../sdcard_bsp/\libhal_bsp.a(alt_dev.o)
 .bss           0x0100da38        0x0 ../sdcard_bsp/\libhal_bsp.a(alt_errno.o)
 .bss           0x0100da38        0x0 ../sdcard_bsp/\libhal_bsp.a(alt_fstat.o)
 .bss           0x0100da38        0x0 ../sdcard_bsp/\libhal_bsp.a(alt_isatty.o)
 .bss           0x0100da38        0x0 ../sdcard_bsp/\libhal_bsp.a(alt_load.o)
 .bss           0x0100da38        0x0 ../sdcard_bsp/\libhal_bsp.a(alt_lseek.o)
 .bss           0x0100da38        0x0 ../sdcard_bsp/\libhal_bsp.a(alt_main.o)
 .bss           0x0100da38        0x0 ../sdcard_bsp/\libhal_bsp.a(alt_malloc_lock.o)
 .bss           0x0100da38        0x0 ../sdcard_bsp/\libhal_bsp.a(alt_read.o)
 .bss           0x0100da38        0x0 ../sdcard_bsp/\libhal_bsp.a(alt_release_fd.o)
 .bss           0x0100da38        0x0 ../sdcard_bsp/\libhal_bsp.a(alt_sbrk.o)
 .bss           0x0100da38        0x0 ../sdcard_bsp/\libhal_bsp.a(alt_write.o)
 .bss           0x0100da38        0x0 ../sdcard_bsp/\libhal_bsp.a(alt_sys_init.o)
 .bss           0x0100da38        0x0 ../sdcard_bsp/\libhal_bsp.a(Altera_UP_SD_Card_Avalon_Interface.o)
 .bss           0x0100da38        0x0 ../sdcard_bsp/\libhal_bsp.a(altera_avalon_jtag_uart_fd.o)
 .bss           0x0100da38        0x0 ../sdcard_bsp/\libhal_bsp.a(altera_avalon_jtag_uart_init.o)
 .bss           0x0100da38        0x0 ../sdcard_bsp/\libhal_bsp.a(altera_avalon_jtag_uart_ioctl.o)
 .bss           0x0100da38        0x0 ../sdcard_bsp/\libhal_bsp.a(altera_avalon_jtag_uart_read.o)
 .bss           0x0100da38        0x0 ../sdcard_bsp/\libhal_bsp.a(altera_avalon_jtag_uart_write.o)
 .bss           0x0100da38        0x0 ../sdcard_bsp/\libhal_bsp.a(altera_avalon_timer_sc.o)
 .bss           0x0100da38        0x0 ../sdcard_bsp/\libhal_bsp.a(altera_up_avalon_character_lcd.o)
 .bss           0x0100da38        0x0 ../sdcard_bsp/\libhal_bsp.a(altera_up_avalon_rs232.o)
 .bss           0x0100da38        0x0 ../sdcard_bsp/\libhal_bsp.a(alt_alarm_start.o)
 .bss           0x0100da38        0x0 ../sdcard_bsp/\libhal_bsp.a(alt_dcache_flush_all.o)
 .bss           0x0100da38        0x0 ../sdcard_bsp/\libhal_bsp.a(alt_dev_llist_insert.o)
 .bss           0x0100da38        0x0 ../sdcard_bsp/\libhal_bsp.a(alt_do_ctors.o)
 .bss           0x0100da38        0x0 ../sdcard_bsp/\libhal_bsp.a(alt_do_dtors.o)
 .bss           0x0100da38        0x0 ../sdcard_bsp/\libhal_bsp.a(alt_find_dev.o)
 .bss           0x0100da38        0x0 ../sdcard_bsp/\libhal_bsp.a(alt_icache_flush_all.o)
 .bss           0x0100da38        0x0 ../sdcard_bsp/\libhal_bsp.a(alt_io_redirect.o)
 .bss           0x0100da38        0x0 ../sdcard_bsp/\libhal_bsp.a(alt_irq_register.o)
 .bss           0x0100da38        0x0 ../sdcard_bsp/\libhal_bsp.a(alt_irq_vars.o)
 .bss           0x0100da38        0x0 ../sdcard_bsp/\libhal_bsp.a(alt_open.o)
 .bss           0x0100da38        0x0 ../sdcard_bsp/\libhal_bsp.a(alt_tick.o)
 .bss           0x0100da38        0x0 ../sdcard_bsp/\libhal_bsp.a(altera_nios2_qsys_irq.o)
 .bss           0x0100da38        0x0 ../sdcard_bsp/\libhal_bsp.a(alt_find_file.o)
 .bss           0x0100da38        0x0 ../sdcard_bsp/\libhal_bsp.a(alt_get_fd.o)
 .bss           0x0100da38        0x0 ../sdcard_bsp/\libhal_bsp.a(alt_icache_flush.o)
 .bss           0x0100da38        0x0 ../sdcard_bsp/\libhal_bsp.a(alt_irq_entry.o)
 .bss           0x0100da38        0x0 ../sdcard_bsp/\libhal_bsp.a(alt_irq_handler.o)
 .bss           0x0100da38        0x0 ../sdcard_bsp/\libhal_bsp.a(alt_exception_entry.o)
 .bss           0x0100da38        0x0 c:/altera/13.0sp1/nios2eds/bin/gnu/h-i686-mingw32/bin/../lib/gcc/nios2-elf/4.1.2/../../../../nios2-elf/lib\libc.a(lib_a-atexit.o)
 .bss           0x0100da38        0x0 c:/altera/13.0sp1/nios2eds/bin/gnu/h-i686-mingw32/bin/../lib/gcc/nios2-elf/4.1.2/../../../../nios2-elf/lib\libc.a(lib_a-exit.o)
 .bss           0x0100da38        0x0 c:/altera/13.0sp1/nios2eds/bin/gnu/h-i686-mingw32/bin/../lib/gcc/nios2-elf/4.1.2/../../../../nios2-elf/lib\libc.a(lib_a-memcmp.o)
 .bss           0x0100da38        0x0 c:/altera/13.0sp1/nios2eds/bin/gnu/h-i686-mingw32/bin/../lib/gcc/nios2-elf/4.1.2/../../../../nios2-elf/lib\libc.a(lib_a-__atexit.o)
 .bss           0x0100da38        0x0 c:/altera/13.0sp1/nios2eds/bin/gnu/h-i686-mingw32/bin/../lib/gcc/nios2-elf/4.1.2/../../../../nios2-elf/lib\libc.a(lib_a-__call_atexit.o)
 .bss           0x0100da38        0x0 ../sdcard_bsp/\libhal_bsp.a(alt_exit.o)
 *(COMMON)
 COMMON         0x0100da38      0x568 ../sdcard_bsp/\libhal_bsp.a(Altera_UP_SD_Card_Avalon_Interface.o)
                0x0100da38                search_data
                0x0100da4c                boot_sector_data
                0x0100daa0                active_files
 COMMON         0x0100dfa0      0x100 ../sdcard_bsp/\libhal_bsp.a(alt_irq_handler.o)
                0x0100dfa0                alt_irq
 COMMON         0x0100e0a0      0x190 c:/altera/13.0sp1/nios2eds/bin/gnu/h-i686-mingw32/bin/../lib/gcc/nios2-elf/4.1.2/../../../../nios2-elf/lib\libc.a(lib_a-atexit.o)
                0x0100e0a0                _atexit0
                0x0100e230                . = ALIGN (0x4)
                0x0100e230                __bss_end = ABSOLUTE (.)

.onchip_memory2_0
                0x00000000        0x0 load address 0x0100e230
                0x00000000                PROVIDE (_alt_partition_onchip_memory2_0_start, ABSOLUTE (.))
 *(.onchip_memory2_0. onchip_memory2_0.*)
                0x00000000                . = ALIGN (0x4)
                0x00000000                PROVIDE (_alt_partition_onchip_memory2_0_end, ABSOLUTE (.))
                0x0100e230                PROVIDE (_alt_partition_onchip_memory2_0_load_addr, LOADADDR (.onchip_memory2_0))

.new_sdram_controller_0
                0x0100e230        0x0
                0x0100e230                PROVIDE (_alt_partition_new_sdram_controller_0_start, ABSOLUTE (.))
 *(.new_sdram_controller_0. new_sdram_controller_0.*)
                0x0100e230                . = ALIGN (0x4)
                0x0100e230                PROVIDE (_alt_partition_new_sdram_controller_0_end, ABSOLUTE (.))
                0x0100e230                _end = ABSOLUTE (.)
                0x0100e230                end = ABSOLUTE (.)
                0x0100e230                __alt_stack_base = ABSOLUTE (.)
                0x0100e230                PROVIDE (_alt_partition_new_sdram_controller_0_load_addr, LOADADDR (.new_sdram_controller_0))

.stab
 *(.stab)

.stabstr
 *(.stabstr)

.stab.excl
 *(.stab.excl)

.stab.exclstr
 *(.stab.exclstr)

.stab.index
 *(.stab.index)

.stab.indexstr
 *(.stab.indexstr)

.comment        0x00000000       0x26
 *(.comment)
 .comment       0x00000000       0x26 obj/default/hello_world.o
                                 0x27 (size before relaxing)
 .comment       0x00000000       0x27 c:/altera/13.0sp1/nios2eds/bin/gnu/h-i686-mingw32/bin/../lib/gcc/nios2-elf/4.1.2/../../../../nios2-elf/lib\libc.a(lib_a-puts.o)
 .comment       0x00000000       0x27 c:/altera/13.0sp1/nios2eds/bin/gnu/h-i686-mingw32/bin/../lib/gcc/nios2-elf/4.1.2/../../../../nios2-elf/lib\libc.a(lib_a-strlen.o)
 .comment       0x00000000       0x27 c:/altera/13.0sp1/nios2eds/bin/gnu/h-i686-mingw32/bin/../lib/gcc/nios2-elf/4.1.2/../../../../nios2-elf/lib\libc.a(lib_a-fvwrite.o)
 .comment       0x00000000       0x27 c:/altera/13.0sp1/nios2eds/bin/gnu/h-i686-mingw32/bin/../lib/gcc/nios2-elf/4.1.2/../../../../nios2-elf/lib\libc.a(lib_a-impure.o)
 .comment       0x00000000       0x27 c:/altera/13.0sp1/nios2eds/bin/gnu/h-i686-mingw32/bin/../lib/gcc/nios2-elf/4.1.2/../../../../nios2-elf/lib\libc.a(lib_a-mallocr.o)
 .comment       0x00000000       0x27 c:/altera/13.0sp1/nios2eds/bin/gnu/h-i686-mingw32/bin/../lib/gcc/nios2-elf/4.1.2/../../../../nios2-elf/lib\libc.a(lib_a-memchr.o)
 .comment       0x00000000       0x27 c:/altera/13.0sp1/nios2eds/bin/gnu/h-i686-mingw32/bin/../lib/gcc/nios2-elf/4.1.2/../../../../nios2-elf/lib\libc.a(lib_a-memcpy.o)
 .comment       0x00000000       0x27 c:/altera/13.0sp1/nios2eds/bin/gnu/h-i686-mingw32/bin/../lib/gcc/nios2-elf/4.1.2/../../../../nios2-elf/lib\libc.a(lib_a-memmove.o)
 .comment       0x00000000       0x27 c:/altera/13.0sp1/nios2eds/bin/gnu/h-i686-mingw32/bin/../lib/gcc/nios2-elf/4.1.2/../../../../nios2-elf/lib\libc.a(lib_a-reallocr.o)
 .comment       0x00000000       0x27 c:/altera/13.0sp1/nios2eds/bin/gnu/h-i686-mingw32/bin/../lib/gcc/nios2-elf/4.1.2/../../../../nios2-elf/lib\libc.a(lib_a-sbrkr.o)
 .comment       0x00000000       0x27 c:/altera/13.0sp1/nios2eds/bin/gnu/h-i686-mingw32/bin/../lib/gcc/nios2-elf/4.1.2/../../../../nios2-elf/lib\libc.a(lib_a-wsetup.o)
 .comment       0x00000000       0x27 c:/altera/13.0sp1/nios2eds/bin/gnu/h-i686-mingw32/bin/../lib/gcc/nios2-elf/4.1.2/../../../../nios2-elf/lib\libc.a(lib_a-fflush.o)
 .comment       0x00000000       0x27 c:/altera/13.0sp1/nios2eds/bin/gnu/h-i686-mingw32/bin/../lib/gcc/nios2-elf/4.1.2/../../../../nios2-elf/lib\libc.a(lib_a-findfp.o)
 .comment       0x00000000       0x27 c:/altera/13.0sp1/nios2eds/bin/gnu/h-i686-mingw32/bin/../lib/gcc/nios2-elf/4.1.2/../../../../nios2-elf/lib\libc.a(lib_a-freer.o)
 .comment       0x00000000       0x27 c:/altera/13.0sp1/nios2eds/bin/gnu/h-i686-mingw32/bin/../lib/gcc/nios2-elf/4.1.2/../../../../nios2-elf/lib\libc.a(lib_a-fwalk.o)
 .comment       0x00000000       0x27 c:/altera/13.0sp1/nios2eds/bin/gnu/h-i686-mingw32/bin/../lib/gcc/nios2-elf/4.1.2/../../../../nios2-elf/lib\libc.a(lib_a-int_errno.o)
 .comment       0x00000000       0x27 c:/altera/13.0sp1/nios2eds/bin/gnu/h-i686-mingw32/bin/../lib/gcc/nios2-elf/4.1.2/../../../../nios2-elf/lib\libc.a(lib_a-makebuf.o)
 .comment       0x00000000       0x27 c:/altera/13.0sp1/nios2eds/bin/gnu/h-i686-mingw32/bin/../lib/gcc/nios2-elf/4.1.2/../../../../nios2-elf/lib\libc.a(lib_a-memset.o)
 .comment       0x00000000       0x27 c:/altera/13.0sp1/nios2eds/bin/gnu/h-i686-mingw32/bin/../lib/gcc/nios2-elf/4.1.2/../../../../nios2-elf/lib\libc.a(lib_a-stdio.o)
 .comment       0x00000000       0x27 c:/altera/13.0sp1/nios2eds/bin/gnu/h-i686-mingw32/bin/../lib/gcc/nios2-elf/4.1.2/../../../../nios2-elf/lib\libc.a(lib_a-writer.o)
 .comment       0x00000000       0x27 c:/altera/13.0sp1/nios2eds/bin/gnu/h-i686-mingw32/bin/../lib/gcc/nios2-elf/4.1.2/../../../../nios2-elf/lib\libc.a(lib_a-closer.o)
 .comment       0x00000000       0x27 c:/altera/13.0sp1/nios2eds/bin/gnu/h-i686-mingw32/bin/../lib/gcc/nios2-elf/4.1.2/../../../../nios2-elf/lib\libc.a(lib_a-fclose.o)
 .comment       0x00000000       0x27 c:/altera/13.0sp1/nios2eds/bin/gnu/h-i686-mingw32/bin/../lib/gcc/nios2-elf/4.1.2/../../../../nios2-elf/lib\libc.a(lib_a-fstatr.o)
 .comment       0x00000000       0x27 c:/altera/13.0sp1/nios2eds/bin/gnu/h-i686-mingw32/bin/../lib/gcc/nios2-elf/4.1.2/../../../../nios2-elf/lib\libc.a(lib_a-isattyr.o)
 .comment       0x00000000       0x27 c:/altera/13.0sp1/nios2eds/bin/gnu/h-i686-mingw32/bin/../lib/gcc/nios2-elf/4.1.2/../../../../nios2-elf/lib\libc.a(lib_a-lseekr.o)
 .comment       0x00000000       0x27 c:/altera/13.0sp1/nios2eds/bin/gnu/h-i686-mingw32/bin/../lib/gcc/nios2-elf/4.1.2/../../../../nios2-elf/lib\libc.a(lib_a-readr.o)
 .comment       0x00000000       0x27 ../sdcard_bsp/\libhal_bsp.a(alt_close.o)
 .comment       0x00000000       0x27 ../sdcard_bsp/\libhal_bsp.a(alt_dev.o)
 .comment       0x00000000       0x27 ../sdcard_bsp/\libhal_bsp.a(alt_errno.o)
 .comment       0x00000000       0x27 ../sdcard_bsp/\libhal_bsp.a(alt_fstat.o)
 .comment       0x00000000       0x27 ../sdcard_bsp/\libhal_bsp.a(alt_isatty.o)
 .comment       0x00000000       0x27 ../sdcard_bsp/\libhal_bsp.a(alt_load.o)
 .comment       0x00000000       0x27 ../sdcard_bsp/\libhal_bsp.a(alt_lseek.o)
 .comment       0x00000000       0x27 ../sdcard_bsp/\libhal_bsp.a(alt_main.o)
 .comment       0x00000000       0x27 ../sdcard_bsp/\libhal_bsp.a(alt_malloc_lock.o)
 .comment       0x00000000       0x27 ../sdcard_bsp/\libhal_bsp.a(alt_read.o)
 .comment       0x00000000       0x27 ../sdcard_bsp/\libhal_bsp.a(alt_release_fd.o)
 .comment       0x00000000       0x27 ../sdcard_bsp/\libhal_bsp.a(alt_sbrk.o)
 .comment       0x00000000       0x27 ../sdcard_bsp/\libhal_bsp.a(alt_write.o)
 .comment       0x00000000       0x27 ../sdcard_bsp/\libhal_bsp.a(alt_sys_init.o)
 .comment       0x00000000       0x27 ../sdcard_bsp/\libhal_bsp.a(Altera_UP_SD_Card_Avalon_Interface.o)
 .comment       0x00000000       0x27 ../sdcard_bsp/\libhal_bsp.a(altera_avalon_jtag_uart_fd.o)
 .comment       0x00000000       0x27 ../sdcard_bsp/\libhal_bsp.a(altera_avalon_jtag_uart_init.o)
 .comment       0x00000000       0x27 ../sdcard_bsp/\libhal_bsp.a(altera_avalon_jtag_uart_ioctl.o)
 .comment       0x00000000       0x27 ../sdcard_bsp/\libhal_bsp.a(altera_avalon_jtag_uart_read.o)
 .comment       0x00000000       0x27 ../sdcard_bsp/\libhal_bsp.a(altera_avalon_jtag_uart_write.o)
 .comment       0x00000000       0x27 ../sdcard_bsp/\libhal_bsp.a(altera_avalon_timer_sc.o)
 .comment       0x00000000       0x27 ../sdcard_bsp/\libhal_bsp.a(altera_up_avalon_character_lcd.o)
 .comment       0x00000000       0x27 ../sdcard_bsp/\libhal_bsp.a(altera_up_avalon_rs232.o)
 .comment       0x00000000       0x27 ../sdcard_bsp/\libhal_bsp.a(alt_alarm_start.o)
 .comment       0x00000000       0x27 ../sdcard_bsp/\libhal_bsp.a(alt_dcache_flush_all.o)
 .comment       0x00000000       0x27 ../sdcard_bsp/\libhal_bsp.a(alt_dev_llist_insert.o)
 .comment       0x00000000       0x27 ../sdcard_bsp/\libhal_bsp.a(alt_do_ctors.o)
 .comment       0x00000000       0x27 ../sdcard_bsp/\libhal_bsp.a(alt_do_dtors.o)
 .comment       0x00000000       0x27 ../sdcard_bsp/\libhal_bsp.a(alt_find_dev.o)
 .comment       0x00000000       0x27 ../sdcard_bsp/\libhal_bsp.a(alt_icache_flush_all.o)
 .comment       0x00000000       0x27 ../sdcard_bsp/\libhal_bsp.a(alt_io_redirect.o)
 .comment       0x00000000       0x27 ../sdcard_bsp/\libhal_bsp.a(alt_irq_register.o)
 .comment       0x00000000       0x27 ../sdcard_bsp/\libhal_bsp.a(alt_irq_vars.o)
 .comment       0x00000000       0x27 ../sdcard_bsp/\libhal_bsp.a(alt_open.o)
 .comment       0x00000000       0x27 ../sdcard_bsp/\libhal_bsp.a(alt_tick.o)
 .comment       0x00000000       0x27 ../sdcard_bsp/\libhal_bsp.a(altera_nios2_qsys_irq.o)
 .comment       0x00000000       0x27 ../sdcard_bsp/\libhal_bsp.a(alt_find_file.o)
 .comment       0x00000000       0x27 ../sdcard_bsp/\libhal_bsp.a(alt_get_fd.o)
 .comment       0x00000000       0x27 ../sdcard_bsp/\libhal_bsp.a(alt_icache_flush.o)
 .comment       0x00000000       0x27 ../sdcard_bsp/\libhal_bsp.a(alt_irq_handler.o)
 .comment       0x00000000       0x27 c:/altera/13.0sp1/nios2eds/bin/gnu/h-i686-mingw32/bin/../lib/gcc/nios2-elf/4.1.2/../../../../nios2-elf/lib\libc.a(lib_a-atexit.o)
 .comment       0x00000000       0x27 c:/altera/13.0sp1/nios2eds/bin/gnu/h-i686-mingw32/bin/../lib/gcc/nios2-elf/4.1.2/../../../../nios2-elf/lib\libc.a(lib_a-exit.o)
 .comment       0x00000000       0x27 c:/altera/13.0sp1/nios2eds/bin/gnu/h-i686-mingw32/bin/../lib/gcc/nios2-elf/4.1.2/../../../../nios2-elf/lib\libc.a(lib_a-memcmp.o)
 .comment       0x00000000       0x27 c:/altera/13.0sp1/nios2eds/bin/gnu/h-i686-mingw32/bin/../lib/gcc/nios2-elf/4.1.2/../../../../nios2-elf/lib\libc.a(lib_a-__atexit.o)
 .comment       0x00000000       0x27 c:/altera/13.0sp1/nios2eds/bin/gnu/h-i686-mingw32/bin/../lib/gcc/nios2-elf/4.1.2/../../../../nios2-elf/lib\libc.a(lib_a-__call_atexit.o)
 .comment       0x00000000       0x27 ../sdcard_bsp/\libhal_bsp.a(alt_exit.o)

.debug
 *(.debug)

.line
 *(.line)

.debug_srcinfo
 *(.debug_srcinfo)

.debug_sfnames
 *(.debug_sfnames)

.debug_aranges  0x00000000      0x938
 *(.debug_aranges)
 .debug_aranges
                0x00000000       0x28 ../sdcard_bsp//obj/HAL/src/crt0.o
 .debug_aranges
                0x00000028       0x20 obj/default/hello_world.o
 .debug_aranges
                0x00000048       0x20 c:/altera/13.0sp1/nios2eds/bin/gnu/h-i686-mingw32/bin/../lib/gcc/nios2-elf/4.1.2/../../../../nios2-elf/lib\libc.a(lib_a-puts.o)
 .debug_aranges
                0x00000068       0x20 c:/altera/13.0sp1/nios2eds/bin/gnu/h-i686-mingw32/bin/../lib/gcc/nios2-elf/4.1.2/../../../../nios2-elf/lib\libc.a(lib_a-strlen.o)
 .debug_aranges
                0x00000088       0x20 c:/altera/13.0sp1/nios2eds/bin/gnu/h-i686-mingw32/bin/../lib/gcc/nios2-elf/4.1.2/../../../../nios2-elf/lib\libc.a(lib_a-fvwrite.o)
 .debug_aranges
                0x000000a8       0x20 c:/altera/13.0sp1/nios2eds/bin/gnu/h-i686-mingw32/bin/../lib/gcc/nios2-elf/4.1.2/../../../../nios2-elf/lib\libc.a(lib_a-mallocr.o)
 .debug_aranges
                0x000000c8       0x20 c:/altera/13.0sp1/nios2eds/bin/gnu/h-i686-mingw32/bin/../lib/gcc/nios2-elf/4.1.2/../../../../nios2-elf/lib\libc.a(lib_a-memchr.o)
 .debug_aranges
                0x000000e8       0x20 c:/altera/13.0sp1/nios2eds/bin/gnu/h-i686-mingw32/bin/../lib/gcc/nios2-elf/4.1.2/../../../../nios2-elf/lib\libc.a(lib_a-memcpy.o)
 .debug_aranges
                0x00000108       0x20 c:/altera/13.0sp1/nios2eds/bin/gnu/h-i686-mingw32/bin/../lib/gcc/nios2-elf/4.1.2/../../../../nios2-elf/lib\libc.a(lib_a-memmove.o)
 .debug_aranges
                0x00000128       0x20 c:/altera/13.0sp1/nios2eds/bin/gnu/h-i686-mingw32/bin/../lib/gcc/nios2-elf/4.1.2/../../../../nios2-elf/lib\libc.a(lib_a-reallocr.o)
 .debug_aranges
                0x00000148       0x20 c:/altera/13.0sp1/nios2eds/bin/gnu/h-i686-mingw32/bin/../lib/gcc/nios2-elf/4.1.2/../../../../nios2-elf/lib\libc.a(lib_a-sbrkr.o)
 .debug_aranges
                0x00000168       0x20 c:/altera/13.0sp1/nios2eds/bin/gnu/h-i686-mingw32/bin/../lib/gcc/nios2-elf/4.1.2/../../../../nios2-elf/lib\libc.a(lib_a-wsetup.o)
 .debug_aranges
                0x00000188       0x20 c:/altera/13.0sp1/nios2eds/bin/gnu/h-i686-mingw32/bin/../lib/gcc/nios2-elf/4.1.2/../../../../nios2-elf/lib\libc.a(lib_a-fflush.o)
 .debug_aranges
                0x000001a8       0x20 c:/altera/13.0sp1/nios2eds/bin/gnu/h-i686-mingw32/bin/../lib/gcc/nios2-elf/4.1.2/../../../../nios2-elf/lib\libc.a(lib_a-findfp.o)
 .debug_aranges
                0x000001c8       0x20 c:/altera/13.0sp1/nios2eds/bin/gnu/h-i686-mingw32/bin/../lib/gcc/nios2-elf/4.1.2/../../../../nios2-elf/lib\libc.a(lib_a-freer.o)
 .debug_aranges
                0x000001e8       0x20 c:/altera/13.0sp1/nios2eds/bin/gnu/h-i686-mingw32/bin/../lib/gcc/nios2-elf/4.1.2/../../../../nios2-elf/lib\libc.a(lib_a-fwalk.o)
 .debug_aranges
                0x00000208       0x20 c:/altera/13.0sp1/nios2eds/bin/gnu/h-i686-mingw32/bin/../lib/gcc/nios2-elf/4.1.2/../../../../nios2-elf/lib\libc.a(lib_a-makebuf.o)
 .debug_aranges
                0x00000228       0x20 c:/altera/13.0sp1/nios2eds/bin/gnu/h-i686-mingw32/bin/../lib/gcc/nios2-elf/4.1.2/../../../../nios2-elf/lib\libc.a(lib_a-memset.o)
 .debug_aranges
                0x00000248       0x20 c:/altera/13.0sp1/nios2eds/bin/gnu/h-i686-mingw32/bin/../lib/gcc/nios2-elf/4.1.2/../../../../nios2-elf/lib\libc.a(lib_a-stdio.o)
 .debug_aranges
                0x00000268       0x20 c:/altera/13.0sp1/nios2eds/bin/gnu/h-i686-mingw32/bin/../lib/gcc/nios2-elf/4.1.2/../../../../nios2-elf/lib\libc.a(lib_a-writer.o)
 .debug_aranges
                0x00000288       0x20 c:/altera/13.0sp1/nios2eds/bin/gnu/h-i686-mingw32/bin/../lib/gcc/nios2-elf/4.1.2/../../../../nios2-elf/lib\libc.a(lib_a-closer.o)
 .debug_aranges
                0x000002a8       0x20 c:/altera/13.0sp1/nios2eds/bin/gnu/h-i686-mingw32/bin/../lib/gcc/nios2-elf/4.1.2/../../../../nios2-elf/lib\libc.a(lib_a-fclose.o)
 .debug_aranges
                0x000002c8       0x20 c:/altera/13.0sp1/nios2eds/bin/gnu/h-i686-mingw32/bin/../lib/gcc/nios2-elf/4.1.2/../../../../nios2-elf/lib\libc.a(lib_a-fstatr.o)
 .debug_aranges
                0x000002e8       0x20 c:/altera/13.0sp1/nios2eds/bin/gnu/h-i686-mingw32/bin/../lib/gcc/nios2-elf/4.1.2/../../../../nios2-elf/lib\libc.a(lib_a-isattyr.o)
 .debug_aranges
                0x00000308       0x20 c:/altera/13.0sp1/nios2eds/bin/gnu/h-i686-mingw32/bin/../lib/gcc/nios2-elf/4.1.2/../../../../nios2-elf/lib\libc.a(lib_a-lseekr.o)
 .debug_aranges
                0x00000328       0x20 c:/altera/13.0sp1/nios2eds/bin/gnu/h-i686-mingw32/bin/../lib/gcc/nios2-elf/4.1.2/../../../../nios2-elf/lib\libc.a(lib_a-readr.o)
 .debug_aranges
                0x00000348       0x20 ../sdcard_bsp/\libhal_bsp.a(alt_close.o)
 .debug_aranges
                0x00000368       0x20 ../sdcard_bsp/\libhal_bsp.a(alt_dev.o)
 .debug_aranges
                0x00000388       0x20 ../sdcard_bsp/\libhal_bsp.a(alt_fstat.o)
 .debug_aranges
                0x000003a8       0x20 ../sdcard_bsp/\libhal_bsp.a(alt_isatty.o)
 .debug_aranges
                0x000003c8       0x20 ../sdcard_bsp/\libhal_bsp.a(alt_load.o)
 .debug_aranges
                0x000003e8       0x20 ../sdcard_bsp/\libhal_bsp.a(alt_lseek.o)
 .debug_aranges
                0x00000408       0x20 ../sdcard_bsp/\libhal_bsp.a(alt_main.o)
 .debug_aranges
                0x00000428       0x20 ../sdcard_bsp/\libhal_bsp.a(alt_malloc_lock.o)
 .debug_aranges
                0x00000448       0x20 ../sdcard_bsp/\libhal_bsp.a(alt_read.o)
 .debug_aranges
                0x00000468       0x20 ../sdcard_bsp/\libhal_bsp.a(alt_release_fd.o)
 .debug_aranges
                0x00000488       0x20 ../sdcard_bsp/\libhal_bsp.a(alt_sbrk.o)
 .debug_aranges
                0x000004a8       0x20 ../sdcard_bsp/\libhal_bsp.a(alt_write.o)
 .debug_aranges
                0x000004c8       0x20 ../sdcard_bsp/\libhal_bsp.a(alt_sys_init.o)
 .debug_aranges
                0x000004e8       0x20 ../sdcard_bsp/\libhal_bsp.a(Altera_UP_SD_Card_Avalon_Interface.o)
 .debug_aranges
                0x00000508       0x20 ../sdcard_bsp/\libhal_bsp.a(altera_avalon_jtag_uart_fd.o)
 .debug_aranges
                0x00000528       0x20 ../sdcard_bsp/\libhal_bsp.a(altera_avalon_jtag_uart_init.o)
 .debug_aranges
                0x00000548       0x20 ../sdcard_bsp/\libhal_bsp.a(altera_avalon_jtag_uart_ioctl.o)
 .debug_aranges
                0x00000568       0x20 ../sdcard_bsp/\libhal_bsp.a(altera_avalon_jtag_uart_read.o)
 .debug_aranges
                0x00000588       0x20 ../sdcard_bsp/\libhal_bsp.a(altera_avalon_jtag_uart_write.o)
 .debug_aranges
                0x000005a8       0x20 ../sdcard_bsp/\libhal_bsp.a(altera_avalon_timer_sc.o)
 .debug_aranges
                0x000005c8       0x20 ../sdcard_bsp/\libhal_bsp.a(altera_up_avalon_character_lcd.o)
 .debug_aranges
                0x000005e8       0x20 ../sdcard_bsp/\libhal_bsp.a(altera_up_avalon_rs232.o)
 .debug_aranges
                0x00000608       0x20 ../sdcard_bsp/\libhal_bsp.a(alt_alarm_start.o)
 .debug_aranges
                0x00000628       0x20 ../sdcard_bsp/\libhal_bsp.a(alt_dcache_flush_all.o)
 .debug_aranges
                0x00000648       0x20 ../sdcard_bsp/\libhal_bsp.a(alt_dev_llist_insert.o)
 .debug_aranges
                0x00000668       0x20 ../sdcard_bsp/\libhal_bsp.a(alt_do_ctors.o)
 .debug_aranges
                0x00000688       0x20 ../sdcard_bsp/\libhal_bsp.a(alt_do_dtors.o)
 .debug_aranges
                0x000006a8       0x20 ../sdcard_bsp/\libhal_bsp.a(alt_find_dev.o)
 .debug_aranges
                0x000006c8       0x20 ../sdcard_bsp/\libhal_bsp.a(alt_icache_flush_all.o)
 .debug_aranges
                0x000006e8       0x20 ../sdcard_bsp/\libhal_bsp.a(alt_io_redirect.o)
 .debug_aranges
                0x00000708       0x20 ../sdcard_bsp/\libhal_bsp.a(alt_irq_register.o)
 .debug_aranges
                0x00000728       0x20 ../sdcard_bsp/\libhal_bsp.a(alt_open.o)
 .debug_aranges
                0x00000748       0x20 ../sdcard_bsp/\libhal_bsp.a(alt_tick.o)
 .debug_aranges
                0x00000768       0x20 ../sdcard_bsp/\libhal_bsp.a(altera_nios2_qsys_irq.o)
 .debug_aranges
                0x00000788       0x20 ../sdcard_bsp/\libhal_bsp.a(alt_find_file.o)
 .debug_aranges
                0x000007a8       0x20 ../sdcard_bsp/\libhal_bsp.a(alt_get_fd.o)
 .debug_aranges
                0x000007c8       0x20 ../sdcard_bsp/\libhal_bsp.a(alt_icache_flush.o)
 .debug_aranges
                0x000007e8       0x30 ../sdcard_bsp/\libhal_bsp.a(alt_irq_entry.o)
 .debug_aranges
                0x00000818       0x28 ../sdcard_bsp/\libhal_bsp.a(alt_irq_handler.o)
 .debug_aranges
                0x00000840       0x38 ../sdcard_bsp/\libhal_bsp.a(alt_exception_entry.o)
 .debug_aranges
                0x00000878       0x20 c:/altera/13.0sp1/nios2eds/bin/gnu/h-i686-mingw32/bin/../lib/gcc/nios2-elf/4.1.2/../../../../nios2-elf/lib\libc.a(lib_a-atexit.o)
 .debug_aranges
                0x00000898       0x20 c:/altera/13.0sp1/nios2eds/bin/gnu/h-i686-mingw32/bin/../lib/gcc/nios2-elf/4.1.2/../../../../nios2-elf/lib\libc.a(lib_a-exit.o)
 .debug_aranges
                0x000008b8       0x20 c:/altera/13.0sp1/nios2eds/bin/gnu/h-i686-mingw32/bin/../lib/gcc/nios2-elf/4.1.2/../../../../nios2-elf/lib\libc.a(lib_a-memcmp.o)
 .debug_aranges
                0x000008d8       0x20 c:/altera/13.0sp1/nios2eds/bin/gnu/h-i686-mingw32/bin/../lib/gcc/nios2-elf/4.1.2/../../../../nios2-elf/lib\libc.a(lib_a-__atexit.o)
 .debug_aranges
                0x000008f8       0x20 c:/altera/13.0sp1/nios2eds/bin/gnu/h-i686-mingw32/bin/../lib/gcc/nios2-elf/4.1.2/../../../../nios2-elf/lib\libc.a(lib_a-__call_atexit.o)
 .debug_aranges
                0x00000918       0x20 ../sdcard_bsp/\libhal_bsp.a(alt_exit.o)

.debug_pubnames
                0x00000000     0x1573
 *(.debug_pubnames)
 .debug_pubnames
                0x00000000       0x1b obj/default/hello_world.o
 .debug_pubnames
                0x0000001b       0x27 c:/altera/13.0sp1/nios2eds/bin/gnu/h-i686-mingw32/bin/../lib/gcc/nios2-elf/4.1.2/../../../../nios2-elf/lib\libc.a(lib_a-puts.o)
 .debug_pubnames
                0x00000042       0x1d c:/altera/13.0sp1/nios2eds/bin/gnu/h-i686-mingw32/bin/../lib/gcc/nios2-elf/4.1.2/../../../../nios2-elf/lib\libc.a(lib_a-strlen.o)
 .debug_pubnames
                0x0000005f       0x23 c:/altera/13.0sp1/nios2eds/bin/gnu/h-i686-mingw32/bin/../lib/gcc/nios2-elf/4.1.2/../../../../nios2-elf/lib\libc.a(lib_a-fvwrite.o)
 .debug_pubnames
                0x00000082       0x39 c:/altera/13.0sp1/nios2eds/bin/gnu/h-i686-mingw32/bin/../lib/gcc/nios2-elf/4.1.2/../../../../nios2-elf/lib\libc.a(lib_a-impure.o)
 .debug_pubnames
                0x000000bb       0xce c:/altera/13.0sp1/nios2eds/bin/gnu/h-i686-mingw32/bin/../lib/gcc/nios2-elf/4.1.2/../../../../nios2-elf/lib\libc.a(lib_a-mallocr.o)
 .debug_pubnames
                0x00000189       0x1d c:/altera/13.0sp1/nios2eds/bin/gnu/h-i686-mingw32/bin/../lib/gcc/nios2-elf/4.1.2/../../../../nios2-elf/lib\libc.a(lib_a-memchr.o)
 .debug_pubnames
                0x000001a6       0x1d c:/altera/13.0sp1/nios2eds/bin/gnu/h-i686-mingw32/bin/../lib/gcc/nios2-elf/4.1.2/../../../../nios2-elf/lib\libc.a(lib_a-memcpy.o)
 .debug_pubnames
                0x000001c3       0x1e c:/altera/13.0sp1/nios2eds/bin/gnu/h-i686-mingw32/bin/../lib/gcc/nios2-elf/4.1.2/../../../../nios2-elf/lib\libc.a(lib_a-memmove.o)
 .debug_pubnames
                0x000001e1       0x21 c:/altera/13.0sp1/nios2eds/bin/gnu/h-i686-mingw32/bin/../lib/gcc/nios2-elf/4.1.2/../../../../nios2-elf/lib\libc.a(lib_a-reallocr.o)
 .debug_pubnames
                0x00000202       0x1e c:/altera/13.0sp1/nios2eds/bin/gnu/h-i686-mingw32/bin/../lib/gcc/nios2-elf/4.1.2/../../../../nios2-elf/lib\libc.a(lib_a-sbrkr.o)
 .debug_pubnames
                0x00000220       0x22 c:/altera/13.0sp1/nios2eds/bin/gnu/h-i686-mingw32/bin/../lib/gcc/nios2-elf/4.1.2/../../../../nios2-elf/lib\libc.a(lib_a-wsetup.o)
 .debug_pubnames
                0x00000242       0x2b c:/altera/13.0sp1/nios2eds/bin/gnu/h-i686-mingw32/bin/../lib/gcc/nios2-elf/4.1.2/../../../../nios2-elf/lib\libc.a(lib_a-fflush.o)
 .debug_pubnames
                0x0000026d       0xdb c:/altera/13.0sp1/nios2eds/bin/gnu/h-i686-mingw32/bin/../lib/gcc/nios2-elf/4.1.2/../../../../nios2-elf/lib\libc.a(lib_a-findfp.o)
 .debug_pubnames
                0x00000348       0x31 c:/altera/13.0sp1/nios2eds/bin/gnu/h-i686-mingw32/bin/../lib/gcc/nios2-elf/4.1.2/../../../../nios2-elf/lib\libc.a(lib_a-freer.o)
 .debug_pubnames
                0x00000379       0x2e c:/altera/13.0sp1/nios2eds/bin/gnu/h-i686-mingw32/bin/../lib/gcc/nios2-elf/4.1.2/../../../../nios2-elf/lib\libc.a(lib_a-fwalk.o)
 .debug_pubnames
                0x000003a7       0x1c c:/altera/13.0sp1/nios2eds/bin/gnu/h-i686-mingw32/bin/../lib/gcc/nios2-elf/4.1.2/../../../../nios2-elf/lib\libc.a(lib_a-int_errno.o)
 .debug_pubnames
                0x000003c3       0x23 c:/altera/13.0sp1/nios2eds/bin/gnu/h-i686-mingw32/bin/../lib/gcc/nios2-elf/4.1.2/../../../../nios2-elf/lib\libc.a(lib_a-makebuf.o)
 .debug_pubnames
                0x000003e6       0x1d c:/altera/13.0sp1/nios2eds/bin/gnu/h-i686-mingw32/bin/../lib/gcc/nios2-elf/4.1.2/../../../../nios2-elf/lib\libc.a(lib_a-memset.o)
 .debug_pubnames
                0x00000403       0x44 c:/altera/13.0sp1/nios2eds/bin/gnu/h-i686-mingw32/bin/../lib/gcc/nios2-elf/4.1.2/../../../../nios2-elf/lib\libc.a(lib_a-stdio.o)
 .debug_pubnames
                0x00000447       0x1f c:/altera/13.0sp1/nios2eds/bin/gnu/h-i686-mingw32/bin/../lib/gcc/nios2-elf/4.1.2/../../../../nios2-elf/lib\libc.a(lib_a-writer.o)
 .debug_pubnames
                0x00000466       0x1f c:/altera/13.0sp1/nios2eds/bin/gnu/h-i686-mingw32/bin/../lib/gcc/nios2-elf/4.1.2/../../../../nios2-elf/lib\libc.a(lib_a-closer.o)
 .debug_pubnames
                0x00000485       0x2b c:/altera/13.0sp1/nios2eds/bin/gnu/h-i686-mingw32/bin/../lib/gcc/nios2-elf/4.1.2/../../../../nios2-elf/lib\libc.a(lib_a-fclose.o)
 .debug_pubnames
                0x000004b0       0x1f c:/altera/13.0sp1/nios2eds/bin/gnu/h-i686-mingw32/bin/../lib/gcc/nios2-elf/4.1.2/../../../../nios2-elf/lib\libc.a(lib_a-fstatr.o)
 .debug_pubnames
                0x000004cf       0x20 c:/altera/13.0sp1/nios2eds/bin/gnu/h-i686-mingw32/bin/../lib/gcc/nios2-elf/4.1.2/../../../../nios2-elf/lib\libc.a(lib_a-isattyr.o)
 .debug_pubnames
                0x000004ef       0x1f c:/altera/13.0sp1/nios2eds/bin/gnu/h-i686-mingw32/bin/../lib/gcc/nios2-elf/4.1.2/../../../../nios2-elf/lib\libc.a(lib_a-lseekr.o)
 .debug_pubnames
                0x0000050e       0x1e c:/altera/13.0sp1/nios2eds/bin/gnu/h-i686-mingw32/bin/../lib/gcc/nios2-elf/4.1.2/../../../../nios2-elf/lib\libc.a(lib_a-readr.o)
 .debug_pubnames
                0x0000052c       0x1c ../sdcard_bsp/\libhal_bsp.a(alt_close.o)
 .debug_pubnames
                0x00000548       0x63 ../sdcard_bsp/\libhal_bsp.a(alt_dev.o)
 .debug_pubnames
                0x000005ab       0x20 ../sdcard_bsp/\libhal_bsp.a(alt_errno.o)
 .debug_pubnames
                0x000005cb       0x1c ../sdcard_bsp/\libhal_bsp.a(alt_fstat.o)
 .debug_pubnames
                0x000005e7       0x1d ../sdcard_bsp/\libhal_bsp.a(alt_isatty.o)
 .debug_pubnames
                0x00000604       0x1f ../sdcard_bsp/\libhal_bsp.a(alt_load.o)
 .debug_pubnames
                0x00000623       0x1c ../sdcard_bsp/\libhal_bsp.a(alt_lseek.o)
 .debug_pubnames
                0x0000063f       0x46 ../sdcard_bsp/\libhal_bsp.a(alt_main.o)
 .debug_pubnames
                0x00000685       0x38 ../sdcard_bsp/\libhal_bsp.a(alt_malloc_lock.o)
 .debug_pubnames
                0x000006bd       0x1b ../sdcard_bsp/\libhal_bsp.a(alt_read.o)
 .debug_pubnames
                0x000006d8       0x25 ../sdcard_bsp/\libhal_bsp.a(alt_release_fd.o)
 .debug_pubnames
                0x000006fd       0x1b ../sdcard_bsp/\libhal_bsp.a(alt_sbrk.o)
 .debug_pubnames
                0x00000718       0x1c ../sdcard_bsp/\libhal_bsp.a(alt_write.o)
 .debug_pubnames
                0x00000734       0x34 ../sdcard_bsp/\libhal_bsp.a(alt_sys_init.o)
 .debug_pubnames
                0x00000768      0x564 ../sdcard_bsp/\libhal_bsp.a(Altera_UP_SD_Card_Avalon_Interface.o)
 .debug_pubnames
                0x00000ccc       0xa5 ../sdcard_bsp/\libhal_bsp.a(altera_avalon_jtag_uart_fd.o)
 .debug_pubnames
                0x00000d71       0x55 ../sdcard_bsp/\libhal_bsp.a(altera_avalon_jtag_uart_init.o)
 .debug_pubnames
                0x00000dc6       0x34 ../sdcard_bsp/\libhal_bsp.a(altera_avalon_jtag_uart_ioctl.o)
 .debug_pubnames
                0x00000dfa       0x33 ../sdcard_bsp/\libhal_bsp.a(altera_avalon_jtag_uart_read.o)
 .debug_pubnames
                0x00000e2d       0x34 ../sdcard_bsp/\libhal_bsp.a(altera_avalon_jtag_uart_write.o)
 .debug_pubnames
                0x00000e61       0x2f ../sdcard_bsp/\libhal_bsp.a(altera_avalon_timer_sc.o)
 .debug_pubnames
                0x00000e90      0x1cd ../sdcard_bsp/\libhal_bsp.a(altera_up_avalon_character_lcd.o)
 .debug_pubnames
                0x0000105d      0x163 ../sdcard_bsp/\libhal_bsp.a(altera_up_avalon_rs232.o)
 .debug_pubnames
                0x000011c0       0x26 ../sdcard_bsp/\libhal_bsp.a(alt_alarm_start.o)
 .debug_pubnames
                0x000011e6       0x2b ../sdcard_bsp/\libhal_bsp.a(alt_dcache_flush_all.o)
 .debug_pubnames
                0x00001211       0x2b ../sdcard_bsp/\libhal_bsp.a(alt_dev_llist_insert.o)
 .debug_pubnames
                0x0000123c       0x20 ../sdcard_bsp/\libhal_bsp.a(alt_do_ctors.o)
 .debug_pubnames
                0x0000125c       0x20 ../sdcard_bsp/\libhal_bsp.a(alt_do_dtors.o)
 .debug_pubnames
                0x0000127c       0x23 ../sdcard_bsp/\libhal_bsp.a(alt_find_dev.o)
 .debug_pubnames
                0x0000129f       0x2b ../sdcard_bsp/\libhal_bsp.a(alt_icache_flush_all.o)
 .debug_pubnames
                0x000012ca       0x26 ../sdcard_bsp/\libhal_bsp.a(alt_io_redirect.o)
 .debug_pubnames
                0x000012f0       0x27 ../sdcard_bsp/\libhal_bsp.a(alt_irq_register.o)
 .debug_pubnames
                0x00001317       0x3b ../sdcard_bsp/\libhal_bsp.a(alt_irq_vars.o)
 .debug_pubnames
                0x00001352       0x1b ../sdcard_bsp/\libhal_bsp.a(alt_open.o)
 .debug_pubnames
                0x0000136d       0x68 ../sdcard_bsp/\libhal_bsp.a(alt_tick.o)
 .debug_pubnames
                0x000013d5       0x31 ../sdcard_bsp/\libhal_bsp.a(altera_nios2_qsys_irq.o)
 .debug_pubnames
                0x00001406       0x24 ../sdcard_bsp/\libhal_bsp.a(alt_find_file.o)
 .debug_pubnames
                0x0000142a       0x21 ../sdcard_bsp/\libhal_bsp.a(alt_get_fd.o)
 .debug_pubnames
                0x0000144b       0x27 ../sdcard_bsp/\libhal_bsp.a(alt_icache_flush.o)
 .debug_pubnames
                0x00001472       0x32 ../sdcard_bsp/\libhal_bsp.a(alt_irq_handler.o)
 .debug_pubnames
                0x000014a4       0x2a c:/altera/13.0sp1/nios2eds/bin/gnu/h-i686-mingw32/bin/../lib/gcc/nios2-elf/4.1.2/../../../../nios2-elf/lib\libc.a(lib_a-atexit.o)
 .debug_pubnames
                0x000014ce       0x1b c:/altera/13.0sp1/nios2eds/bin/gnu/h-i686-mingw32/bin/../lib/gcc/nios2-elf/4.1.2/../../../../nios2-elf/lib\libc.a(lib_a-exit.o)
 .debug_pubnames
                0x000014e9       0x1d c:/altera/13.0sp1/nios2eds/bin/gnu/h-i686-mingw32/bin/../lib/gcc/nios2-elf/4.1.2/../../../../nios2-elf/lib\libc.a(lib_a-memcmp.o)
 .debug_pubnames
                0x00001506       0x2a c:/altera/13.0sp1/nios2eds/bin/gnu/h-i686-mingw32/bin/../lib/gcc/nios2-elf/4.1.2/../../../../nios2-elf/lib\libc.a(lib_a-__atexit.o)
 .debug_pubnames
                0x00001530       0x27 c:/altera/13.0sp1/nios2eds/bin/gnu/h-i686-mingw32/bin/../lib/gcc/nios2-elf/4.1.2/../../../../nios2-elf/lib\libc.a(lib_a-__call_atexit.o)
 .debug_pubnames
                0x00001557       0x1c ../sdcard_bsp/\libhal_bsp.a(alt_exit.o)

.debug_info     0x00000000    0x1d124
 *(.debug_info .gnu.linkonce.wi.*)
 .debug_info    0x00000000       0x89 ../sdcard_bsp//obj/HAL/src/crt0.o
 .debug_info    0x00000089      0x431 obj/default/hello_world.o
 .debug_info    0x000004ba      0xa25 c:/altera/13.0sp1/nios2eds/bin/gnu/h-i686-mingw32/bin/../lib/gcc/nios2-elf/4.1.2/../../../../nios2-elf/lib\libc.a(lib_a-puts.o)
 .debug_info    0x00000edf       0xdb c:/altera/13.0sp1/nios2eds/bin/gnu/h-i686-mingw32/bin/../lib/gcc/nios2-elf/4.1.2/../../../../nios2-elf/lib\libc.a(lib_a-strlen.o)
 .debug_info    0x00000fba      0xa88 c:/altera/13.0sp1/nios2eds/bin/gnu/h-i686-mingw32/bin/../lib/gcc/nios2-elf/4.1.2/../../../../nios2-elf/lib\libc.a(lib_a-fvwrite.o)
 .debug_info    0x00001a42      0x93d c:/altera/13.0sp1/nios2eds/bin/gnu/h-i686-mingw32/bin/../lib/gcc/nios2-elf/4.1.2/../../../../nios2-elf/lib\libc.a(lib_a-impure.o)
 .debug_info    0x0000237f      0xcd0 c:/altera/13.0sp1/nios2eds/bin/gnu/h-i686-mingw32/bin/../lib/gcc/nios2-elf/4.1.2/../../../../nios2-elf/lib\libc.a(lib_a-mallocr.o)
 .debug_info    0x0000304f      0x138 c:/altera/13.0sp1/nios2eds/bin/gnu/h-i686-mingw32/bin/../lib/gcc/nios2-elf/4.1.2/../../../../nios2-elf/lib\libc.a(lib_a-memchr.o)
 .debug_info    0x00003187      0x106 c:/altera/13.0sp1/nios2eds/bin/gnu/h-i686-mingw32/bin/../lib/gcc/nios2-elf/4.1.2/../../../../nios2-elf/lib\libc.a(lib_a-memcpy.o)
 .debug_info    0x0000328d      0x13e c:/altera/13.0sp1/nios2eds/bin/gnu/h-i686-mingw32/bin/../lib/gcc/nios2-elf/4.1.2/../../../../nios2-elf/lib\libc.a(lib_a-memmove.o)
 .debug_info    0x000033cb      0xbd7 c:/altera/13.0sp1/nios2eds/bin/gnu/h-i686-mingw32/bin/../lib/gcc/nios2-elf/4.1.2/../../../../nios2-elf/lib\libc.a(lib_a-reallocr.o)
 .debug_info    0x00003fa2      0x962 c:/altera/13.0sp1/nios2eds/bin/gnu/h-i686-mingw32/bin/../lib/gcc/nios2-elf/4.1.2/../../../../nios2-elf/lib\libc.a(lib_a-sbrkr.o)
 .debug_info    0x00004904      0x95d c:/altera/13.0sp1/nios2eds/bin/gnu/h-i686-mingw32/bin/../lib/gcc/nios2-elf/4.1.2/../../../../nios2-elf/lib\libc.a(lib_a-wsetup.o)
 .debug_info    0x00005261      0x9fe c:/altera/13.0sp1/nios2eds/bin/gnu/h-i686-mingw32/bin/../lib/gcc/nios2-elf/4.1.2/../../../../nios2-elf/lib\libc.a(lib_a-fflush.o)
 .debug_info    0x00005c5f      0xb72 c:/altera/13.0sp1/nios2eds/bin/gnu/h-i686-mingw32/bin/../lib/gcc/nios2-elf/4.1.2/../../../../nios2-elf/lib\libc.a(lib_a-findfp.o)
 .debug_info    0x000067d1      0xbc9 c:/altera/13.0sp1/nios2eds/bin/gnu/h-i686-mingw32/bin/../lib/gcc/nios2-elf/4.1.2/../../../../nios2-elf/lib\libc.a(lib_a-freer.o)
 .debug_info    0x0000739a      0xaed c:/altera/13.0sp1/nios2eds/bin/gnu/h-i686-mingw32/bin/../lib/gcc/nios2-elf/4.1.2/../../../../nios2-elf/lib\libc.a(lib_a-fwalk.o)
 .debug_info    0x00007e87       0x8c c:/altera/13.0sp1/nios2eds/bin/gnu/h-i686-mingw32/bin/../lib/gcc/nios2-elf/4.1.2/../../../../nios2-elf/lib\libc.a(lib_a-int_errno.o)
 .debug_info    0x00007f13      0xb1a c:/altera/13.0sp1/nios2eds/bin/gnu/h-i686-mingw32/bin/../lib/gcc/nios2-elf/4.1.2/../../../../nios2-elf/lib\libc.a(lib_a-makebuf.o)
 .debug_info    0x00008a2d      0x113 c:/altera/13.0sp1/nios2eds/bin/gnu/h-i686-mingw32/bin/../lib/gcc/nios2-elf/4.1.2/../../../../nios2-elf/lib\libc.a(lib_a-memset.o)
 .debug_info    0x00008b40      0xaac c:/altera/13.0sp1/nios2eds/bin/gnu/h-i686-mingw32/bin/../lib/gcc/nios2-elf/4.1.2/../../../../nios2-elf/lib\libc.a(lib_a-stdio.o)
 .debug_info    0x000095ec      0x993 c:/altera/13.0sp1/nios2eds/bin/gnu/h-i686-mingw32/bin/../lib/gcc/nios2-elf/4.1.2/../../../../nios2-elf/lib\libc.a(lib_a-writer.o)
 .debug_info    0x00009f7f      0x958 c:/altera/13.0sp1/nios2eds/bin/gnu/h-i686-mingw32/bin/../lib/gcc/nios2-elf/4.1.2/../../../../nios2-elf/lib\libc.a(lib_a-closer.o)
 .debug_info    0x0000a8d7      0x994 c:/altera/13.0sp1/nios2eds/bin/gnu/h-i686-mingw32/bin/../lib/gcc/nios2-elf/4.1.2/../../../../nios2-elf/lib\libc.a(lib_a-fclose.o)
 .debug_info    0x0000b26b      0xafc c:/altera/13.0sp1/nios2eds/bin/gnu/h-i686-mingw32/bin/../lib/gcc/nios2-elf/4.1.2/../../../../nios2-elf/lib\libc.a(lib_a-fstatr.o)
 .debug_info    0x0000bd67      0x958 c:/altera/13.0sp1/nios2eds/bin/gnu/h-i686-mingw32/bin/../lib/gcc/nios2-elf/4.1.2/../../../../nios2-elf/lib\libc.a(lib_a-isattyr.o)
 .debug_info    0x0000c6bf      0x981 c:/altera/13.0sp1/nios2eds/bin/gnu/h-i686-mingw32/bin/../lib/gcc/nios2-elf/4.1.2/../../../../nios2-elf/lib\libc.a(lib_a-lseekr.o)
 .debug_info    0x0000d040      0x98c c:/altera/13.0sp1/nios2eds/bin/gnu/h-i686-mingw32/bin/../lib/gcc/nios2-elf/4.1.2/../../../../nios2-elf/lib\libc.a(lib_a-readr.o)
 .debug_info    0x0000d9cc      0x475 ../sdcard_bsp/\libhal_bsp.a(alt_close.o)
 .debug_info    0x0000de41      0x68d ../sdcard_bsp/\libhal_bsp.a(alt_dev.o)
 .debug_info    0x0000e4ce      0x172 ../sdcard_bsp/\libhal_bsp.a(alt_errno.o)
 .debug_info    0x0000e640      0x66e ../sdcard_bsp/\libhal_bsp.a(alt_fstat.o)
 .debug_info    0x0000ecae      0x674 ../sdcard_bsp/\libhal_bsp.a(alt_isatty.o)
 .debug_info    0x0000f322      0x29b ../sdcard_bsp/\libhal_bsp.a(alt_load.o)
 .debug_info    0x0000f5bd      0x4a8 ../sdcard_bsp/\libhal_bsp.a(alt_lseek.o)
 .debug_info    0x0000fa65      0x27a ../sdcard_bsp/\libhal_bsp.a(alt_main.o)
 .debug_info    0x0000fcdf      0xc26 ../sdcard_bsp/\libhal_bsp.a(alt_malloc_lock.o)
 .debug_info    0x00010905      0x698 ../sdcard_bsp/\libhal_bsp.a(alt_read.o)
 .debug_info    0x00010f9d      0x400 ../sdcard_bsp/\libhal_bsp.a(alt_release_fd.o)
 .debug_info    0x0001139d      0x30c ../sdcard_bsp/\libhal_bsp.a(alt_sbrk.o)
 .debug_info    0x000116a9      0x6a1 ../sdcard_bsp/\libhal_bsp.a(alt_write.o)
 .debug_info    0x00011d4a      0x866 ../sdcard_bsp/\libhal_bsp.a(alt_sys_init.o)
 .debug_info    0x000125b0     0x21ad ../sdcard_bsp/\libhal_bsp.a(Altera_UP_SD_Card_Avalon_Interface.o)
 .debug_info    0x0001475d      0x7e7 ../sdcard_bsp/\libhal_bsp.a(altera_avalon_jtag_uart_fd.o)
 .debug_info    0x00014f44      0x64f ../sdcard_bsp/\libhal_bsp.a(altera_avalon_jtag_uart_init.o)
 .debug_info    0x00015593      0x451 ../sdcard_bsp/\libhal_bsp.a(altera_avalon_jtag_uart_ioctl.o)
 .debug_info    0x000159e4      0x587 ../sdcard_bsp/\libhal_bsp.a(altera_avalon_jtag_uart_read.o)
 .debug_info    0x00015f6b      0x57f ../sdcard_bsp/\libhal_bsp.a(altera_avalon_jtag_uart_write.o)
 .debug_info    0x000164ea      0x3d9 ../sdcard_bsp/\libhal_bsp.a(altera_avalon_timer_sc.o)
 .debug_info    0x000168c3      0x8f7 ../sdcard_bsp/\libhal_bsp.a(altera_up_avalon_character_lcd.o)
 .debug_info    0x000171ba      0x7ed ../sdcard_bsp/\libhal_bsp.a(altera_up_avalon_rs232.o)
 .debug_info    0x000179a7      0x483 ../sdcard_bsp/\libhal_bsp.a(alt_alarm_start.o)
 .debug_info    0x00017e2a      0x17d ../sdcard_bsp/\libhal_bsp.a(alt_dcache_flush_all.o)
 .debug_info    0x00017fa7      0x2c5 ../sdcard_bsp/\libhal_bsp.a(alt_dev_llist_insert.o)
 .debug_info    0x0001826c      0x11d ../sdcard_bsp/\libhal_bsp.a(alt_do_ctors.o)
 .debug_info    0x00018389      0x11c ../sdcard_bsp/\libhal_bsp.a(alt_do_dtors.o)
 .debug_info    0x000184a5      0x426 ../sdcard_bsp/\libhal_bsp.a(alt_find_dev.o)
 .debug_info    0x000188cb      0x16a ../sdcard_bsp/\libhal_bsp.a(alt_icache_flush_all.o)
 .debug_info    0x00018a35      0x6a3 ../sdcard_bsp/\libhal_bsp.a(alt_io_redirect.o)
 .debug_info    0x000190d8      0x43d ../sdcard_bsp/\libhal_bsp.a(alt_irq_register.o)
 .debug_info    0x00019515      0x175 ../sdcard_bsp/\libhal_bsp.a(alt_irq_vars.o)
 .debug_info    0x0001968a      0x533 ../sdcard_bsp/\libhal_bsp.a(alt_open.o)
 .debug_info    0x00019bbd      0x43f ../sdcard_bsp/\libhal_bsp.a(alt_tick.o)
 .debug_info    0x00019ffc      0x1b8 ../sdcard_bsp/\libhal_bsp.a(altera_nios2_qsys_irq.o)
 .debug_info    0x0001a1b4      0x42d ../sdcard_bsp/\libhal_bsp.a(alt_find_file.o)
 .debug_info    0x0001a5e1      0x46e ../sdcard_bsp/\libhal_bsp.a(alt_get_fd.o)
 .debug_info    0x0001aa4f      0x1b2 ../sdcard_bsp/\libhal_bsp.a(alt_icache_flush.o)
 .debug_info    0x0001ac01       0x92 ../sdcard_bsp/\libhal_bsp.a(alt_irq_entry.o)
 .debug_info    0x0001ac93      0x2c0 ../sdcard_bsp/\libhal_bsp.a(alt_irq_handler.o)
 .debug_info    0x0001af53       0x98 ../sdcard_bsp/\libhal_bsp.a(alt_exception_entry.o)
 .debug_info    0x0001afeb      0x181 c:/altera/13.0sp1/nios2eds/bin/gnu/h-i686-mingw32/bin/../lib/gcc/nios2-elf/4.1.2/../../../../nios2-elf/lib\libc.a(lib_a-atexit.o)
 .debug_info    0x0001b16c      0x93f c:/altera/13.0sp1/nios2eds/bin/gnu/h-i686-mingw32/bin/../lib/gcc/nios2-elf/4.1.2/../../../../nios2-elf/lib\libc.a(lib_a-exit.o)
 .debug_info    0x0001baab      0x115 c:/altera/13.0sp1/nios2eds/bin/gnu/h-i686-mingw32/bin/../lib/gcc/nios2-elf/4.1.2/../../../../nios2-elf/lib\libc.a(lib_a-memcmp.o)
 .debug_info    0x0001bbc0      0x99c c:/altera/13.0sp1/nios2eds/bin/gnu/h-i686-mingw32/bin/../lib/gcc/nios2-elf/4.1.2/../../../../nios2-elf/lib\libc.a(lib_a-__atexit.o)
 .debug_info    0x0001c55c      0x9e2 c:/altera/13.0sp1/nios2eds/bin/gnu/h-i686-mingw32/bin/../lib/gcc/nios2-elf/4.1.2/../../../../nios2-elf/lib\libc.a(lib_a-__call_atexit.o)
 .debug_info    0x0001cf3e      0x1e6 ../sdcard_bsp/\libhal_bsp.a(alt_exit.o)

.debug_abbrev   0x00000000     0x5394
 *(.debug_abbrev)
 .debug_abbrev  0x00000000       0x12 ../sdcard_bsp//obj/HAL/src/crt0.o
 .debug_abbrev  0x00000012       0xdc obj/default/hello_world.o
 .debug_abbrev  0x000000ee      0x1ac c:/altera/13.0sp1/nios2eds/bin/gnu/h-i686-mingw32/bin/../lib/gcc/nios2-elf/4.1.2/../../../../nios2-elf/lib\libc.a(lib_a-puts.o)
 .debug_abbrev  0x0000029a       0x8b c:/altera/13.0sp1/nios2eds/bin/gnu/h-i686-mingw32/bin/../lib/gcc/nios2-elf/4.1.2/../../../../nios2-elf/lib\libc.a(lib_a-strlen.o)
 .debug_abbrev  0x00000325      0x1a3 c:/altera/13.0sp1/nios2eds/bin/gnu/h-i686-mingw32/bin/../lib/gcc/nios2-elf/4.1.2/../../../../nios2-elf/lib\libc.a(lib_a-fvwrite.o)
 .debug_abbrev  0x000004c8      0x157 c:/altera/13.0sp1/nios2eds/bin/gnu/h-i686-mingw32/bin/../lib/gcc/nios2-elf/4.1.2/../../../../nios2-elf/lib\libc.a(lib_a-impure.o)
 .debug_abbrev  0x0000061f      0x216 c:/altera/13.0sp1/nios2eds/bin/gnu/h-i686-mingw32/bin/../lib/gcc/nios2-elf/4.1.2/../../../../nios2-elf/lib\libc.a(lib_a-mallocr.o)
 .debug_abbrev  0x00000835       0xb5 c:/altera/13.0sp1/nios2eds/bin/gnu/h-i686-mingw32/bin/../lib/gcc/nios2-elf/4.1.2/../../../../nios2-elf/lib\libc.a(lib_a-memchr.o)
 .debug_abbrev  0x000008ea       0xb5 c:/altera/13.0sp1/nios2eds/bin/gnu/h-i686-mingw32/bin/../lib/gcc/nios2-elf/4.1.2/../../../../nios2-elf/lib\libc.a(lib_a-memcpy.o)
 .debug_abbrev  0x0000099f       0xb5 c:/altera/13.0sp1/nios2eds/bin/gnu/h-i686-mingw32/bin/../lib/gcc/nios2-elf/4.1.2/../../../../nios2-elf/lib\libc.a(lib_a-memmove.o)
 .debug_abbrev  0x00000a54      0x1c3 c:/altera/13.0sp1/nios2eds/bin/gnu/h-i686-mingw32/bin/../lib/gcc/nios2-elf/4.1.2/../../../../nios2-elf/lib\libc.a(lib_a-reallocr.o)
 .debug_abbrev  0x00000c17      0x18c c:/altera/13.0sp1/nios2eds/bin/gnu/h-i686-mingw32/bin/../lib/gcc/nios2-elf/4.1.2/../../../../nios2-elf/lib\libc.a(lib_a-sbrkr.o)
 .debug_abbrev  0x00000da3      0x170 c:/altera/13.0sp1/nios2eds/bin/gnu/h-i686-mingw32/bin/../lib/gcc/nios2-elf/4.1.2/../../../../nios2-elf/lib\libc.a(lib_a-wsetup.o)
 .debug_abbrev  0x00000f13      0x1c6 c:/altera/13.0sp1/nios2eds/bin/gnu/h-i686-mingw32/bin/../lib/gcc/nios2-elf/4.1.2/../../../../nios2-elf/lib\libc.a(lib_a-fflush.o)
 .debug_abbrev  0x000010d9      0x24c c:/altera/13.0sp1/nios2eds/bin/gnu/h-i686-mingw32/bin/../lib/gcc/nios2-elf/4.1.2/../../../../nios2-elf/lib\libc.a(lib_a-findfp.o)
 .debug_abbrev  0x00001325      0x1d9 c:/altera/13.0sp1/nios2eds/bin/gnu/h-i686-mingw32/bin/../lib/gcc/nios2-elf/4.1.2/../../../../nios2-elf/lib\libc.a(lib_a-freer.o)
 .debug_abbrev  0x000014fe      0x1e3 c:/altera/13.0sp1/nios2eds/bin/gnu/h-i686-mingw32/bin/../lib/gcc/nios2-elf/4.1.2/../../../../nios2-elf/lib\libc.a(lib_a-fwalk.o)
 .debug_abbrev  0x000016e1       0x3b c:/altera/13.0sp1/nios2eds/bin/gnu/h-i686-mingw32/bin/../lib/gcc/nios2-elf/4.1.2/../../../../nios2-elf/lib\libc.a(lib_a-int_errno.o)
 .debug_abbrev  0x0000171c      0x197 c:/altera/13.0sp1/nios2eds/bin/gnu/h-i686-mingw32/bin/../lib/gcc/nios2-elf/4.1.2/../../../../nios2-elf/lib\libc.a(lib_a-makebuf.o)
 .debug_abbrev  0x000018b3       0xb8 c:/altera/13.0sp1/nios2eds/bin/gnu/h-i686-mingw32/bin/../lib/gcc/nios2-elf/4.1.2/../../../../nios2-elf/lib\libc.a(lib_a-memset.o)
 .debug_abbrev  0x0000196b      0x1c9 c:/altera/13.0sp1/nios2eds/bin/gnu/h-i686-mingw32/bin/../lib/gcc/nios2-elf/4.1.2/../../../../nios2-elf/lib\libc.a(lib_a-stdio.o)
 .debug_abbrev  0x00001b34      0x184 c:/altera/13.0sp1/nios2eds/bin/gnu/h-i686-mingw32/bin/../lib/gcc/nios2-elf/4.1.2/../../../../nios2-elf/lib\libc.a(lib_a-writer.o)
 .debug_abbrev  0x00001cb8      0x17f c:/altera/13.0sp1/nios2eds/bin/gnu/h-i686-mingw32/bin/../lib/gcc/nios2-elf/4.1.2/../../../../nios2-elf/lib\libc.a(lib_a-closer.o)
 .debug_abbrev  0x00001e37      0x1a7 c:/altera/13.0sp1/nios2eds/bin/gnu/h-i686-mingw32/bin/../lib/gcc/nios2-elf/4.1.2/../../../../nios2-elf/lib\libc.a(lib_a-fclose.o)
 .debug_abbrev  0x00001fde      0x18e c:/altera/13.0sp1/nios2eds/bin/gnu/h-i686-mingw32/bin/../lib/gcc/nios2-elf/4.1.2/../../../../nios2-elf/lib\libc.a(lib_a-fstatr.o)
 .debug_abbrev  0x0000216c      0x17f c:/altera/13.0sp1/nios2eds/bin/gnu/h-i686-mingw32/bin/../lib/gcc/nios2-elf/4.1.2/../../../../nios2-elf/lib\libc.a(lib_a-isattyr.o)
 .debug_abbrev  0x000022eb      0x18e c:/altera/13.0sp1/nios2eds/bin/gnu/h-i686-mingw32/bin/../lib/gcc/nios2-elf/4.1.2/../../../../nios2-elf/lib\libc.a(lib_a-lseekr.o)
 .debug_abbrev  0x00002479      0x17f c:/altera/13.0sp1/nios2eds/bin/gnu/h-i686-mingw32/bin/../lib/gcc/nios2-elf/4.1.2/../../../../nios2-elf/lib\libc.a(lib_a-readr.o)
 .debug_abbrev  0x000025f8       0xfb ../sdcard_bsp/\libhal_bsp.a(alt_close.o)
 .debug_abbrev  0x000026f3       0xc7 ../sdcard_bsp/\libhal_bsp.a(alt_dev.o)
 .debug_abbrev  0x000027ba       0x5e ../sdcard_bsp/\libhal_bsp.a(alt_errno.o)
 .debug_abbrev  0x00002818       0xfb ../sdcard_bsp/\libhal_bsp.a(alt_fstat.o)
 .debug_abbrev  0x00002913       0xfb ../sdcard_bsp/\libhal_bsp.a(alt_isatty.o)
 .debug_abbrev  0x00002a0e       0x88 ../sdcard_bsp/\libhal_bsp.a(alt_load.o)
 .debug_abbrev  0x00002a96       0xfb ../sdcard_bsp/\libhal_bsp.a(alt_lseek.o)
 .debug_abbrev  0x00002b91       0xbe ../sdcard_bsp/\libhal_bsp.a(alt_main.o)
 .debug_abbrev  0x00002c4f      0x181 ../sdcard_bsp/\libhal_bsp.a(alt_malloc_lock.o)
 .debug_abbrev  0x00002dd0       0xfb ../sdcard_bsp/\libhal_bsp.a(alt_read.o)
 .debug_abbrev  0x00002ecb       0xc1 ../sdcard_bsp/\libhal_bsp.a(alt_release_fd.o)
 .debug_abbrev  0x00002f8c      0x11c ../sdcard_bsp/\libhal_bsp.a(alt_sbrk.o)
 .debug_abbrev  0x000030a8      0x100 ../sdcard_bsp/\libhal_bsp.a(alt_write.o)
 .debug_abbrev  0x000031a8      0x15e ../sdcard_bsp/\libhal_bsp.a(alt_sys_init.o)